Archive member included to satisfy reference by file (symbol)

/Applications/STM32CubeIDE.app/Contents/Eclipse/plugins/com.st.stm32cube.ide.mcu.externaltools.gnu-tools-for-stm32.10.3-2021.10.macos64_1.0.0.202111181127/tools/bin/../lib/gcc/arm-none-eabi/10.3.1/../../../../arm-none-eabi/lib/thumb/v7e-m+fp/hard/libc_nano.a(lib_a-errno.o)
                              ./Core/Src/syscalls.o (__errno)
/Applications/STM32CubeIDE.app/Contents/Eclipse/plugins/com.st.stm32cube.ide.mcu.externaltools.gnu-tools-for-stm32.10.3-2021.10.macos64_1.0.0.202111181127/tools/bin/../lib/gcc/arm-none-eabi/10.3.1/../../../../arm-none-eabi/lib/thumb/v7e-m+fp/hard/libc_nano.a(lib_a-exit.o)
                              /Applications/STM32CubeIDE.app/Contents/Eclipse/plugins/com.st.stm32cube.ide.mcu.externaltools.gnu-tools-for-stm32.10.3-2021.10.macos64_1.0.0.202111181127/tools/bin/../lib/gcc/arm-none-eabi/10.3.1/../../../../arm-none-eabi/lib/thumb/v7e-m+fp/hard/crt0.o (exit)
/Applications/STM32CubeIDE.app/Contents/Eclipse/plugins/com.st.stm32cube.ide.mcu.externaltools.gnu-tools-for-stm32.10.3-2021.10.macos64_1.0.0.202111181127/tools/bin/../lib/gcc/arm-none-eabi/10.3.1/../../../../arm-none-eabi/lib/thumb/v7e-m+fp/hard/libc_nano.a(lib_a-impure.o)
                              /Applications/STM32CubeIDE.app/Contents/Eclipse/plugins/com.st.stm32cube.ide.mcu.externaltools.gnu-tools-for-stm32.10.3-2021.10.macos64_1.0.0.202111181127/tools/bin/../lib/gcc/arm-none-eabi/10.3.1/../../../../arm-none-eabi/lib/thumb/v7e-m+fp/hard/libc_nano.a(lib_a-exit.o) (_global_impure_ptr)
/Applications/STM32CubeIDE.app/Contents/Eclipse/plugins/com.st.stm32cube.ide.mcu.externaltools.gnu-tools-for-stm32.10.3-2021.10.macos64_1.0.0.202111181127/tools/bin/../lib/gcc/arm-none-eabi/10.3.1/../../../../arm-none-eabi/lib/thumb/v7e-m+fp/hard/libc_nano.a(lib_a-init.o)
                              /Applications/STM32CubeIDE.app/Contents/Eclipse/plugins/com.st.stm32cube.ide.mcu.externaltools.gnu-tools-for-stm32.10.3-2021.10.macos64_1.0.0.202111181127/tools/bin/../lib/gcc/arm-none-eabi/10.3.1/../../../../arm-none-eabi/lib/thumb/v7e-m+fp/hard/crt0.o (__libc_init_array)
/Applications/STM32CubeIDE.app/Contents/Eclipse/plugins/com.st.stm32cube.ide.mcu.externaltools.gnu-tools-for-stm32.10.3-2021.10.macos64_1.0.0.202111181127/tools/bin/../lib/gcc/arm-none-eabi/10.3.1/../../../../arm-none-eabi/lib/thumb/v7e-m+fp/hard/libc_nano.a(lib_a-memset.o)
                              /Applications/STM32CubeIDE.app/Contents/Eclipse/plugins/com.st.stm32cube.ide.mcu.externaltools.gnu-tools-for-stm32.10.3-2021.10.macos64_1.0.0.202111181127/tools/bin/../lib/gcc/arm-none-eabi/10.3.1/../../../../arm-none-eabi/lib/thumb/v7e-m+fp/hard/crt0.o (memset)
/Applications/STM32CubeIDE.app/Contents/Eclipse/plugins/com.st.stm32cube.ide.mcu.externaltools.gnu-tools-for-stm32.10.3-2021.10.macos64_1.0.0.202111181127/tools/bin/../lib/gcc/arm-none-eabi/10.3.1/../../../../arm-none-eabi/lib/thumb/v7e-m+fp/hard/libm.a(lib_a-w_pow.o)
                              ./Core/Src/IMU.o (pow)
/Applications/STM32CubeIDE.app/Contents/Eclipse/plugins/com.st.stm32cube.ide.mcu.externaltools.gnu-tools-for-stm32.10.3-2021.10.macos64_1.0.0.202111181127/tools/bin/../lib/gcc/arm-none-eabi/10.3.1/../../../../arm-none-eabi/lib/thumb/v7e-m+fp/hard/libm.a(lib_a-e_pow.o)
                              /Applications/STM32CubeIDE.app/Contents/Eclipse/plugins/com.st.stm32cube.ide.mcu.externaltools.gnu-tools-for-stm32.10.3-2021.10.macos64_1.0.0.202111181127/tools/bin/../lib/gcc/arm-none-eabi/10.3.1/../../../../arm-none-eabi/lib/thumb/v7e-m+fp/hard/libm.a(lib_a-w_pow.o) (__ieee754_pow)
/Applications/STM32CubeIDE.app/Contents/Eclipse/plugins/com.st.stm32cube.ide.mcu.externaltools.gnu-tools-for-stm32.10.3-2021.10.macos64_1.0.0.202111181127/tools/bin/../lib/gcc/arm-none-eabi/10.3.1/../../../../arm-none-eabi/lib/thumb/v7e-m+fp/hard/libm.a(lib_a-e_sqrt.o)
                              /Applications/STM32CubeIDE.app/Contents/Eclipse/plugins/com.st.stm32cube.ide.mcu.externaltools.gnu-tools-for-stm32.10.3-2021.10.macos64_1.0.0.202111181127/tools/bin/../lib/gcc/arm-none-eabi/10.3.1/../../../../arm-none-eabi/lib/thumb/v7e-m+fp/hard/libm.a(lib_a-e_pow.o) (__ieee754_sqrt)
/Applications/STM32CubeIDE.app/Contents/Eclipse/plugins/com.st.stm32cube.ide.mcu.externaltools.gnu-tools-for-stm32.10.3-2021.10.macos64_1.0.0.202111181127/tools/bin/../lib/gcc/arm-none-eabi/10.3.1/../../../../arm-none-eabi/lib/thumb/v7e-m+fp/hard/libm.a(lib_a-math_err.o)
                              /Applications/STM32CubeIDE.app/Contents/Eclipse/plugins/com.st.stm32cube.ide.mcu.externaltools.gnu-tools-for-stm32.10.3-2021.10.macos64_1.0.0.202111181127/tools/bin/../lib/gcc/arm-none-eabi/10.3.1/../../../../arm-none-eabi/lib/thumb/v7e-m+fp/hard/libm.a(lib_a-e_pow.o) (__math_uflow)
[...]
Memory Configuration

Name             Origin             Length             Attributes
RAM              0x0000000020000000 0x0000000000010000 xrw
RAM2             0x0000000010000000 0x0000000000004000 xrw
FLASH            0x0000000008000000 0x0000000000040000 xr
*default*        0x0000000000000000 0xffffffffffffffff

Linker script and memory map

LOAD /Applications/STM32CubeIDE.app/Contents/Eclipse/plugins/com.st.stm32cube.ide.mcu.externaltools.gnu-tools-for-stm32.10.3-2021.10.macos64_1.0.0.202111181127/tools/bin/../lib/gcc/arm-none-eabi/10.3.1/thumb/v7e-m+fp/hard/crti.o
LOAD /Applications/STM32CubeIDE.app/Contents/Eclipse/plugins/com.st.stm32cube.ide.mcu.externaltools.gnu-tools-for-stm32.10.3-2021.10.macos64_1.0.0.202111181127/tools/bin/../lib/gcc/arm-none-eabi/10.3.1/thumb/v7e-m+fp/hard/crtbegin.o
LOAD /Applications/STM32CubeIDE.app/Contents/Eclipse/plugins/com.st.stm32cube.ide.mcu.externaltools.gnu-tools-for-stm32.10.3-2021.10.macos64_1.0.0.202111181127/tools/bin/../lib/gcc/arm-none-eabi/10.3.1/../../../../arm-none-eabi/lib/thumb/v7e-m+fp/hard/crt0.o
LOAD ./Core/Src/IMU.o
LOAD ./Core/Src/LoRa.o
LOAD ./Core/Src/bmp280.o
LOAD ./Core/Src/dma.o
LOAD ./Core/Src/gpio.o
LOAD ./Core/Src/i2c.o
LOAD ./Core/Src/main.o
LOAD ./Core/Src/servo.o
LOAD ./Core/Src/spi.o
LOAD ./Core/Src/stm32l4xx_hal_msp.o
LOAD ./Core/Src/stm32l4xx_it.o
LOAD ./Core/Src/syscalls.o
LOAD ./Core/Src/sysinit.o
LOAD ./Core/Src/sysmem.o
LOAD ./Core/Src/system_stm32l4xx.o
LOAD ./Core/Src/tim.o
LOAD ./Core/Startup/startup_stm32l432kcux.o
LOAD ./Drivers/STM32L4xx_HAL_Driver/Src/stm32l4xx_hal.o
LOAD ./Drivers/STM32L4xx_HAL_Driver/Src/stm32l4xx_hal_cortex.o
LOAD ./Drivers/STM32L4xx_HAL_Driver/Src/stm32l4xx_hal_dma.o
LOAD ./Drivers/STM32L4xx_HAL_Driver/Src/stm32l4xx_hal_dma_ex.o
LOAD ./Drivers/STM32L4xx_HAL_Driver/Src/stm32l4xx_hal_exti.o
LOAD ./Drivers/STM32L4xx_HAL_Driver/Src/stm32l4xx_hal_flash.o
LOAD ./Drivers/STM32L4xx_HAL_Driver/Src/stm32l4xx_hal_flash_ex.o
LOAD ./Drivers/STM32L4xx_HAL_Driver/Src/stm32l4xx_hal_flash_ramfunc.o
LOAD ./Drivers/STM32L4xx_HAL_Driver/Src/stm32l4xx_hal_gpio.o
LOAD ./Drivers/STM32L4xx_HAL_Driver/Src/stm32l4xx_hal_i2c.o
LOAD ./Drivers/STM32L4xx_HAL_Driver/Src/stm32l4xx_hal_i2c_ex.o
LOAD ./Drivers/STM32L4xx_HAL_Driver/Src/stm32l4xx_hal_pwr.o
LOAD ./Drivers/STM32L4xx_HAL_Driver/Src/stm32l4xx_hal_pwr_ex.o
LOAD ./Drivers/STM32L4xx_HAL_Driver/Src/stm32l4xx_hal_rcc.o
LOAD ./Drivers/STM32L4xx_HAL_Driver/Src/stm32l4xx_hal_rcc_ex.o
LOAD ./Drivers/STM32L4xx_HAL_Driver/Src/stm32l4xx_hal_spi.o
LOAD ./Drivers/STM32L4xx_HAL_Driver/Src/stm32l4xx_hal_spi_ex.o
LOAD ./Drivers/STM32L4xx_HAL_Driver/Src/stm32l4xx_hal_tim.o
LOAD ./Drivers/STM32L4xx_HAL_Driver/Src/stm32l4xx_hal_tim_ex.o
START GROUP
LOAD /Applications/STM32CubeIDE.app/Contents/Eclipse/plugins/com.st.stm32cube.ide.mcu.externaltools.gnu-tools-for-stm32.10.3-2021.10.macos64_1.0.0.202111181127/tools/bin/../lib/gcc/arm-none-eabi/10.3.1/../../../../arm-none-eabi/lib/thumb/v7e-m+fp/hard/libc_nano.a
LOAD /Applications/STM32CubeIDE.app/Contents/Eclipse/plugins/com.st.stm32cube.ide.mcu.externaltools.gnu-tools-for-stm32.10.3-2021.10.macos64_1.0.0.202111181127/tools/bin/../lib/gcc/arm-none-eabi/10.3.1/../../../../arm-none-eabi/lib/thumb/v7e-m+fp/hard/libm.a
END GROUP
START GROUP
LOAD /Applications/STM32CubeIDE.app/Contents/Eclipse/plugins/com.st.stm32cube.ide.mcu.externaltools.gnu-tools-for-stm32.10.3-2021.10.macos64_1.0.0.202111181127/tools/bin/../lib/gcc/arm-none-eabi/10.3.1/thumb/v7e-m+fp/hard/libgcc.a
LOAD /Applications/STM32CubeIDE.app/Contents/Eclipse/plugins/com.st.stm32cube.ide.mcu.externaltools.gnu-tools-for-stm32.10.3-2021.10.macos64_1.0.0.202111181127/tools/bin/../lib/gcc/arm-none-eabi/10.3.1/../../../../arm-none-eabi/lib/thumb/v7e-m+fp/hard/libc_nano.a
END GROUP
START GROUP
LOAD /Applications/STM32CubeIDE.app/Contents/Eclipse/plugins/com.st.stm32cube.ide.mcu.externaltools.gnu-tools-for-stm32.10.3-2021.10.macos64_1.0.0.202111181127/tools/bin/../lib/gcc/arm-none-eabi/10.3.1/thumb/v7e-m+fp/hard/libgcc.a
LOAD /Applications/STM32CubeIDE.app/Contents/Eclipse/plugins/com.st.stm32cube.ide.mcu.externaltools.gnu-tools-for-stm32.10.3-2021.10.macos64_1.0.0.202111181127/tools/bin/../lib/gcc/arm-none-eabi/10.3.1/../../../../arm-none-eabi/lib/thumb/v7e-m+fp/hard/libc_nano.a
LOAD /Applications/STM32CubeIDE.app/Contents/Eclipse/plugins/com.st.stm32cube.ide.mcu.externaltools.gnu-tools-for-stm32.10.3-2021.10.macos64_1.0.0.202111181127/tools/bin/../lib/gcc/arm-none-eabi/10.3.1/../../../../arm-none-eabi/lib/thumb/v7e-m+fp/hard/libnosys.a
END GROUP
START GROUP
LOAD /Applications/STM32CubeIDE.app/Contents/Eclipse/plugins/com.st.stm32cube.ide.mcu.externaltools.gnu-tools-for-stm32.10.3-2021.10.macos64_1.0.0.202111181127/tools/bin/../lib/gcc/arm-none-eabi/10.3.1/thumb/v7e-m+fp/hard/libgcc.a
LOAD /Applications/STM32CubeIDE.app/Contents/Eclipse/plugins/com.st.stm32cube.ide.mcu.externaltools.gnu-tools-for-stm32.10.3-2021.10.macos64_1.0.0.202111181127/tools/bin/../lib/gcc/arm-none-eabi/10.3.1/../../../../arm-none-eabi/lib/thumb/v7e-m+fp/hard/libc_nano.a
LOAD /Applications/STM32CubeIDE.app/Contents/Eclipse/plugins/com.st.stm32cube.ide.mcu.externaltools.gnu-tools-for-stm32.10.3-2021.10.macos64_1.0.0.202111181127/tools/bin/../lib/gcc/arm-none-eabi/10.3.1/../../../../arm-none-eabi/lib/thumb/v7e-m+fp/hard/libnosys.a
END GROUP
LOAD /Applications/STM32CubeIDE.app/Contents/Eclipse/plugins/com.st.stm32cube.ide.mcu.externaltools.gnu-tools-for-stm32.10.3-2021.10.macos64_1.0.0.202111181127/tools/bin/../lib/gcc/arm-none-eabi/10.3.1/thumb/v7e-m+fp/hard/crtend.o
LOAD /Applications/STM32CubeIDE.app/Contents/Eclipse/plugins/com.st.stm32cube.ide.mcu.externaltools.gnu-tools-for-stm32.10.3-2021.10.macos64_1.0.0.202111181127/tools/bin/../lib/gcc/arm-none-eabi/10.3.1/thumb/v7e-m+fp/hard/crtn.o
                0x0000000020010000                _estack = (ORIGIN (RAM) + LENGTH (RAM))
                0x0000000000000100                _Min_Heap_Size = 0x100
                0x0000000000000400                _Min_Stack_Size = 0x400

.isr_vector     0x0000000008000000      0x18c
                0x0000000008000000                . = ALIGN (0x4)
 *(.isr_vector)
 .isr_vector    0x0000000008000000      0x18c ./Core/Startup/startup_stm32l432kcux.o
                0x0000000008000000                g_pfnVectors
                0x000000000800018c                . = ALIGN (0x4)

.text           0x0000000008000190     0x7044
                0x0000000008000190                . = ALIGN (0x4)
 *(.text)
 .text          0x0000000008000190       0x40 /Applications/STM32CubeIDE.app/Contents/Eclipse/plugins/com.st.stm32cube.ide.mcu.externaltools.gnu-tools-for-stm32.10.3-2021.10.macos64_1.0.0.202111181127/tools/bin/../lib/gcc/arm-none-eabi/10.3.1/thumb/v7e-m+fp/hard/crtbegin.o
 .text          0x00000000080001d0       0x30 /Applications/STM32CubeIDE.app/Contents/Eclipse/plugins/com.st.stm32cube.ide.mcu.externaltools.gnu-tools-for-stm32.10.3-2021.10.macos64_1.0.0.202111181127/tools/bin/../lib/gcc/arm-none-eabi/10.3.1/thumb/v7e-m+fp/hard/libgcc.a(_aeabi_uldivmod.o)
                0x00000000080001d0                __aeabi_uldivmod
 .text          0x0000000008000200      0x2d0 /Applications/STM32CubeIDE.app/Contents/Eclipse/plugins/com.st.stm32cube.ide.mcu.externaltools.gnu-tools-for-stm32.10.3-2021.10.macos64_1.0.0.202111181127/tools/bin/../lib/gcc/arm-none-eabi/10.3.1/thumb/v7e-m+fp/hard/libgcc.a(_udivmoddi4.o)
                0x0000000008000200                __udivmoddi4
 .text          0x00000000080004d0        0x4 /Applications/STM32CubeIDE.app/Contents/Eclipse/plugins/com.st.stm32cube.ide.mcu.externaltools.gnu-tools-for-stm32.10.3-2021.10.macos64_1.0.0.202111181127/tools/bin/../lib/gcc/arm-none-eabi/10.3.1/thumb/v7e-m+fp/hard/libgcc.a(_dvmd_tls.o)
                0x00000000080004d0                __aeabi_ldiv0
                0x00000000080004d0                __aeabi_idiv0
 *(.text*)
 .text.IMUwriteByte
                0x00000000080004d4       0x4c ./Core/Src/IMU.o
                0x00000000080004d4                IMUwriteByte
 .text.IMUreadByte
                0x0000000008000520       0x4c ./Core/Src/IMU.o
                0x0000000008000520                IMUreadByte
 .text.readBytes
                0x000000000800056c       0x4c ./Core/Src/IMU.o
 .text.MinitAK8963Slave
                0x00000000080005b8      0x1f8 ./Core/Src/IMU.o
                0x00000000080005b8                MinitAK8963Slave
 .text.initMPU9250
                0x00000000080007b0      0x12a ./Core/Src/IMU.o
                0x00000000080007b0                initMPU9250
 .text.LoRa_Receive_interrupt_Handler
                0x00000000080008da       0x14 ./Core/Src/LoRa.o
                0x00000000080008da                LoRa_Receive_interrupt_Handler
 .text.Set_LoRa_Connecting
                0x00000000080008ee       0x1a ./Core/Src/LoRa.o
                0x00000000080008ee                Set_LoRa_Connecting
 .text.Set_LoRa_Broadcast_FLight_Info
                0x0000000008000908       0x1a ./Core/Src/LoRa.o
                0x0000000008000908                Set_LoRa_Broadcast_FLight_Info
 .text.LoRa_Connecting_Handler
                0x0000000008000922       0x26 ./Core/Src/LoRa.o
 .text.LoRa_Connected_Handler
                0x0000000008000948       0x16 ./Core/Src/LoRa.o
 .text.LoRa_Disconnected_Handler
                0x000000000800095e       0x16 ./Core/Src/LoRa.o
 .text.LoRa_Broadcast_Flight_Data_Handler
                0x0000000008000974       0x1a ./Core/Src/LoRa.o
 .text.LoRa_Error_Transmit_Handler
                0x000000000800098e       0x14 ./Core/Src/LoRa.o
 *fill*         0x00000000080009a2        0x2 
 .text.LoRa_Timer_Interrupt_Handler
                0x00000000080009a4       0x54 ./Core/Src/LoRa.o
                0x00000000080009a4                LoRa_Timer_Interrupt_Handler
 .text.read_register
                0x00000000080009f8       0x6e ./Core/Src/LoRa.o
 .text.write_register
                0x0000000008000a66       0x68 ./Core/Src/LoRa.o
 .text.write_fifo
                0x0000000008000ace       0x84 ./Core/Src/LoRa.o
 .text.set_mode
                0x0000000008000b52       0x26 ./Core/Src/LoRa.o
 .text.set_OCP  0x0000000008000b78       0x6c ./Core/Src/LoRa.o
 .text.set_low_data_rate_optimization
                0x0000000008000be4       0x60 ./Core/Src/LoRa.o
 .text.lora_mode_sleep
                0x0000000008000c44       0x18 ./Core/Src/LoRa.o
                0x0000000008000c44                lora_mode_sleep
 .text.lora_mode_standby
                0x0000000008000c5c       0x18 ./Core/Src/LoRa.o
                0x0000000008000c5c                lora_mode_standby
 .text.lora_set_explicit_header_mode
                0x0000000008000c74       0x30 ./Core/Src/LoRa.o
                0x0000000008000c74                lora_set_explicit_header_mode
 .text.lora_set_tx_power
                0x0000000008000ca4       0x98 ./Core/Src/LoRa.o
                0x0000000008000ca4                lora_set_tx_power
 .text.lora_set_frequency
                0x0000000008000d3c       0x8c ./Core/Src/LoRa.o
                0x0000000008000d3c                lora_set_frequency
 .text.lora_set_signal_bandwidth
                0x0000000008000dc8       0x44 ./Core/Src/LoRa.o
                0x0000000008000dc8                lora_set_signal_bandwidth
 .text.lora_set_spreading_factor
                0x0000000008000e0c       0x8e ./Core/Src/LoRa.o
                0x0000000008000e0c                lora_set_spreading_factor
 .text.lora_set_crc
                0x0000000008000e9a       0x44 ./Core/Src/LoRa.o
                0x0000000008000e9a                lora_set_crc
 .text.lora_set_coding_rate
                0x0000000008000ede       0x3c ./Core/Src/LoRa.o
                0x0000000008000ede                lora_set_coding_rate
 .text.lora_set_preamble_length
                0x0000000008000f1a       0x3a ./Core/Src/LoRa.o
                0x0000000008000f1a                lora_set_preamble_length
 .text.lora_version
                0x0000000008000f54       0x1a ./Core/Src/LoRa.o
                0x0000000008000f54                lora_version
 .text.lora_is_transmitting
                0x0000000008000f6e       0x2c ./Core/Src/LoRa.o
                0x0000000008000f6e                lora_is_transmitting
 .text.lora_send_packet_base
                0x0000000008000f9a       0x84 ./Core/Src/LoRa.o
 .text.lora_send_packet
                0x000000000800101e       0x24 ./Core/Src/LoRa.o
                0x000000000800101e                lora_send_packet
 .text.lora_enable_interrupt_rx_done
                0x0000000008001042       0x1a ./Core/Src/LoRa.o
                0x0000000008001042                lora_enable_interrupt_rx_done
 .text.lora_enable_interrupt_tx_done
                0x000000000800105c       0x1a ./Core/Src/LoRa.o
                0x000000000800105c                lora_enable_interrupt_tx_done
 .text.lora_clear_interrupt_tx_done
                0x0000000008001076       0x1a ./Core/Src/LoRa.o
                0x0000000008001076                lora_clear_interrupt_tx_done
 .text.lora_init
                0x0000000008001090       0xcc ./Core/Src/LoRa.o
                0x0000000008001090                lora_init
 .text.bmp280_init_default_params
                0x000000000800115c       0x38 ./Core/Src/bmp280.o
                0x000000000800115c                bmp280_init_default_params
 .text.read_register16
                0x0000000008001194       0x5e ./Core/Src/bmp280.o
 .text.read_data
                0x00000000080011f2       0x50 ./Core/Src/bmp280.o
 .text.read_calibration_data
                0x0000000008001242      0x104 ./Core/Src/bmp280.o
 .text.read_hum_calibration_data
                0x0000000008001346       0xc0 ./Core/Src/bmp280.o
 .text.write_register8
                0x0000000008001406       0x4a ./Core/Src/bmp280.o
 .text.bmp280_init
                0x0000000008001450      0x15a ./Core/Src/bmp280.o
                0x0000000008001450                bmp280_init
 *fill*         0x00000000080015aa        0x2 
 .text.MX_DMA_Init
                0x00000000080015ac       0x4c ./Core/Src/dma.o
                0x00000000080015ac                MX_DMA_Init
 .text.MX_GPIO_Init
                0x00000000080015f8      0x118 ./Core/Src/gpio.o
                0x00000000080015f8                MX_GPIO_Init
 .text.MX_I2C1_Init
                0x0000000008001710       0x80 ./Core/Src/i2c.o
                0x0000000008001710                MX_I2C1_Init
 .text.MX_I2C3_Init
                0x0000000008001790       0x80 ./Core/Src/i2c.o
                0x0000000008001790                MX_I2C3_Init
 .text.HAL_I2C_MspInit
                0x0000000008001810      0x174 ./Core/Src/i2c.o
                0x0000000008001810                HAL_I2C_MspInit
 .text.main     0x0000000008001984       0x48 ./Core/Src/main.o
                0x0000000008001984                main
 .text.SystemClock_Config
                0x00000000080019cc       0xa2 ./Core/Src/main.o
                0x00000000080019cc                SystemClock_Config
 *fill*         0x0000000008001a6e        0x2 
 .text.HAL_GPIO_EXTI_Callback
                0x0000000008001a70       0x24 ./Core/Src/main.o
                0x0000000008001a70                HAL_GPIO_EXTI_Callback
 .text.HAL_TIM_PeriodElapsedCallback
                0x0000000008001a94       0x28 ./Core/Src/main.o
                0x0000000008001a94                HAL_TIM_PeriodElapsedCallback
 .text.Error_Handler
                0x0000000008001abc       0x34 ./Core/Src/main.o
                0x0000000008001abc                Error_Handler
 .text.__Test_Servos
                0x0000000008001af0       0x84 ./Core/Src/servo.o
                0x0000000008001af0                __Test_Servos
 .text.MX_SPI1_Init
                0x0000000008001b74       0x7c ./Core/Src/spi.o
                0x0000000008001b74                MX_SPI1_Init
 .text.HAL_SPI_MspInit
                0x0000000008001bf0      0x13c ./Core/Src/spi.o
                0x0000000008001bf0                HAL_SPI_MspInit
 .text.HAL_MspInit
                0x0000000008001d2c       0x48 ./Core/Src/stm32l4xx_hal_msp.o
                0x0000000008001d2c                HAL_MspInit
 .text.NMI_Handler
                0x0000000008001d74        0x6 ./Core/Src/stm32l4xx_it.o
                0x0000000008001d74                NMI_Handler
 .text.HardFault_Handler
                0x0000000008001d7a        0x6 ./Core/Src/stm32l4xx_it.o
                0x0000000008001d7a                HardFault_Handler
 .text.MemManage_Handler
                0x0000000008001d80        0x6 ./Core/Src/stm32l4xx_it.o
                0x0000000008001d80                MemManage_Handler
 .text.BusFault_Handler
                0x0000000008001d86        0x6 ./Core/Src/stm32l4xx_it.o
                0x0000000008001d86                BusFault_Handler
 .text.UsageFault_Handler
                0x0000000008001d8c        0x6 ./Core/Src/stm32l4xx_it.o
                0x0000000008001d8c                UsageFault_Handler
 .text.SVC_Handler
                0x0000000008001d92        0xe ./Core/Src/stm32l4xx_it.o
                0x0000000008001d92                SVC_Handler
 .text.DebugMon_Handler
                0x0000000008001da0        0xe ./Core/Src/stm32l4xx_it.o
                0x0000000008001da0                DebugMon_Handler
 .text.PendSV_Handler
                0x0000000008001dae        0xe ./Core/Src/stm32l4xx_it.o
                0x0000000008001dae                PendSV_Handler
 .text.SysTick_Handler
                0x0000000008001dbc        0xc ./Core/Src/stm32l4xx_it.o
                0x0000000008001dbc                SysTick_Handler
 .text.EXTI3_IRQHandler
                0x0000000008001dc8        0xe ./Core/Src/stm32l4xx_it.o
                0x0000000008001dc8                EXTI3_IRQHandler
 *fill*         0x0000000008001dd6        0x2 
 .text.DMA1_Channel2_IRQHandler
                0x0000000008001dd8       0x14 ./Core/Src/stm32l4xx_it.o
                0x0000000008001dd8                DMA1_Channel2_IRQHandler
 .text.DMA1_Channel3_IRQHandler
                0x0000000008001dec       0x14 ./Core/Src/stm32l4xx_it.o
                0x0000000008001dec                DMA1_Channel3_IRQHandler
 .text.TIM1_UP_TIM16_IRQHandler
                0x0000000008001e00       0x1c ./Core/Src/stm32l4xx_it.o
                0x0000000008001e00                TIM1_UP_TIM16_IRQHandler
 .text.Check_Peripherals
                0x0000000008001e1c       0x50 ./Core/Src/sysinit.o
                0x0000000008001e1c                Check_Peripherals
 .text.Init_Peripherals
                0x0000000008001e6c       0x14 ./Core/Src/sysinit.o
                0x0000000008001e6c                Init_Peripherals
 .text.Is_BMP280_Available
                0x0000000008001e80       0x30 ./Core/Src/sysinit.o
                0x0000000008001e80                Is_BMP280_Available
 .text.Is_IMU_Available
                0x0000000008001eb0       0x30 ./Core/Src/sysinit.o
                0x0000000008001eb0                Is_IMU_Available
 .text.Is_LoRa_Available
                0x0000000008001ee0       0x60 ./Core/Src/sysinit.o
                0x0000000008001ee0                Is_LoRa_Available
 .text.Init_LoRa
                0x0000000008001f40       0x8c ./Core/Src/sysinit.o
                0x0000000008001f40                Init_LoRa
 .text.Init_BMP280
                0x0000000008001fcc       0x44 ./Core/Src/sysinit.o
                0x0000000008001fcc                Init_BMP280
 .text.Init_IMU
                0x0000000008002010       0x44 ./Core/Src/sysinit.o
                0x0000000008002010                Init_IMU
 .text.SystemInit
                0x0000000008002054       0x24 ./Core/Src/system_stm32l4xx.o
                0x0000000008002054                SystemInit
 .text.MX_TIM1_Init
                0x0000000008002078      0x1a4 ./Core/Src/tim.o
                0x0000000008002078                MX_TIM1_Init
 .text.MX_TIM16_Init
                0x000000000800221c       0x4c ./Core/Src/tim.o
                0x000000000800221c                MX_TIM16_Init
 .text.HAL_TIM_Base_MspInit
                0x0000000008002268       0x84 ./Core/Src/tim.o
                0x0000000008002268                HAL_TIM_Base_MspInit
 .text.HAL_TIM_MspPostInit
                0x00000000080022ec       0x70 ./Core/Src/tim.o
                0x00000000080022ec                HAL_TIM_MspPostInit
 .text.Reset_Handler
                0x000000000800235c       0x50 ./Core/Startup/startup_stm32l432kcux.o
                0x000000000800235c                Reset_Handler
 .text.Default_Handler
                0x00000000080023ac        0x2 ./Core/Startup/startup_stm32l432kcux.o
                0x00000000080023ac                TIM1_BRK_TIM15_IRQHandler
                0x00000000080023ac                EXTI2_IRQHandler
                0x00000000080023ac                TIM1_CC_IRQHandler
                0x00000000080023ac                TSC_IRQHandler
                0x00000000080023ac                TAMP_STAMP_IRQHandler
                0x00000000080023ac                LPTIM2_IRQHandler
                0x00000000080023ac                I2C3_ER_IRQHandler
                0x00000000080023ac                EXTI0_IRQHandler
                0x00000000080023ac                CAN1_RX0_IRQHandler
                0x00000000080023ac                FPU_IRQHandler
                0x00000000080023ac                SPI1_IRQHandler
                0x00000000080023ac                TIM6_DAC_IRQHandler
                0x00000000080023ac                DMA2_Channel2_IRQHandler
                0x00000000080023ac                DMA1_Channel4_IRQHandler
                0x00000000080023ac                ADC1_IRQHandler
                0x00000000080023ac                DMA1_Channel7_IRQHandler
                0x00000000080023ac                CAN1_RX1_IRQHandler
                0x00000000080023ac                DMA2_Channel1_IRQHandler
                0x00000000080023ac                QUADSPI_IRQHandler
                0x00000000080023ac                I2C1_EV_IRQHandler
                0x00000000080023ac                DMA1_Channel6_IRQHandler
                0x00000000080023ac                DMA2_Channel4_IRQHandler
                0x00000000080023ac                RCC_IRQHandler
                0x00000000080023ac                TIM1_TRG_COM_IRQHandler
                0x00000000080023ac                DMA1_Channel1_IRQHandler
                0x00000000080023ac                Default_Handler
                0x00000000080023ac                DMA2_Channel7_IRQHandler
                0x00000000080023ac                EXTI15_10_IRQHandler
                0x00000000080023ac                TIM7_IRQHandler
                0x00000000080023ac                I2C3_EV_IRQHandler
                0x00000000080023ac                USB_IRQHandler
                0x00000000080023ac                EXTI9_5_IRQHandler
                0x00000000080023ac                RTC_WKUP_IRQHandler
                0x00000000080023ac                PVD_PVM_IRQHandler
                0x00000000080023ac                CAN1_TX_IRQHandler
                0x00000000080023ac                DMA2_Channel5_IRQHandler
                0x00000000080023ac                CRS_IRQHandler
                0x00000000080023ac                DMA1_Channel5_IRQHandler
                0x00000000080023ac                EXTI4_IRQHandler
                0x00000000080023ac                RNG_IRQHandler
                0x00000000080023ac                COMP_IRQHandler
                0x00000000080023ac                WWDG_IRQHandler
                0x00000000080023ac                LPUART1_IRQHandler
                0x00000000080023ac                DMA2_Channel6_IRQHandler
                0x00000000080023ac                TIM2_IRQHandler
                0x00000000080023ac                EXTI1_IRQHandler
                0x00000000080023ac                USART2_IRQHandler
                0x00000000080023ac                CAN1_SCE_IRQHandler
                0x00000000080023ac                FLASH_IRQHandler
                0x00000000080023ac                USART1_IRQHandler
                0x00000000080023ac                SPI3_IRQHandler
                0x00000000080023ac                I2C1_ER_IRQHandler
                0x00000000080023ac                SWPMI1_IRQHandler
                0x00000000080023ac                LPTIM1_IRQHandler
                0x00000000080023ac                SAI1_IRQHandler
                0x00000000080023ac                DMA2_Channel3_IRQHandler
                0x00000000080023ac                RTC_Alarm_IRQHandler
 .text.HAL_Init
                0x00000000080023ae       0x30 ./Drivers/STM32L4xx_HAL_Driver/Src/stm32l4xx_hal.o
                0x00000000080023ae                HAL_Init
 *fill*         0x00000000080023de        0x2 
 .text.HAL_InitTick
                0x00000000080023e0       0x78 ./Drivers/STM32L4xx_HAL_Driver/Src/stm32l4xx_hal.o
                0x00000000080023e0                HAL_InitTick
 .text.HAL_IncTick
                0x0000000008002458       0x28 ./Drivers/STM32L4xx_HAL_Driver/Src/stm32l4xx_hal.o
                0x0000000008002458                HAL_IncTick
 .text.HAL_GetTick
                0x0000000008002480       0x18 ./Drivers/STM32L4xx_HAL_Driver/Src/stm32l4xx_hal.o
                0x0000000008002480                HAL_GetTick
 .text.HAL_Delay
                0x0000000008002498       0x48 ./Drivers/STM32L4xx_HAL_Driver/Src/stm32l4xx_hal.o
                0x0000000008002498                HAL_Delay
 .text.__NVIC_SetPriorityGrouping
                0x00000000080024e0       0x48 ./Drivers/STM32L4xx_HAL_Driver/Src/stm32l4xx_hal_cortex.o
 .text.__NVIC_GetPriorityGrouping
                0x0000000008002528       0x1c ./Drivers/STM32L4xx_HAL_Driver/Src/stm32l4xx_hal_cortex.o
 .text.__NVIC_EnableIRQ
                0x0000000008002544       0x3c ./Drivers/STM32L4xx_HAL_Driver/Src/stm32l4xx_hal_cortex.o
 .text.__NVIC_SetPriority
                0x0000000008002580       0x54 ./Drivers/STM32L4xx_HAL_Driver/Src/stm32l4xx_hal_cortex.o
 .text.NVIC_EncodePriority
                0x00000000080025d4       0x66 ./Drivers/STM32L4xx_HAL_Driver/Src/stm32l4xx_hal_cortex.o
 *fill*         0x000000000800263a        0x2 
 .text.SysTick_Config
                0x000000000800263c       0x44 ./Drivers/STM32L4xx_HAL_Driver/Src/stm32l4xx_hal_cortex.o
 .text.HAL_NVIC_SetPriorityGrouping
                0x0000000008002680       0x16 ./Drivers/STM32L4xx_HAL_Driver/Src/stm32l4xx_hal_cortex.o
                0x0000000008002680                HAL_NVIC_SetPriorityGrouping
 .text.HAL_NVIC_SetPriority
                0x0000000008002696       0x38 ./Drivers/STM32L4xx_HAL_Driver/Src/stm32l4xx_hal_cortex.o
                0x0000000008002696                HAL_NVIC_SetPriority
 .text.HAL_NVIC_EnableIRQ
                0x00000000080026ce       0x1c ./Drivers/STM32L4xx_HAL_Driver/Src/stm32l4xx_hal_cortex.o
                0x00000000080026ce                HAL_NVIC_EnableIRQ
 .text.HAL_SYSTICK_Config
                0x00000000080026ea       0x18 ./Drivers/STM32L4xx_HAL_Driver/Src/stm32l4xx_hal_cortex.o
                0x00000000080026ea                HAL_SYSTICK_Config
 *fill*         0x0000000008002702        0x2 
 .text.HAL_DMA_Init
                0x0000000008002704      0x170 ./Drivers/STM32L4xx_HAL_Driver/Src/stm32l4xx_hal_dma.o
                0x0000000008002704                HAL_DMA_Init
 .text.HAL_DMA_Start_IT
                0x0000000008002874       0xc0 ./Drivers/STM32L4xx_HAL_Driver/Src/stm32l4xx_hal_dma.o
                0x0000000008002874                HAL_DMA_Start_IT
 .text.HAL_DMA_IRQHandler
                0x0000000008002934      0x15e ./Drivers/STM32L4xx_HAL_Driver/Src/stm32l4xx_hal_dma.o
                0x0000000008002934                HAL_DMA_IRQHandler
 .text.DMA_SetConfig
                0x0000000008002a92       0x60 ./Drivers/STM32L4xx_HAL_Driver/Src/stm32l4xx_hal_dma.o
 *fill*         0x0000000008002af2        0x2 
 .text.HAL_GPIO_Init
                0x0000000008002af4      0x2d4 ./Drivers/STM32L4xx_HAL_Driver/Src/stm32l4xx_hal_gpio.o
                0x0000000008002af4                HAL_GPIO_Init
 .text.HAL_GPIO_WritePin
                0x0000000008002dc8       0x30 ./Drivers/STM32L4xx_HAL_Driver/Src/stm32l4xx_hal_gpio.o
                0x0000000008002dc8                HAL_GPIO_WritePin
 .text.HAL_GPIO_EXTI_IRQHandler
                0x0000000008002df8       0x30 ./Drivers/STM32L4xx_HAL_Driver/Src/stm32l4xx_hal_gpio.o
                0x0000000008002df8                HAL_GPIO_EXTI_IRQHandler
 .text.HAL_I2C_Init
                0x0000000008002e28      0x11e ./Drivers/STM32L4xx_HAL_Driver/Src/stm32l4xx_hal_i2c.o
                0x0000000008002e28                HAL_I2C_Init
 *fill*         0x0000000008002f46        0x2 
 .text.HAL_I2C_Mem_Write
                0x0000000008002f48      0x228 ./Drivers/STM32L4xx_HAL_Driver/Src/stm32l4xx_hal_i2c.o
                0x0000000008002f48                HAL_I2C_Mem_Write
 .text.HAL_I2C_Mem_Read
                0x0000000008003170      0x234 ./Drivers/STM32L4xx_HAL_Driver/Src/stm32l4xx_hal_i2c.o
                0x0000000008003170                HAL_I2C_Mem_Read
 .text.HAL_I2C_IsDeviceReady
                0x00000000080033a4      0x20e ./Drivers/STM32L4xx_HAL_Driver/Src/stm32l4xx_hal_i2c.o
                0x00000000080033a4                HAL_I2C_IsDeviceReady
 *fill*         0x00000000080035b2        0x2 
 .text.I2C_RequestMemoryWrite
                0x00000000080035b4       0xa8 ./Drivers/STM32L4xx_HAL_Driver/Src/stm32l4xx_hal_i2c.o
 .text.I2C_RequestMemoryRead
                0x000000000800365c       0xa8 ./Drivers/STM32L4xx_HAL_Driver/Src/stm32l4xx_hal_i2c.o
 .text.I2C_Flush_TXDR
                0x0000000008003704       0x48 ./Drivers/STM32L4xx_HAL_Driver/Src/stm32l4xx_hal_i2c.o
 .text.I2C_WaitOnFlagUntilTimeout
                0x000000000800374c       0x80 ./Drivers/STM32L4xx_HAL_Driver/Src/stm32l4xx_hal_i2c.o
 .text.I2C_WaitOnTXISFlagUntilTimeout
                0x00000000080037cc       0x80 ./Drivers/STM32L4xx_HAL_Driver/Src/stm32l4xx_hal_i2c.o
 .text.I2C_WaitOnSTOPFlagUntilTimeout
                0x000000000800384c       0x78 ./Drivers/STM32L4xx_HAL_Driver/Src/stm32l4xx_hal_i2c.o
 .text.I2C_IsErrorOccurred
                0x00000000080038c4      0x1d8 ./Drivers/STM32L4xx_HAL_Driver/Src/stm32l4xx_hal_i2c.o
 .text.I2C_TransferConfig
                0x0000000008003a9c       0x64 ./Drivers/STM32L4xx_HAL_Driver/Src/stm32l4xx_hal_i2c.o
 .text.HAL_I2CEx_ConfigAnalogFilter
                0x0000000008003b00       0x96 ./Drivers/STM32L4xx_HAL_Driver/Src/stm32l4xx_hal_i2c_ex.o
                0x0000000008003b00                HAL_I2CEx_ConfigAnalogFilter
 .text.HAL_I2CEx_ConfigDigitalFilter
                0x0000000008003b96       0x98 ./Drivers/STM32L4xx_HAL_Driver/Src/stm32l4xx_hal_i2c_ex.o
                0x0000000008003b96                HAL_I2CEx_ConfigDigitalFilter
 *fill*         0x0000000008003c2e        0x2 
 .text.HAL_PWREx_GetVoltageRange
                0x0000000008003c30       0x1c ./Drivers/STM32L4xx_HAL_Driver/Src/stm32l4xx_hal_pwr_ex.o
                0x0000000008003c30                HAL_PWREx_GetVoltageRange
 .text.HAL_PWREx_ControlVoltageScaling
                0x0000000008003c4c       0xac ./Drivers/STM32L4xx_HAL_Driver/Src/stm32l4xx_hal_pwr_ex.o
                0x0000000008003c4c                HAL_PWREx_ControlVoltageScaling
 .text.HAL_RCC_OscConfig
                0x0000000008003cf8      0x828 ./Drivers/STM32L4xx_HAL_Driver/Src/stm32l4xx_hal_rcc.o
                0x0000000008003cf8                HAL_RCC_OscConfig
 .text.HAL_RCC_ClockConfig
                0x0000000008004520      0x200 ./Drivers/STM32L4xx_HAL_Driver/Src/stm32l4xx_hal_rcc.o
                0x0000000008004520                HAL_RCC_ClockConfig
 .text.HAL_RCC_GetSysClockFreq
                0x0000000008004720      0x118 ./Drivers/STM32L4xx_HAL_Driver/Src/stm32l4xx_hal_rcc.o
                0x0000000008004720                HAL_RCC_GetSysClockFreq
 .text.RCC_SetFlashLatencyFromMSIRange
                0x0000000008004838       0xc0 ./Drivers/STM32L4xx_HAL_Driver/Src/stm32l4xx_hal_rcc.o
 .text.HAL_RCCEx_PeriphCLKConfig
                0x00000000080048f8      0x3ec ./Drivers/STM32L4xx_HAL_Driver/Src/stm32l4xx_hal_rcc_ex.o
                0x00000000080048f8                HAL_RCCEx_PeriphCLKConfig
 .text.RCCEx_PLLSAI1_Config
                0x0000000008004ce4      0x1e4 ./Drivers/STM32L4xx_HAL_Driver/Src/stm32l4xx_hal_rcc_ex.o
 .text.HAL_SPI_Init
                0x0000000008004ec8      0x146 ./Drivers/STM32L4xx_HAL_Driver/Src/stm32l4xx_hal_spi.o
                0x0000000008004ec8                HAL_SPI_Init
 .text.HAL_SPI_Transmit
                0x000000000800500e      0x2dc ./Drivers/STM32L4xx_HAL_Driver/Src/stm32l4xx_hal_spi.o
                0x000000000800500e                HAL_SPI_Transmit
 .text.HAL_SPI_Receive
                0x00000000080052ea      0x260 ./Drivers/STM32L4xx_HAL_Driver/Src/stm32l4xx_hal_spi.o
                0x00000000080052ea                HAL_SPI_Receive
 .text.HAL_SPI_TransmitReceive
                0x000000000800554a      0x426 ./Drivers/STM32L4xx_HAL_Driver/Src/stm32l4xx_hal_spi.o
                0x000000000800554a                HAL_SPI_TransmitReceive
 .text.HAL_SPI_Transmit_DMA
                0x0000000008005970      0x1e8 ./Drivers/STM32L4xx_HAL_Driver/Src/stm32l4xx_hal_spi.o
                0x0000000008005970                HAL_SPI_Transmit_DMA
 .text.HAL_SPI_TxCpltCallback
                0x0000000008005b58       0x14 ./Drivers/STM32L4xx_HAL_Driver/Src/stm32l4xx_hal_spi.o
                0x0000000008005b58                HAL_SPI_TxCpltCallback
 .text.HAL_SPI_TxHalfCpltCallback
                0x0000000008005b6c       0x14 ./Drivers/STM32L4xx_HAL_Driver/Src/stm32l4xx_hal_spi.o
                0x0000000008005b6c                HAL_SPI_TxHalfCpltCallback
 .text.HAL_SPI_ErrorCallback
                0x0000000008005b80       0x14 ./Drivers/STM32L4xx_HAL_Driver/Src/stm32l4xx_hal_spi.o
                0x0000000008005b80                HAL_SPI_ErrorCallback
 .text.SPI_DMATransmitCplt
                0x0000000008005b94       0xa6 ./Drivers/STM32L4xx_HAL_Driver/Src/stm32l4xx_hal_spi.o
 .text.SPI_DMAHalfTransmitCplt
                0x0000000008005c3a       0x1c ./Drivers/STM32L4xx_HAL_Driver/Src/stm32l4xx_hal_spi.o
 .text.SPI_DMAError
                0x0000000008005c56       0x40 ./Drivers/STM32L4xx_HAL_Driver/Src/stm32l4xx_hal_spi.o
 *fill*         0x0000000008005c96        0x2 
 .text.SPI_WaitFlagStateUntilTimeout
                0x0000000008005c98      0x110 ./Drivers/STM32L4xx_HAL_Driver/Src/stm32l4xx_hal_spi.o
 .text.SPI_WaitFifoStateUntilTimeout
                0x0000000008005da8      0x12c ./Drivers/STM32L4xx_HAL_Driver/Src/stm32l4xx_hal_spi.o
 .text.SPI_EndRxTransaction
                0x0000000008005ed4       0xb0 ./Drivers/STM32L4xx_HAL_Driver/Src/stm32l4xx_hal_spi.o
 .text.SPI_EndRxTxTransaction
                0x0000000008005f84       0x8c ./Drivers/STM32L4xx_HAL_Driver/Src/stm32l4xx_hal_spi.o
 .text.HAL_TIM_Base_Init
                0x0000000008006010       0xae ./Drivers/STM32L4xx_HAL_Driver/Src/stm32l4xx_hal_tim.o
                0x0000000008006010                HAL_TIM_Base_Init
 *fill*         0x00000000080060be        0x2 
 .text.HAL_TIM_Base_Start_IT
                0x00000000080060c0       0xa8 ./Drivers/STM32L4xx_HAL_Driver/Src/stm32l4xx_hal_tim.o
                0x00000000080060c0                HAL_TIM_Base_Start_IT
 .text.HAL_TIM_PWM_Init
                0x0000000008006168       0xae ./Drivers/STM32L4xx_HAL_Driver/Src/stm32l4xx_hal_tim.o
                0x0000000008006168                HAL_TIM_PWM_Init
 .text.HAL_TIM_PWM_MspInit
                0x0000000008006216       0x14 ./Drivers/STM32L4xx_HAL_Driver/Src/stm32l4xx_hal_tim.o
                0x0000000008006216                HAL_TIM_PWM_MspInit
 .text.HAL_TIM_IRQHandler
                0x000000000800622a      0x23e ./Drivers/STM32L4xx_HAL_Driver/Src/stm32l4xx_hal_tim.o
                0x000000000800622a                HAL_TIM_IRQHandler
 .text.HAL_TIM_PWM_ConfigChannel
                0x0000000008006468      0x228 ./Drivers/STM32L4xx_HAL_Driver/Src/stm32l4xx_hal_tim.o
                0x0000000008006468                HAL_TIM_PWM_ConfigChannel
 .text.HAL_TIM_ConfigClockSource
                0x0000000008006690      0x192 ./Drivers/STM32L4xx_HAL_Driver/Src/stm32l4xx_hal_tim.o
                0x0000000008006690                HAL_TIM_ConfigClockSource
 .text.HAL_TIM_OC_DelayElapsedCallback
                0x0000000008006822       0x14 ./Drivers/STM32L4xx_HAL_Driver/Src/stm32l4xx_hal_tim.o
                0x0000000008006822                HAL_TIM_OC_DelayElapsedCallback
 .text.HAL_TIM_IC_CaptureCallback
                0x0000000008006836       0x14 ./Drivers/STM32L4xx_HAL_Driver/Src/stm32l4xx_hal_tim.o
                0x0000000008006836                HAL_TIM_IC_CaptureCallback
 .text.HAL_TIM_PWM_PulseFinishedCallback
                0x000000000800684a       0x14 ./Drivers/STM32L4xx_HAL_Driver/Src/stm32l4xx_hal_tim.o
                0x000000000800684a                HAL_TIM_PWM_PulseFinishedCallback
 .text.HAL_TIM_TriggerCallback
                0x000000000800685e       0x14 ./Drivers/STM32L4xx_HAL_Driver/Src/stm32l4xx_hal_tim.o
                0x000000000800685e                HAL_TIM_TriggerCallback
 *fill*         0x0000000008006872        0x2 
 .text.TIM_Base_SetConfig
                0x0000000008006874       0xc8 ./Drivers/STM32L4xx_HAL_Driver/Src/stm32l4xx_hal_tim.o
                0x0000000008006874                TIM_Base_SetConfig
 .text.TIM_OC1_SetConfig
                0x000000000800693c       0xf8 ./Drivers/STM32L4xx_HAL_Driver/Src/stm32l4xx_hal_tim.o
 .text.TIM_OC2_SetConfig
                0x0000000008006a34       0xf4 ./Drivers/STM32L4xx_HAL_Driver/Src/stm32l4xx_hal_tim.o
                0x0000000008006a34                TIM_OC2_SetConfig
 .text.TIM_OC3_SetConfig
                0x0000000008006b28       0xf0 ./Drivers/STM32L4xx_HAL_Driver/Src/stm32l4xx_hal_tim.o
 .text.TIM_OC4_SetConfig
                0x0000000008006c18       0xbc ./Drivers/STM32L4xx_HAL_Driver/Src/stm32l4xx_hal_tim.o
 .text.TIM_OC5_SetConfig
                0x0000000008006cd4       0xb0 ./Drivers/STM32L4xx_HAL_Driver/Src/stm32l4xx_hal_tim.o
 .text.TIM_OC6_SetConfig
                0x0000000008006d84       0xb4 ./Drivers/STM32L4xx_HAL_Driver/Src/stm32l4xx_hal_tim.o
 .text.TIM_TI1_ConfigInputStage
                0x0000000008006e38       0x5e ./Drivers/STM32L4xx_HAL_Driver/Src/stm32l4xx_hal_tim.o
 .text.TIM_TI2_ConfigInputStage
                0x0000000008006e96       0x60 ./Drivers/STM32L4xx_HAL_Driver/Src/stm32l4xx_hal_tim.o
 .text.TIM_ITRx_SetConfig
                0x0000000008006ef6       0x36 ./Drivers/STM32L4xx_HAL_Driver/Src/stm32l4xx_hal_tim.o
 .text.TIM_ETR_SetConfig
                0x0000000008006f2c       0x40 ./Drivers/STM32L4xx_HAL_Driver/Src/stm32l4xx_hal_tim.o
                0x0000000008006f2c                TIM_ETR_SetConfig
 .text.HAL_TIMEx_MasterConfigSynchronization
                0x0000000008006f6c       0xcc ./Drivers/STM32L4xx_HAL_Driver/Src/stm32l4xx_hal_tim_ex.o
                0x0000000008006f6c                HAL_TIMEx_MasterConfigSynchronization
 .text.HAL_TIMEx_ConfigBreakDeadTime
                0x0000000008007038       0xf0 ./Drivers/STM32L4xx_HAL_Driver/Src/stm32l4xx_hal_tim_ex.o
                0x0000000008007038                HAL_TIMEx_ConfigBreakDeadTime
 .text.HAL_TIMEx_CommutCallback
                0x0000000008007128       0x14 ./Drivers/STM32L4xx_HAL_Driver/Src/stm32l4xx_hal_tim_ex.o
                0x0000000008007128                HAL_TIMEx_CommutCallback
 .text.HAL_TIMEx_BreakCallback
                0x000000000800713c       0x14 ./Drivers/STM32L4xx_HAL_Driver/Src/stm32l4xx_hal_tim_ex.o
                0x000000000800713c                HAL_TIMEx_BreakCallback
 .text.HAL_TIMEx_Break2Callback
                0x0000000008007150       0x14 ./Drivers/STM32L4xx_HAL_Driver/Src/stm32l4xx_hal_tim_ex.o
                0x0000000008007150                HAL_TIMEx_Break2Callback
 .text.__libc_init_array
                0x0000000008007164       0x48 /Applications/STM32CubeIDE.app/Contents/Eclipse/plugins/com.st.stm32cube.ide.mcu.externaltools.gnu-tools-for-stm32.10.3-2021.10.macos64_1.0.0.202111181127/tools/bin/../lib/gcc/arm-none-eabi/10.3.1/../../../../arm-none-eabi/lib/thumb/v7e-m+fp/hard/libc_nano.a(lib_a-init.o)
                0x0000000008007164                __libc_init_array
 .text.memset   0x00000000080071ac       0x10 /Applications/STM32CubeIDE.app/Contents/Eclipse/plugins/com.st.stm32cube.ide.mcu.externaltools.gnu-tools-for-stm32.10.3-2021.10.macos64_1.0.0.202111181127/tools/bin/../lib/gcc/arm-none-eabi/10.3.1/../../../../arm-none-eabi/lib/thumb/v7e-m+fp/hard/libc_nano.a(lib_a-memset.o)
                0x00000000080071ac                memset
 *(.glue_7)
 .glue_7        0x00000000080071bc        0x0 linker stubs
 *(.glue_7t)
 .glue_7t       0x00000000080071bc        0x0 linker stubs
 *(.eh_frame)
 .eh_frame      0x00000000080071bc        0x0 /Applications/STM32CubeIDE.app/Contents/Eclipse/plugins/com.st.stm32cube.ide.mcu.externaltools.gnu-tools-for-stm32.10.3-2021.10.macos64_1.0.0.202111181127/tools/bin/../lib/gcc/arm-none-eabi/10.3.1/thumb/v7e-m+fp/hard/crtbegin.o
 *(.init)
 .init          0x00000000080071bc        0x4 /Applications/STM32CubeIDE.app/Contents/Eclipse/plugins/com.st.stm32cube.ide.mcu.externaltools.gnu-tools-for-stm32.10.3-2021.10.macos64_1.0.0.202111181127/tools/bin/../lib/gcc/arm-none-eabi/10.3.1/thumb/v7e-m+fp/hard/crti.o
                0x00000000080071bc                _init
 .init          0x00000000080071c0        0x8 /Applications/STM32CubeIDE.app/Contents/Eclipse/plugins/com.st.stm32cube.ide.mcu.externaltools.gnu-tools-for-stm32.10.3-2021.10.macos64_1.0.0.202111181127/tools/bin/../lib/gcc/arm-none-eabi/10.3.1/thumb/v7e-m+fp/hard/crtn.o
 *(.fini)
 .fini          0x00000000080071c8        0x4 /Applications/STM32CubeIDE.app/Contents/Eclipse/plugins/com.st.stm32cube.ide.mcu.externaltools.gnu-tools-for-stm32.10.3-2021.10.macos64_1.0.0.202111181127/tools/bin/../lib/gcc/arm-none-eabi/10.3.1/thumb/v7e-m+fp/hard/crti.o
                0x00000000080071c8                _fini
 .fini          0x00000000080071cc        0x8 /Applications/STM32CubeIDE.app/Contents/Eclipse/plugins/com.st.stm32cube.ide.mcu.externaltools.gnu-tools-for-stm32.10.3-2021.10.macos64_1.0.0.202111181127/tools/bin/../lib/gcc/arm-none-eabi/10.3.1/thumb/v7e-m+fp/hard/crtn.o
                0x00000000080071d4                . = ALIGN (0x4)
                0x00000000080071d4                _etext = .

.vfp11_veneer   0x00000000080071d4        0x0
 .vfp11_veneer  0x00000000080071d4        0x0 linker stubs

.v4_bx          0x00000000080071d4        0x0
 .v4_bx         0x00000000080071d4        0x0 linker stubs

.iplt           0x00000000080071d4        0x0
 .iplt          0x00000000080071d4        0x0 /Applications/STM32CubeIDE.app/Contents/Eclipse/plugins/com.st.stm32cube.ide.mcu.externaltools.gnu-tools-for-stm32.10.3-2021.10.macos64_1.0.0.202111181127/tools/bin/../lib/gcc/arm-none-eabi/10.3.1/thumb/v7e-m+fp/hard/crtbegin.o

.rodata         0x00000000080071d4       0x40
                0x00000000080071d4                . = ALIGN (0x4)
 *(.rodata)
 *(.rodata*)
 .rodata.AHBPrescTable
                0x00000000080071d4       0x10 ./Core/Src/system_stm32l4xx.o
                0x00000000080071d4                AHBPrescTable
 .rodata.MSIRangeTable
                0x00000000080071e4       0x30 ./Core/Src/system_stm32l4xx.o
                0x00000000080071e4                MSIRangeTable
                0x0000000008007214                . = ALIGN (0x4)

.ARM.extab      0x0000000008007214        0x0
                0x0000000008007214                . = ALIGN (0x4)
 *(.ARM.extab* .gnu.linkonce.armextab.*)
                0x0000000008007214                . = ALIGN (0x4)

.ARM            0x0000000008007214        0x8
                0x0000000008007214                . = ALIGN (0x4)
                0x0000000008007214                __exidx_start = .
 *(.ARM.exidx*)
 .ARM.exidx     0x0000000008007214        0x8 /Applications/STM32CubeIDE.app/Contents/Eclipse/plugins/com.st.stm32cube.ide.mcu.externaltools.gnu-tools-for-stm32.10.3-2021.10.macos64_1.0.0.202111181127/tools/bin/../lib/gcc/arm-none-eabi/10.3.1/thumb/v7e-m+fp/hard/libgcc.a(_udivmoddi4.o)
                0x000000000800721c                __exidx_end = .
                0x000000000800721c                . = ALIGN (0x4)

.rel.dyn        0x000000000800721c        0x0
 .rel.iplt      0x000000000800721c        0x0 /Applications/STM32CubeIDE.app/Contents/Eclipse/plugins/com.st.stm32cube.ide.mcu.externaltools.gnu-tools-for-stm32.10.3-2021.10.macos64_1.0.0.202111181127/tools/bin/../lib/gcc/arm-none-eabi/10.3.1/thumb/v7e-m+fp/hard/crtbegin.o

.preinit_array  0x000000000800721c        0x0
                0x000000000800721c                . = ALIGN (0x4)
                0x000000000800721c                PROVIDE (__preinit_array_start = .)
 *(.preinit_array*)
                0x000000000800721c                PROVIDE (__preinit_array_end = .)
                0x000000000800721c                . = ALIGN (0x4)

.init_array     0x000000000800721c        0x4
                0x000000000800721c                . = ALIGN (0x4)
                0x000000000800721c                PROVIDE (__init_array_start = .)
 *(SORT_BY_NAME(.init_array.*))
 *(.init_array*)
 .init_array    0x000000000800721c        0x4 /Applications/STM32CubeIDE.app/Contents/Eclipse/plugins/com.st.stm32cube.ide.mcu.externaltools.gnu-tools-for-stm32.10.3-2021.10.macos64_1.0.0.202111181127/tools/bin/../lib/gcc/arm-none-eabi/10.3.1/thumb/v7e-m+fp/hard/crtbegin.o
                0x0000000008007220                PROVIDE (__init_array_end = .)
                0x0000000008007220                . = ALIGN (0x4)

.fini_array     0x0000000008007220        0x4
                0x0000000008007220                . = ALIGN (0x4)
                [!provide]                        PROVIDE (__fini_array_start = .)
 *(SORT_BY_NAME(.fini_array.*))
 *(.fini_array*)
 .fini_array    0x0000000008007220        0x4 /Applications/STM32CubeIDE.app/Contents/Eclipse/plugins/com.st.stm32cube.ide.mcu.externaltools.gnu-tools-for-stm32.10.3-2021.10.macos64_1.0.0.202111181127/tools/bin/../lib/gcc/arm-none-eabi/10.3.1/thumb/v7e-m+fp/hard/crtbegin.o
                [!provide]                        PROVIDE (__fini_array_end = .)
                0x0000000008007224                . = ALIGN (0x4)
                0x0000000008007224                _sidata = LOADADDR (.data)

.data           0x0000000020000000        0xc load address 0x0000000008007224
                0x0000000020000000                . = ALIGN (0x4)
                0x0000000020000000                _sdata = .
 *(.data)
 *(.data*)
 .data.SystemCoreClock
                0x0000000020000000        0x4 ./Core/Src/system_stm32l4xx.o
                0x0000000020000000                SystemCoreClock
 .data.uwTickPrio
                0x0000000020000004        0x4 ./Drivers/STM32L4xx_HAL_Driver/Src/stm32l4xx_hal.o
                0x0000000020000004                uwTickPrio
 .data.uwTickFreq
                0x0000000020000008        0x1 ./Drivers/STM32L4xx_HAL_Driver/Src/stm32l4xx_hal.o
                0x0000000020000008                uwTickFreq
 *(.RamFunc)
 *(.RamFunc*)
                0x000000002000000c                . = ALIGN (0x4)
 *fill*         0x0000000020000009        0x3 
                0x000000002000000c                _edata = .

.igot.plt       0x000000002000000c        0x0 load address 0x0000000008007230
 .igot.plt      0x000000002000000c        0x0 /Applications/STM32CubeIDE.app/Contents/Eclipse/plugins/com.st.stm32cube.ide.mcu.externaltools.gnu-tools-for-stm32.10.3-2021.10.macos64_1.0.0.202111181127/tools/bin/../lib/gcc/arm-none-eabi/10.3.1/thumb/v7e-m+fp/hard/crtbegin.o
                0x000000002000000c                . = ALIGN (0x4)

.bss            0x000000002000000c      0x318 load address 0x0000000008007230
                0x000000002000000c                _sbss = .
                0x000000002000000c                __bss_start__ = _sbss
 *(.bss)
 .bss           0x000000002000000c       0x1c /Applications/STM32CubeIDE.app/Contents/Eclipse/plugins/com.st.stm32cube.ide.mcu.externaltools.gnu-tools-for-stm32.10.3-2021.10.macos64_1.0.0.202111181127/tools/bin/../lib/gcc/arm-none-eabi/10.3.1/thumb/v7e-m+fp/hard/crtbegin.o
 *(.bss*)
 .bss._Mmode    0x0000000020000028        0x1 ./Core/Src/IMU.o
                0x0000000020000028                _Mmode
 *fill*         0x0000000020000029        0x3 
 .bss._magCalibration
                0x000000002000002c        0xc ./Core/Src/IMU.o
                0x000000002000002c                _magCalibration
 .bss.magCalibration
                0x0000000020000038        0xc ./Core/Src/IMU.o
                0x0000000020000038                magCalibration
 .bss.status    0x0000000020000044        0x1 ./Core/Src/IMU.o
                0x0000000020000044                status
 *fill*         0x0000000020000045        0x3 
 .bss.LoRa      0x0000000020000048       0x70 ./Core/Src/LoRa.o
                0x0000000020000048                LoRa
 .bss.bmp280    0x00000000200000b8       0x34 ./Core/Src/bmp280.o
                0x00000000200000b8                bmp280
 .bss.hi2c1     0x00000000200000ec       0x54 ./Core/Src/i2c.o
                0x00000000200000ec                hi2c1
 .bss.hi2c3     0x0000000020000140       0x54 ./Core/Src/i2c.o
                0x0000000020000140                hi2c3
 .bss.hspi1     0x0000000020000194       0x64 ./Core/Src/spi.o
                0x0000000020000194                hspi1
 .bss.hdma_spi1_rx
                0x00000000200001f8       0x48 ./Core/Src/spi.o
                0x00000000200001f8                hdma_spi1_rx
 .bss.hdma_spi1_tx
                0x0000000020000240       0x48 ./Core/Src/spi.o
                0x0000000020000240                hdma_spi1_tx
 .bss.htim1     0x0000000020000288       0x4c ./Core/Src/tim.o
                0x0000000020000288                htim1
 .bss.htim16    0x00000000200002d4       0x4c ./Core/Src/tim.o
                0x00000000200002d4                htim16
 .bss.uwTick    0x0000000020000320        0x4 ./Drivers/STM32L4xx_HAL_Driver/Src/stm32l4xx_hal.o
                0x0000000020000320                uwTick
 *(COMMON)
                0x0000000020000324                . = ALIGN (0x4)
                0x0000000020000324                _ebss = .
                0x0000000020000324                __bss_end__ = _ebss

._user_heap_stack
                0x0000000020000324      0x504 load address 0x0000000008007230
                0x0000000020000328                . = ALIGN (0x8)
 *fill*         0x0000000020000324        0x4 
                [!provide]                        PROVIDE (end = .)
                0x0000000020000328                PROVIDE (_end = .)
                0x0000000020000428                . = (. + _Min_Heap_Size)
 *fill*         0x0000000020000328      0x100 
                0x0000000020000828                . = (. + _Min_Stack_Size)
 *fill*         0x0000000020000428      0x400 
                0x0000000020000828                . = ALIGN (0x8)

/DISCARD/
 libc.a(*)
 libm.a(*)
 libgcc.a(*)

.ARM.attributes
                0x0000000000000000       0x30
 *(.ARM.attributes)
 .ARM.attributes
                0x0000000000000000       0x1e /Applications/STM32CubeIDE.app/Contents/Eclipse/plugins/com.st.stm32cube.ide.mcu.externaltools.gnu-tools-for-stm32.10.3-2021.10.macos64_1.0.0.202111181127/tools/bin/../lib/gcc/arm-none-eabi/10.3.1/thumb/v7e-m+fp/hard/crti.o
 .ARM.attributes
                0x000000000000001e       0x34 /Applications/STM32CubeIDE.app/Contents/Eclipse/plugins/com.st.stm32cube.ide.mcu.externaltools.gnu-tools-for-stm32.10.3-2021.10.macos64_1.0.0.202111181127/tools/bin/../lib/gcc/arm-none-eabi/10.3.1/thumb/v7e-m+fp/hard/crtbegin.o
 .ARM.attributes
                0x0000000000000052       0x34 ./Core/Src/IMU.o
 .ARM.attributes
                0x0000000000000086       0x34 ./Core/Src/LoRa.o
 .ARM.attributes
                0x00000000000000ba       0x34 ./Core/Src/bmp280.o
 .ARM.attributes
                0x00000000000000ee       0x34 ./Core/Src/dma.o
 .ARM.attributes
                0x0000000000000122       0x34 ./Core/Src/gpio.o
 .ARM.attributes
                0x0000000000000156       0x34 ./Core/Src/i2c.o
 .ARM.attributes
                0x000000000000018a       0x34 ./Core/Src/main.o
 .ARM.attributes
                0x00000000000001be       0x34 ./Core/Src/servo.o
 .ARM.attributes
                0x00000000000001f2       0x34 ./Core/Src/spi.o
 .ARM.attributes
                0x0000000000000226       0x34 ./Core/Src/stm32l4xx_hal_msp.o
 .ARM.attributes
                0x000000000000025a       0x34 ./Core/Src/stm32l4xx_it.o
 .ARM.attributes
                0x000000000000028e       0x34 ./Core/Src/sysinit.o
 .ARM.attributes
                0x00000000000002c2       0x34 ./Core/Src/system_stm32l4xx.o
 .ARM.attributes
                0x00000000000002f6       0x34 ./Core/Src/tim.o
 .ARM.attributes
                0x000000000000032a       0x21 ./Core/Startup/startup_stm32l432kcux.o
 .ARM.attributes
                0x000000000000034b       0x34 ./Drivers/STM32L4xx_HAL_Driver/Src/stm32l4xx_hal.o
 .ARM.attributes
                0x000000000000037f       0x34 ./Drivers/STM32L4xx_HAL_Driver/Src/stm32l4xx_hal_cortex.o
 .ARM.attributes
                0x00000000000003b3       0x34 ./Drivers/STM32L4xx_HAL_Driver/Src/stm32l4xx_hal_dma.o
 .ARM.attributes
                0x00000000000003e7       0x34 ./Drivers/STM32L4xx_HAL_Driver/Src/stm32l4xx_hal_gpio.o
 .ARM.attributes
                0x000000000000041b       0x34 ./Drivers/STM32L4xx_HAL_Driver/Src/stm32l4xx_hal_i2c.o
 .ARM.attributes
                0x000000000000044f       0x34 ./Drivers/STM32L4xx_HAL_Driver/Src/stm32l4xx_hal_i2c_ex.o
 .ARM.attributes
                0x0000000000000483       0x34 ./Drivers/STM32L4xx_HAL_Driver/Src/stm32l4xx_hal_pwr_ex.o
 .ARM.attributes
                0x00000000000004b7       0x34 ./Drivers/STM32L4xx_HAL_Driver/Src/stm32l4xx_hal_rcc.o
 .ARM.attributes
                0x00000000000004eb       0x34 ./Drivers/STM32L4xx_HAL_Driver/Src/stm32l4xx_hal_rcc_ex.o
 .ARM.attributes
                0x000000000000051f       0x34 ./Drivers/STM32L4xx_HAL_Driver/Src/stm32l4xx_hal_spi.o
 .ARM.attributes
                0x0000000000000553       0x34 ./Drivers/STM32L4xx_HAL_Driver/Src/stm32l4xx_hal_tim.o
 .ARM.attributes
                0x0000000000000587       0x34 ./Drivers/STM32L4xx_HAL_Driver/Src/stm32l4xx_hal_tim_ex.o
 .ARM.attributes
                0x00000000000005bb       0x34 /Applications/STM32CubeIDE.app/Contents/Eclipse/plugins/com.st.stm32cube.ide.mcu.externaltools.gnu-tools-for-stm32.10.3-2021.10.macos64_1.0.0.202111181127/tools/bin/../lib/gcc/arm-none-eabi/10.3.1/../../../../arm-none-eabi/lib/thumb/v7e-m+fp/hard/libc_nano.a(lib_a-init.o)
 .ARM.attributes
                0x00000000000005ef       0x34 /Applications/STM32CubeIDE.app/Contents/Eclipse/plugins/com.st.stm32cube.ide.mcu.externaltools.gnu-tools-for-stm32.10.3-2021.10.macos64_1.0.0.202111181127/tools/bin/../lib/gcc/arm-none-eabi/10.3.1/../../../../arm-none-eabi/lib/thumb/v7e-m+fp/hard/libc_nano.a(lib_a-memset.o)
 .ARM.attributes
                0x0000000000000623       0x1e /Applications/STM32CubeIDE.app/Contents/Eclipse/plugins/com.st.stm32cube.ide.mcu.externaltools.gnu-tools-for-stm32.10.3-2021.10.macos64_1.0.0.202111181127/tools/bin/../lib/gcc/arm-none-eabi/10.3.1/thumb/v7e-m+fp/hard/libgcc.a(_aeabi_uldivmod.o)
 .ARM.attributes
                0x0000000000000641       0x34 /Applications/STM32CubeIDE.app/Contents/Eclipse/plugins/com.st.stm32cube.ide.mcu.externaltools.gnu-tools-for-stm32.10.3-2021.10.macos64_1.0.0.202111181127/tools/bin/../lib/gcc/arm-none-eabi/10.3.1/thumb/v7e-m+fp/hard/libgcc.a(_udivmoddi4.o)
 .ARM.attributes
                0x0000000000000675       0x1e /Applications/STM32CubeIDE.app/Contents/Eclipse/plugins/com.st.stm32cube.ide.mcu.externaltools.gnu-tools-for-stm32.10.3-2021.10.macos64_1.0.0.202111181127/tools/bin/../lib/gcc/arm-none-eabi/10.3.1/thumb/v7e-m+fp/hard/libgcc.a(_dvmd_tls.o)
 .ARM.attributes
                0x0000000000000693       0x1e /Applications/STM32CubeIDE.app/Contents/Eclipse/plugins/com.st.stm32cube.ide.mcu.externaltools.gnu-tools-for-stm32.10.3-2021.10.macos64_1.0.0.202111181127/tools/bin/../lib/gcc/arm-none-eabi/10.3.1/thumb/v7e-m+fp/hard/crtn.o
OUTPUT(RocketControl.elf elf32-littlearm)
LOAD linker stubs
LOAD /Applications/STM32CubeIDE.app/Contents/Eclipse/plugins/com.st.stm32cube.ide.mcu.externaltools.gnu-tools-for-stm32.10.3-2021.10.macos64_1.0.0.202111181127/tools/bin/../lib/gcc/arm-none-eabi/10.3.1/../../../../arm-none-eabi/lib/thumb/v7e-m+fp/hard/libc.a
LOAD /Applications/STM32CubeIDE.app/Contents/Eclipse/plugins/com.st.stm32cube.ide.mcu.externaltools.gnu-tools-for-stm32.10.3-2021.10.macos64_1.0.0.202111181127/tools/bin/../lib/gcc/arm-none-eabi/10.3.1/../../../../arm-none-eabi/lib/thumb/v7e-m+fp/hard/libm.a
LOAD /Applications/STM32CubeIDE.app/Contents/Eclipse/plugins/com.st.stm32cube.ide.mcu.externaltools.gnu-tools-for-stm32.10.3-2021.10.macos64_1.0.0.202111181127/tools/bin/../lib/gcc/arm-none-eabi/10.3.1/thumb/v7e-m+fp/hard/libgcc.a

.debug_info     0x0000000000000000    0x17f4b
 .debug_info    0x0000000000000000     0x1286 ./Core/Src/IMU.o
 .debug_info    0x0000000000001286     0x17d7 ./Core/Src/LoRa.o
 .debug_info    0x0000000000002a5d      0xf90 ./Core/Src/bmp280.o
 .debug_info    0x00000000000039ed      0x4f7 ./Core/Src/dma.o
 .debug_info    0x0000000000003ee4      0x6e8 ./Core/Src/gpio.o
 .debug_info    0x00000000000045cc      0xce4 ./Core/Src/i2c.o
 .debug_info    0x00000000000052b0      0xf32 ./Core/Src/main.o
 .debug_info    0x00000000000061e2      0x99d ./Core/Src/servo.o
 .debug_info    0x0000000000006b7f      0xaa0 ./Core/Src/spi.o
 .debug_info    0x000000000000761f      0x32b ./Core/Src/stm32l4xx_hal_msp.o
 .debug_info    0x000000000000794a      0x811 ./Core/Src/stm32l4xx_it.o
 .debug_info    0x000000000000815b     0x1262 ./Core/Src/sysinit.o
 .debug_info    0x00000000000093bd      0x5d4 ./Core/Src/system_stm32l4xx.o
 .debug_info    0x0000000000009991     0x103d ./Core/Src/tim.o
 .debug_info    0x000000000000a9ce       0x22 ./Core/Startup/startup_stm32l432kcux.o
 .debug_info    0x000000000000a9f0      0x9da ./Drivers/STM32L4xx_HAL_Driver/Src/stm32l4xx_hal.o
 .debug_info    0x000000000000b3ca      0xda3 ./Drivers/STM32L4xx_HAL_Driver/Src/stm32l4xx_hal_cortex.o
 .debug_info    0x000000000000c16d      0x76a ./Drivers/STM32L4xx_HAL_Driver/Src/stm32l4xx_hal_dma.o
 .debug_info    0x000000000000c8d7      0x821 ./Drivers/STM32L4xx_HAL_Driver/Src/stm32l4xx_hal_gpio.o
 .debug_info    0x000000000000d0f8     0x2232 ./Drivers/STM32L4xx_HAL_Driver/Src/stm32l4xx_hal_i2c.o
 .debug_info    0x000000000000f32a      0xa53 ./Drivers/STM32L4xx_HAL_Driver/Src/stm32l4xx_hal_i2c_ex.o
 .debug_info    0x000000000000fd7d      0x96b ./Drivers/STM32L4xx_HAL_Driver/Src/stm32l4xx_hal_pwr_ex.o
 .debug_info    0x00000000000106e8      0xc97 ./Drivers/STM32L4xx_HAL_Driver/Src/stm32l4xx_hal_rcc.o
 .debug_info    0x000000000001137f      0xf5b ./Drivers/STM32L4xx_HAL_Driver/Src/stm32l4xx_hal_rcc_ex.o
 .debug_info    0x00000000000122da     0x1782 ./Drivers/STM32L4xx_HAL_Driver/Src/stm32l4xx_hal_spi.o
 .debug_info    0x0000000000013a5c     0x2d04 ./Drivers/STM32L4xx_HAL_Driver/Src/stm32l4xx_hal_tim.o
 .debug_info    0x0000000000016760     0x17eb ./Drivers/STM32L4xx_HAL_Driver/Src/stm32l4xx_hal_tim_ex.o

.debug_abbrev   0x0000000000000000     0x36ab
 .debug_abbrev  0x0000000000000000      0x32a ./Core/Src/IMU.o
 .debug_abbrev  0x000000000000032a      0x304 ./Core/Src/LoRa.o
 .debug_abbrev  0x000000000000062e      0x27d ./Core/Src/bmp280.o
 .debug_abbrev  0x00000000000008ab       0xf8 ./Core/Src/dma.o
 .debug_abbrev  0x00000000000009a3      0x14f ./Core/Src/gpio.o
 .debug_abbrev  0x0000000000000af2      0x202 ./Core/Src/i2c.o
 .debug_abbrev  0x0000000000000cf4      0x278 ./Core/Src/main.o
 .debug_abbrev  0x0000000000000f6c      0x23f ./Core/Src/servo.o
 .debug_abbrev  0x00000000000011ab      0x1f3 ./Core/Src/spi.o
 .debug_abbrev  0x000000000000139e       0xc2 ./Core/Src/stm32l4xx_hal_msp.o
 .debug_abbrev  0x0000000000001460      0x184 ./Core/Src/stm32l4xx_it.o
 .debug_abbrev  0x00000000000015e4      0x240 ./Core/Src/sysinit.o
 .debug_abbrev  0x0000000000001824      0x116 ./Core/Src/system_stm32l4xx.o
 .debug_abbrev  0x000000000000193a      0x239 ./Core/Src/tim.o
 .debug_abbrev  0x0000000000001b73       0x12 ./Core/Startup/startup_stm32l432kcux.o
 .debug_abbrev  0x0000000000001b85      0x21e ./Drivers/STM32L4xx_HAL_Driver/Src/stm32l4xx_hal.o
 .debug_abbrev  0x0000000000001da3      0x316 ./Drivers/STM32L4xx_HAL_Driver/Src/stm32l4xx_hal_cortex.o
 .debug_abbrev  0x00000000000020b9      0x1d7 ./Drivers/STM32L4xx_HAL_Driver/Src/stm32l4xx_hal_dma.o
 .debug_abbrev  0x0000000000002290      0x1bb ./Drivers/STM32L4xx_HAL_Driver/Src/stm32l4xx_hal_gpio.o
 .debug_abbrev  0x000000000000244b      0x243 ./Drivers/STM32L4xx_HAL_Driver/Src/stm32l4xx_hal_i2c.o
 .debug_abbrev  0x000000000000268e      0x1b0 ./Drivers/STM32L4xx_HAL_Driver/Src/stm32l4xx_hal_i2c_ex.o
 .debug_abbrev  0x000000000000283e      0x1f3 ./Drivers/STM32L4xx_HAL_Driver/Src/stm32l4xx_hal_pwr_ex.o
 .debug_abbrev  0x0000000000002a31      0x2bd ./Drivers/STM32L4xx_HAL_Driver/Src/stm32l4xx_hal_rcc.o
 .debug_abbrev  0x0000000000002cee      0x299 ./Drivers/STM32L4xx_HAL_Driver/Src/stm32l4xx_hal_rcc_ex.o
 .debug_abbrev  0x0000000000002f87      0x254 ./Drivers/STM32L4xx_HAL_Driver/Src/stm32l4xx_hal_spi.o
 .debug_abbrev  0x00000000000031db      0x264 ./Drivers/STM32L4xx_HAL_Driver/Src/stm32l4xx_hal_tim.o
 .debug_abbrev  0x000000000000343f      0x26c ./Drivers/STM32L4xx_HAL_Driver/Src/stm32l4xx_hal_tim_ex.o

.debug_aranges  0x0000000000000000     0x15d0
 .debug_aranges
                0x0000000000000000       0xe8 ./Core/Src/IMU.o
 .debug_aranges
                0x00000000000000e8      0x1d0 ./Core/Src/LoRa.o
 .debug_aranges
                0x00000000000002b8       0x88 ./Core/Src/bmp280.o
 .debug_aranges
                0x0000000000000340       0x20 ./Core/Src/dma.o
 .debug_aranges
                0x0000000000000360       0x20 ./Core/Src/gpio.o
 .debug_aranges
                0x0000000000000380       0x38 ./Core/Src/i2c.o
 .debug_aranges
                0x00000000000003b8       0x40 ./Core/Src/main.o
 .debug_aranges
                0x00000000000003f8       0x58 ./Core/Src/servo.o
 .debug_aranges
                0x0000000000000450       0x30 ./Core/Src/spi.o
 .debug_aranges
                0x0000000000000480       0x20 ./Core/Src/stm32l4xx_hal_msp.o
 .debug_aranges
                0x00000000000004a0       0x80 ./Core/Src/stm32l4xx_it.o
 .debug_aranges
                0x0000000000000520       0x60 ./Core/Src/sysinit.o
 .debug_aranges
                0x0000000000000580       0x28 ./Core/Src/system_stm32l4xx.o
 .debug_aranges
                0x00000000000005a8       0x40 ./Core/Src/tim.o
 .debug_aranges
                0x00000000000005e8       0x28 ./Core/Startup/startup_stm32l432kcux.o
 .debug_aranges
                0x0000000000000610      0x108 ./Drivers/STM32L4xx_HAL_Driver/Src/stm32l4xx_hal.o
 .debug_aranges
                0x0000000000000718      0x118 ./Drivers/STM32L4xx_HAL_Driver/Src/stm32l4xx_hal_cortex.o
 .debug_aranges
                0x0000000000000830       0x80 ./Drivers/STM32L4xx_HAL_Driver/Src/stm32l4xx_hal_dma.o
 .debug_aranges
                0x00000000000008b0       0x58 ./Drivers/STM32L4xx_HAL_Driver/Src/stm32l4xx_hal_gpio.o
 .debug_aranges
                0x0000000000000908      0x2a0 ./Drivers/STM32L4xx_HAL_Driver/Src/stm32l4xx_hal_i2c.o
 .debug_aranges
                0x0000000000000ba8       0x48 ./Drivers/STM32L4xx_HAL_Driver/Src/stm32l4xx_hal_i2c_ex.o
 .debug_aranges
                0x0000000000000bf0      0x128 ./Drivers/STM32L4xx_HAL_Driver/Src/stm32l4xx_hal_pwr_ex.o
 .debug_aranges
                0x0000000000000d18       0x90 ./Drivers/STM32L4xx_HAL_Driver/Src/stm32l4xx_hal_rcc.o
 .debug_aranges
                0x0000000000000da8       0xf0 ./Drivers/STM32L4xx_HAL_Driver/Src/stm32l4xx_hal_rcc_ex.o
 .debug_aranges
                0x0000000000000e98      0x1d8 ./Drivers/STM32L4xx_HAL_Driver/Src/stm32l4xx_hal_spi.o
 .debug_aranges
                0x0000000000001070      0x3e0 ./Drivers/STM32L4xx_HAL_Driver/Src/stm32l4xx_hal_tim.o
 .debug_aranges
                0x0000000000001450      0x180 ./Drivers/STM32L4xx_HAL_Driver/Src/stm32l4xx_hal_tim_ex.o

.debug_ranges   0x0000000000000000     0x1428
 .debug_ranges  0x0000000000000000       0xd8 ./Core/Src/IMU.o
 .debug_ranges  0x00000000000000d8      0x1c0 ./Core/Src/LoRa.o
 .debug_ranges  0x0000000000000298       0x78 ./Core/Src/bmp280.o
 .debug_ranges  0x0000000000000310       0x10 ./Core/Src/dma.o
 .debug_ranges  0x0000000000000320       0x10 ./Core/Src/gpio.o
 .debug_ranges  0x0000000000000330       0x28 ./Core/Src/i2c.o
 .debug_ranges  0x0000000000000358       0x30 ./Core/Src/main.o
 .debug_ranges  0x0000000000000388       0x48 ./Core/Src/servo.o
 .debug_ranges  0x00000000000003d0       0x20 ./Core/Src/spi.o
 .debug_ranges  0x00000000000003f0       0x10 ./Core/Src/stm32l4xx_hal_msp.o
 .debug_ranges  0x0000000000000400       0x70 ./Core/Src/stm32l4xx_it.o
 .debug_ranges  0x0000000000000470       0x50 ./Core/Src/sysinit.o
 .debug_ranges  0x00000000000004c0       0x18 ./Core/Src/system_stm32l4xx.o
 .debug_ranges  0x00000000000004d8       0x30 ./Core/Src/tim.o
 .debug_ranges  0x0000000000000508       0x20 ./Core/Startup/startup_stm32l432kcux.o
 .debug_ranges  0x0000000000000528       0xf8 ./Drivers/STM32L4xx_HAL_Driver/Src/stm32l4xx_hal.o
 .debug_ranges  0x0000000000000620      0x108 ./Drivers/STM32L4xx_HAL_Driver/Src/stm32l4xx_hal_cortex.o
 .debug_ranges  0x0000000000000728       0x70 ./Drivers/STM32L4xx_HAL_Driver/Src/stm32l4xx_hal_dma.o
 .debug_ranges  0x0000000000000798       0x48 ./Drivers/STM32L4xx_HAL_Driver/Src/stm32l4xx_hal_gpio.o
 .debug_ranges  0x00000000000007e0      0x290 ./Drivers/STM32L4xx_HAL_Driver/Src/stm32l4xx_hal_i2c.o
 .debug_ranges  0x0000000000000a70       0x38 ./Drivers/STM32L4xx_HAL_Driver/Src/stm32l4xx_hal_i2c_ex.o
 .debug_ranges  0x0000000000000aa8      0x118 ./Drivers/STM32L4xx_HAL_Driver/Src/stm32l4xx_hal_pwr_ex.o
 .debug_ranges  0x0000000000000bc0       0x80 ./Drivers/STM32L4xx_HAL_Driver/Src/stm32l4xx_hal_rcc.o
 .debug_ranges  0x0000000000000c40       0xe0 ./Drivers/STM32L4xx_HAL_Driver/Src/stm32l4xx_hal_rcc_ex.o
 .debug_ranges  0x0000000000000d20      0x1c8 ./Drivers/STM32L4xx_HAL_Driver/Src/stm32l4xx_hal_spi.o
 .debug_ranges  0x0000000000000ee8      0x3d0 ./Drivers/STM32L4xx_HAL_Driver/Src/stm32l4xx_hal_tim.o
 .debug_ranges  0x00000000000012b8      0x170 ./Drivers/STM32L4xx_HAL_Driver/Src/stm32l4xx_hal_tim_ex.o

.debug_macro    0x0000000000000000    0x246f0
 .debug_macro   0x0000000000000000      0x402 ./Core/Src/IMU.o
 .debug_macro   0x0000000000000402      0xa78 ./Core/Src/IMU.o
 .debug_macro   0x0000000000000e7a       0x22 ./Core/Src/IMU.o
 .debug_macro   0x0000000000000e9c       0x4c ./Core/Src/IMU.o
 .debug_macro   0x0000000000000ee8       0x1e ./Core/Src/IMU.o
 .debug_macro   0x0000000000000f06       0x94 ./Core/Src/IMU.o
 .debug_macro   0x0000000000000f9a       0x3c ./Core/Src/IMU.o
 .debug_macro   0x0000000000000fd6       0x34 ./Core/Src/IMU.o
 .debug_macro   0x000000000000100a      0x174 ./Core/Src/IMU.o
 .debug_macro   0x000000000000117e       0x16 ./Core/Src/IMU.o
 .debug_macro   0x0000000000001194       0x43 ./Core/Src/IMU.o
 .debug_macro   0x00000000000011d7       0x57 ./Core/Src/IMU.o
 .debug_macro   0x000000000000122e       0x34 ./Core/Src/IMU.o
 .debug_macro   0x0000000000001262       0x10 ./Core/Src/IMU.o
 .debug_macro   0x0000000000001272       0x58 ./Core/Src/IMU.o
 .debug_macro   0x00000000000012ca       0x71 ./Core/Src/IMU.o
 .debug_macro   0x000000000000133b       0x1c ./Core/Src/IMU.o
 .debug_macro   0x0000000000001357      0x12a ./Core/Src/IMU.o
 .debug_macro   0x0000000000001481      0x341 ./Core/Src/IMU.o
 .debug_macro   0x00000000000017c2      0x19b ./Core/Src/IMU.o
 .debug_macro   0x000000000000195d      0x1ad ./Core/Src/IMU.o
 .debug_macro   0x0000000000001b0a       0x2e ./Core/Src/IMU.o
 .debug_macro   0x0000000000001b38       0x28 ./Core/Src/IMU.o
 .debug_macro   0x0000000000001b60      0x103 ./Core/Src/IMU.o
 .debug_macro   0x0000000000001c63       0x6a ./Core/Src/IMU.o
 .debug_macro   0x0000000000001ccd      0x1df ./Core/Src/IMU.o
 .debug_macro   0x0000000000001eac       0x1c ./Core/Src/IMU.o
 .debug_macro   0x0000000000001ec8       0x22 ./Core/Src/IMU.o
 .debug_macro   0x0000000000001eea       0xfb ./Core/Src/IMU.o
 .debug_macro   0x0000000000001fe5     0x1011 ./Core/Src/IMU.o
 .debug_macro   0x0000000000002ff6      0x11f ./Core/Src/IMU.o
 .debug_macro   0x0000000000003115    0x147a6 ./Core/Src/IMU.o
 .debug_macro   0x00000000000178bb       0x6d ./Core/Src/IMU.o
 .debug_macro   0x0000000000017928     0x38e6 ./Core/Src/IMU.o
 .debug_macro   0x000000000001b20e       0x56 ./Core/Src/IMU.o
 .debug_macro   0x000000000001b264     0x11ca ./Core/Src/IMU.o
 .debug_macro   0x000000000001c42e      0x53c ./Core/Src/IMU.o
 .debug_macro   0x000000000001c96a      0x1b9 ./Core/Src/IMU.o
 .debug_macro   0x000000000001cb23      0x122 ./Core/Src/IMU.o
 .debug_macro   0x000000000001cc45      0x26b ./Core/Src/IMU.o
 .debug_macro   0x000000000001ceb0      0x23d ./Core/Src/IMU.o
 .debug_macro   0x000000000001d0ed      0x241 ./Core/Src/IMU.o
 .debug_macro   0x000000000001d32e      0x375 ./Core/Src/IMU.o
 .debug_macro   0x000000000001d6a3       0xd6 ./Core/Src/IMU.o
 .debug_macro   0x000000000001d779      0x22c ./Core/Src/IMU.o
 .debug_macro   0x000000000001d9a5       0x61 ./Core/Src/IMU.o
 .debug_macro   0x000000000001da06       0xa5 ./Core/Src/IMU.o
 .debug_macro   0x000000000001daab      0x122 ./Core/Src/IMU.o
 .debug_macro   0x000000000001dbcd      0x356 ./Core/Src/IMU.o
 .debug_macro   0x000000000001df23      0x2fe ./Core/Src/IMU.o
 .debug_macro   0x000000000001e221      0xa91 ./Core/Src/IMU.o
 .debug_macro   0x000000000001ecb2      0x12d ./Core/Src/IMU.o
 .debug_macro   0x000000000001eddf      0x220 ./Core/Src/IMU.o
 .debug_macro   0x000000000001efff       0x10 ./Core/Src/IMU.o
 .debug_macro   0x000000000001f00f       0x1c ./Core/Src/IMU.o
 .debug_macro   0x000000000001f02b       0x35 ./Core/Src/IMU.o
 .debug_macro   0x000000000001f060       0x10 ./Core/Src/IMU.o
 .debug_macro   0x000000000001f070       0x10 ./Core/Src/IMU.o
 .debug_macro   0x000000000001f080       0x1c ./Core/Src/IMU.o
 .debug_macro   0x000000000001f09c       0x52 ./Core/Src/IMU.o
 .debug_macro   0x000000000001f0ee       0x22 ./Core/Src/IMU.o
 .debug_macro   0x000000000001f110       0x10 ./Core/Src/IMU.o
 .debug_macro   0x000000000001f120       0x52 ./Core/Src/IMU.o
 .debug_macro   0x000000000001f172       0xd5 ./Core/Src/IMU.o
 .debug_macro   0x000000000001f247       0x1c ./Core/Src/IMU.o
 .debug_macro   0x000000000001f263       0x3d ./Core/Src/IMU.o
 .debug_macro   0x000000000001f2a0       0x16 ./Core/Src/IMU.o
 .debug_macro   0x000000000001f2b6      0x145 ./Core/Src/IMU.o
 .debug_macro   0x000000000001f3fb       0x22 ./Core/Src/IMU.o
 .debug_macro   0x000000000001f41d       0x22 ./Core/Src/IMU.o
 .debug_macro   0x000000000001f43f       0xa0 ./Core/Src/IMU.o
 .debug_macro   0x000000000001f4df       0x6a ./Core/Src/IMU.o
 .debug_macro   0x000000000001f549       0x16 ./Core/Src/IMU.o
 .debug_macro   0x000000000001f55f       0x20 ./Core/Src/IMU.o
 .debug_macro   0x000000000001f57f      0x32e ./Core/Src/IMU.o
 .debug_macro   0x000000000001f8ad      0x54e ./Core/Src/LoRa.o
 .debug_macro   0x000000000001fdfb       0x8e ./Core/Src/LoRa.o
 .debug_macro   0x000000000001fe89       0x51 ./Core/Src/LoRa.o
 .debug_macro   0x000000000001feda       0x5c ./Core/Src/LoRa.o
 .debug_macro   0x000000000001ff36       0x52 ./Core/Src/LoRa.o
 .debug_macro   0x000000000001ff88       0x16 ./Core/Src/LoRa.o
 .debug_macro   0x000000000001ff9e       0x9a ./Core/Src/LoRa.o
 .debug_macro   0x0000000000020038      0x470 ./Core/Src/bmp280.o
 .debug_macro   0x00000000000204a8       0x1c ./Core/Src/bmp280.o
 .debug_macro   0x00000000000204c4      0x40a ./Core/Src/dma.o
 .debug_macro   0x00000000000208ce      0x404 ./Core/Src/gpio.o
 .debug_macro   0x0000000000020cd2      0x404 ./Core/Src/i2c.o
 .debug_macro   0x00000000000210d6      0x42a ./Core/Src/main.o
 .debug_macro   0x0000000000021500      0x404 ./Core/Src/servo.o
 .debug_macro   0x0000000000021904      0x404 ./Core/Src/spi.o
 .debug_macro   0x0000000000021d08      0x400 ./Core/Src/stm32l4xx_hal_msp.o
 .debug_macro   0x0000000000022108      0x40a ./Core/Src/stm32l4xx_it.o
 .debug_macro   0x0000000000022512      0x408 ./Core/Src/sysinit.o
 .debug_macro   0x000000000002291a      0x1da ./Core/Src/system_stm32l4xx.o
 .debug_macro   0x0000000000022af4      0x404 ./Core/Src/tim.o
 .debug_macro   0x0000000000022ef8      0x222 ./Drivers/STM32L4xx_HAL_Driver/Src/stm32l4xx_hal.o
 .debug_macro   0x000000000002311a      0x1da ./Drivers/STM32L4xx_HAL_Driver/Src/stm32l4xx_hal_cortex.o
 .debug_macro   0x00000000000232f4      0x1da ./Drivers/STM32L4xx_HAL_Driver/Src/stm32l4xx_hal_dma.o
 .debug_macro   0x00000000000234ce      0x1e1 ./Drivers/STM32L4xx_HAL_Driver/Src/stm32l4xx_hal_gpio.o
 .debug_macro   0x00000000000236af      0x2a6 ./Drivers/STM32L4xx_HAL_Driver/Src/stm32l4xx_hal_i2c.o
 .debug_macro   0x0000000000023955      0x1da ./Drivers/STM32L4xx_HAL_Driver/Src/stm32l4xx_hal_i2c_ex.o
 .debug_macro   0x0000000000023b2f      0x1fe ./Drivers/STM32L4xx_HAL_Driver/Src/stm32l4xx_hal_pwr_ex.o
 .debug_macro   0x0000000000023d2d      0x21c ./Drivers/STM32L4xx_HAL_Driver/Src/stm32l4xx_hal_rcc.o
 .debug_macro   0x0000000000023f49      0x210 ./Drivers/STM32L4xx_HAL_Driver/Src/stm32l4xx_hal_rcc_ex.o
 .debug_macro   0x0000000000024159      0x1e2 ./Drivers/STM32L4xx_HAL_Driver/Src/stm32l4xx_hal_spi.o
 .debug_macro   0x000000000002433b      0x1db ./Drivers/STM32L4xx_HAL_Driver/Src/stm32l4xx_hal_tim.o
 .debug_macro   0x0000000000024516      0x1da ./Drivers/STM32L4xx_HAL_Driver/Src/stm32l4xx_hal_tim_ex.o

.debug_line     0x0000000000000000    0x1bcc4
 .debug_line    0x0000000000000000     0x1866 ./Core/Src/IMU.o
 .debug_line    0x0000000000001866     0x1143 ./Core/Src/LoRa.o
 .debug_line    0x00000000000029a9      0xef2 ./Core/Src/bmp280.o
 .debug_line    0x000000000000389b      0x9a3 ./Core/Src/dma.o
 .debug_line    0x000000000000423e      0x9d5 ./Core/Src/gpio.o
 .debug_line    0x0000000000004c13      0xacd ./Core/Src/i2c.o
 .debug_line    0x00000000000056e0      0xa79 ./Core/Src/main.o
 .debug_line    0x0000000000006159      0xb6b ./Core/Src/servo.o
 .debug_line    0x0000000000006cc4      0xa60 ./Core/Src/spi.o
 .debug_line    0x0000000000007724      0x9a5 ./Core/Src/stm32l4xx_hal_msp.o
 .debug_line    0x00000000000080c9      0xac9 ./Core/Src/stm32l4xx_it.o
 .debug_line    0x0000000000008b92      0xae9 ./Core/Src/sysinit.o
 .debug_line    0x000000000000967b      0x7af ./Core/Src/system_stm32l4xx.o
 .debug_line    0x0000000000009e2a      0xb06 ./Core/Src/tim.o
 .debug_line    0x000000000000a930       0x88 ./Core/Startup/startup_stm32l432kcux.o
 .debug_line    0x000000000000a9b8      0xa74 ./Drivers/STM32L4xx_HAL_Driver/Src/stm32l4xx_hal.o
 .debug_line    0x000000000000b42c      0xcae ./Drivers/STM32L4xx_HAL_Driver/Src/stm32l4xx_hal_cortex.o
 .debug_line    0x000000000000c0da      0xce6 ./Drivers/STM32L4xx_HAL_Driver/Src/stm32l4xx_hal_dma.o
 .debug_line    0x000000000000cdc0      0xafe ./Drivers/STM32L4xx_HAL_Driver/Src/stm32l4xx_hal_gpio.o
 .debug_line    0x000000000000d8be     0x3699 ./Drivers/STM32L4xx_HAL_Driver/Src/stm32l4xx_hal_i2c.o
 .debug_line    0x0000000000010f57      0x935 ./Drivers/STM32L4xx_HAL_Driver/Src/stm32l4xx_hal_i2c_ex.o
 .debug_line    0x000000000001188c      0xc06 ./Drivers/STM32L4xx_HAL_Driver/Src/stm32l4xx_hal_pwr_ex.o
 .debug_line    0x0000000000012492      0xfbf ./Drivers/STM32L4xx_HAL_Driver/Src/stm32l4xx_hal_rcc.o
 .debug_line    0x0000000000013451     0x12d9 ./Drivers/STM32L4xx_HAL_Driver/Src/stm32l4xx_hal_rcc_ex.o
 .debug_line    0x000000000001472a     0x1f41 ./Drivers/STM32L4xx_HAL_Driver/Src/stm32l4xx_hal_spi.o
 .debug_line    0x000000000001666b     0x3b44 ./Drivers/STM32L4xx_HAL_Driver/Src/stm32l4xx_hal_tim.o
 .debug_line    0x000000000001a1af     0x1b15 ./Drivers/STM32L4xx_HAL_Driver/Src/stm32l4xx_hal_tim_ex.o

.debug_str      0x0000000000000000    0xccd30
 .debug_str     0x0000000000000000    0xc63ee ./Core/Src/IMU.o
                                      0xc67bc (size before relaxing)
 .debug_str     0x00000000000c63ee      0xec9 ./Core/Src/LoRa.o
                                      0xc6ff4 (size before relaxing)
 .debug_str     0x00000000000c72b7      0x675 ./Core/Src/bmp280.o
                                      0xc6a62 (size before relaxing)
 .debug_str     0x00000000000c792c      0x511 ./Core/Src/dma.o
                                      0xc63bc (size before relaxing)
 .debug_str     0x00000000000c7e3d       0x64 ./Core/Src/gpio.o
                                      0xc6490 (size before relaxing)
 .debug_str     0x00000000000c7ea1      0x241 ./Core/Src/i2c.o
                                      0xc6784 (size before relaxing)
 .debug_str     0x00000000000c80e2      0x509 ./Core/Src/main.o
                                      0xc6a15 (size before relaxing)
 .debug_str     0x00000000000c85eb      0x295 ./Core/Src/servo.o
                                      0xc6640 (size before relaxing)
 .debug_str     0x00000000000c8880       0x87 ./Core/Src/spi.o
                                      0xc64e4 (size before relaxing)
 .debug_str     0x00000000000c8907       0x2c ./Core/Src/stm32l4xx_hal_msp.o
                                      0xc5fc2 (size before relaxing)
 .debug_str     0x00000000000c8933      0x164 ./Core/Src/stm32l4xx_it.o
                                      0xc64e0 (size before relaxing)
 .debug_str     0x00000000000c8a97       0x98 ./Core/Src/sysinit.o
                                      0xc6d80 (size before relaxing)
 .debug_str     0x00000000000c8b2f       0xf2 ./Core/Src/system_stm32l4xx.o
                                      0xc0bf8 (size before relaxing)
 .debug_str     0x00000000000c8c21      0x2d9 ./Core/Src/tim.o
                                      0xc6c89 (size before relaxing)
 .debug_str     0x00000000000c8efa       0x76 ./Core/Startup/startup_stm32l432kcux.o
 .debug_str     0x00000000000c8f70      0x55a ./Drivers/STM32L4xx_HAL_Driver/Src/stm32l4xx_hal.o
                                      0xc1585 (size before relaxing)
 .debug_str     0x00000000000c94ca      0x327 ./Drivers/STM32L4xx_HAL_Driver/Src/stm32l4xx_hal_cortex.o
                                      0xc1326 (size before relaxing)
 .debug_str     0x00000000000c97f1      0x224 ./Drivers/STM32L4xx_HAL_Driver/Src/stm32l4xx_hal_dma.o
                                      0xc0e5f (size before relaxing)
 .debug_str     0x00000000000c9a15       0xf3 ./Drivers/STM32L4xx_HAL_Driver/Src/stm32l4xx_hal_gpio.o
                                      0xc0d6c (size before relaxing)
 .debug_str     0x00000000000c9b08      0xd72 ./Drivers/STM32L4xx_HAL_Driver/Src/stm32l4xx_hal_i2c.o
                                      0xc1df9 (size before relaxing)
 .debug_str     0x00000000000ca87a       0xb8 ./Drivers/STM32L4xx_HAL_Driver/Src/stm32l4xx_hal_i2c_ex.o
                                      0xc112f (size before relaxing)
 .debug_str     0x00000000000ca932      0x44e ./Drivers/STM32L4xx_HAL_Driver/Src/stm32l4xx_hal_pwr_ex.o
                                      0xc10a0 (size before relaxing)
 .debug_str     0x00000000000cad80      0x37b ./Drivers/STM32L4xx_HAL_Driver/Src/stm32l4xx_hal_rcc.o
                                      0xc11f8 (size before relaxing)
 .debug_str     0x00000000000cb0fb      0x524 ./Drivers/STM32L4xx_HAL_Driver/Src/stm32l4xx_hal_rcc_ex.o
                                      0xc1458 (size before relaxing)
 .debug_str     0x00000000000cb61f      0x521 ./Drivers/STM32L4xx_HAL_Driver/Src/stm32l4xx_hal_spi.o
                                      0xc1416 (size before relaxing)
 .debug_str     0x00000000000cbb40      0xd42 ./Drivers/STM32L4xx_HAL_Driver/Src/stm32l4xx_hal_tim.o
                                      0xc1f25 (size before relaxing)
 .debug_str     0x00000000000cc882      0x4ae ./Drivers/STM32L4xx_HAL_Driver/Src/stm32l4xx_hal_tim_ex.o
                                      0xc1849 (size before relaxing)

.comment        0x0000000000000000       0x50
 .comment       0x0000000000000000       0x50 ./Core/Src/IMU.o
                                         0x51 (size before relaxing)
 .comment       0x0000000000000050       0x51 ./Core/Src/LoRa.o
 .comment       0x0000000000000050       0x51 ./Core/Src/bmp280.o
 .comment       0x0000000000000050       0x51 ./Core/Src/dma.o
 .comment       0x0000000000000050       0x51 ./Core/Src/gpio.o
 .comment       0x0000000000000050       0x51 ./Core/Src/i2c.o
 .comment       0x0000000000000050       0x51 ./Core/Src/main.o
 .comment       0x0000000000000050       0x51 ./Core/Src/servo.o
 .comment       0x0000000000000050       0x51 ./Core/Src/spi.o
 .comment       0x0000000000000050       0x51 ./Core/Src/stm32l4xx_hal_msp.o
 .comment       0x0000000000000050       0x51 ./Core/Src/stm32l4xx_it.o
 .comment       0x0000000000000050       0x51 ./Core/Src/sysinit.o
 .comment       0x0000000000000050       0x51 ./Core/Src/system_stm32l4xx.o
 .comment       0x0000000000000050       0x51 ./Core/Src/tim.o
 .comment       0x0000000000000050       0x51 ./Drivers/STM32L4xx_HAL_Driver/Src/stm32l4xx_hal.o
 .comment       0x0000000000000050       0x51 ./Drivers/STM32L4xx_HAL_Driver/Src/stm32l4xx_hal_cortex.o
 .comment       0x0000000000000050       0x51 ./Drivers/STM32L4xx_HAL_Driver/Src/stm32l4xx_hal_dma.o
 .comment       0x0000000000000050       0x51 ./Drivers/STM32L4xx_HAL_Driver/Src/stm32l4xx_hal_gpio.o
 .comment       0x0000000000000050       0x51 ./Drivers/STM32L4xx_HAL_Driver/Src/stm32l4xx_hal_i2c.o
 .comment       0x0000000000000050       0x51 ./Drivers/STM32L4xx_HAL_Driver/Src/stm32l4xx_hal_i2c_ex.o
 .comment       0x0000000000000050       0x51 ./Drivers/STM32L4xx_HAL_Driver/Src/stm32l4xx_hal_pwr_ex.o
 .comment       0x0000000000000050       0x51 ./Drivers/STM32L4xx_HAL_Driver/Src/stm32l4xx_hal_rcc.o
 .comment       0x0000000000000050       0x51 ./Drivers/STM32L4xx_HAL_Driver/Src/stm32l4xx_hal_rcc_ex.o
 .comment       0x0000000000000050       0x51 ./Drivers/STM32L4xx_HAL_Driver/Src/stm32l4xx_hal_spi.o
 .comment       0x0000000000000050       0x51 ./Drivers/STM32L4xx_HAL_Driver/Src/stm32l4xx_hal_tim.o
 .comment       0x0000000000000050       0x51 ./Drivers/STM32L4xx_HAL_Driver/Src/stm32l4xx_hal_tim_ex.o

.debug_frame    0x0000000000000000     0x5a8c
 .debug_frame   0x0000000000000000      0x3cc ./Core/Src/IMU.o
 .debug_frame   0x00000000000003cc      0x7f0 ./Core/Src/LoRa.o
 .debug_frame   0x0000000000000bbc      0x228 ./Core/Src/bmp280.o
 .debug_frame   0x0000000000000de4       0x34 ./Core/Src/dma.o
 .debug_frame   0x0000000000000e18       0x34 ./Core/Src/gpio.o
 .debug_frame   0x0000000000000e4c       0x94 ./Core/Src/i2c.o
 .debug_frame   0x0000000000000ee0       0xb4 ./Core/Src/main.o
 .debug_frame   0x0000000000000f94      0x120 ./Core/Src/servo.o
 .debug_frame   0x00000000000010b4       0x74 ./Core/Src/spi.o
 .debug_frame   0x0000000000001128       0x38 ./Core/Src/stm32l4xx_hal_msp.o
 .debug_frame   0x0000000000001160      0x174 ./Core/Src/stm32l4xx_it.o
 .debug_frame   0x00000000000012d4      0x13c ./Core/Src/sysinit.o
 .debug_frame   0x0000000000001410       0x58 ./Core/Src/system_stm32l4xx.o
 .debug_frame   0x0000000000001468       0xc0 ./Core/Src/tim.o
 .debug_frame   0x0000000000001528      0x3dc ./Drivers/STM32L4xx_HAL_Driver/Src/stm32l4xx_hal.o
 .debug_frame   0x0000000000001904      0x498 ./Drivers/STM32L4xx_HAL_Driver/Src/stm32l4xx_hal_cortex.o
 .debug_frame   0x0000000000001d9c      0x204 ./Drivers/STM32L4xx_HAL_Driver/Src/stm32l4xx_hal_dma.o
 .debug_frame   0x0000000000001fa0      0x14c ./Drivers/STM32L4xx_HAL_Driver/Src/stm32l4xx_hal_gpio.o
 .debug_frame   0x00000000000020ec      0xc38 ./Drivers/STM32L4xx_HAL_Driver/Src/stm32l4xx_hal_i2c.o
 .debug_frame   0x0000000000002d24      0x100 ./Drivers/STM32L4xx_HAL_Driver/Src/stm32l4xx_hal_i2c_ex.o
 .debug_frame   0x0000000000002e24      0x4a4 ./Drivers/STM32L4xx_HAL_Driver/Src/stm32l4xx_hal_pwr_ex.o
 .debug_frame   0x00000000000032c8      0x21c ./Drivers/STM32L4xx_HAL_Driver/Src/stm32l4xx_hal_rcc.o
 .debug_frame   0x00000000000034e4      0x3d0 ./Drivers/STM32L4xx_HAL_Driver/Src/stm32l4xx_hal_rcc_ex.o
 .debug_frame   0x00000000000038b4      0x860 ./Drivers/STM32L4xx_HAL_Driver/Src/stm32l4xx_hal_spi.o
 .debug_frame   0x0000000000004114     0x121c ./Drivers/STM32L4xx_HAL_Driver/Src/stm32l4xx_hal_tim.o
 .debug_frame   0x0000000000005330      0x6b0 ./Drivers/STM32L4xx_HAL_Driver/Src/stm32l4xx_hal_tim_ex.o
 .debug_frame   0x00000000000059e0       0x2c /Applications/STM32CubeIDE.app/Contents/Eclipse/plugins/com.st.stm32cube.ide.mcu.externaltools.gnu-tools-for-stm32.10.3-2021.10.macos64_1.0.0.202111181127/tools/bin/../lib/gcc/arm-none-eabi/10.3.1/../../../../arm-none-eabi/lib/thumb/v7e-m+fp/hard/libc_nano.a(lib_a-init.o)
 .debug_frame   0x0000000000005a0c       0x20 /Applications/STM32CubeIDE.app/Contents/Eclipse/plugins/com.st.stm32cube.ide.mcu.externaltools.gnu-tools-for-stm32.10.3-2021.10.macos64_1.0.0.202111181127/tools/bin/../lib/gcc/arm-none-eabi/10.3.1/../../../../arm-none-eabi/lib/thumb/v7e-m+fp/hard/libc_nano.a(lib_a-memset.o)
 .debug_frame   0x0000000000005a2c       0x2c /Applications/STM32CubeIDE.app/Contents/Eclipse/plugins/com.st.stm32cube.ide.mcu.externaltools.gnu-tools-for-stm32.10.3-2021.10.macos64_1.0.0.202111181127/tools/bin/../lib/gcc/arm-none-eabi/10.3.1/thumb/v7e-m+fp/hard/libgcc.a(_aeabi_uldivmod.o)
 .debug_frame   0x0000000000005a58       0x34 /Applications/STM32CubeIDE.app/Contents/Eclipse/plugins/com.st.stm32cube.ide.mcu.externaltools.gnu-tools-for-stm32.10.3-2021.10.macos64_1.0.0.202111181127/tools/bin/../lib/gcc/arm-none-eabi/10.3.1/thumb/v7e-m+fp/hard/libgcc.a(_udivmoddi4.o)
