Archive member included to satisfy reference by file (symbol)

/Applications/STM32CubeIDE.app/Contents/Eclipse/plugins/com.st.stm32cube.ide.mcu.externaltools.gnu-tools-for-stm32.10.3-2021.10.macos64_1.0.0.202111181127/tools/bin/../lib/gcc/arm-none-eabi/10.3.1/../../../../arm-none-eabi/lib/thumb/v7e-m+fp/hard/libc_nano.a(lib_a-errno.o)
                              ./Core/Src/syscalls.o (__errno)
/Applications/STM32CubeIDE.app/Contents/Eclipse/plugins/com.st.stm32cube.ide.mcu.externaltools.gnu-tools-for-stm32.10.3-2021.10.macos64_1.0.0.202111181127/tools/bin/../lib/gcc/arm-none-eabi/10.3.1/../../../../arm-none-eabi/lib/thumb/v7e-m+fp/hard/libc_nano.a(lib_a-exit.o)
                              /Applications/STM32CubeIDE.app/Contents/Eclipse/plugins/com.st.stm32cube.ide.mcu.externaltools.gnu-tools-for-stm32.10.3-2021.10.macos64_1.0.0.202111181127/tools/bin/../lib/gcc/arm-none-eabi/10.3.1/../../../../arm-none-eabi/lib/thumb/v7e-m+fp/hard/crt0.o (exit)
/Applications/STM32CubeIDE.app/Contents/Eclipse/plugins/com.st.stm32cube.ide.mcu.externaltools.gnu-tools-for-stm32.10.3-2021.10.macos64_1.0.0.202111181127/tools/bin/../lib/gcc/arm-none-eabi/10.3.1/../../../../arm-none-eabi/lib/thumb/v7e-m+fp/hard/libc_nano.a(lib_a-impure.o)
                              /Applications/STM32CubeIDE.app/Contents/Eclipse/plugins/com.st.stm32cube.ide.mcu.externaltools.gnu-tools-for-stm32.10.3-2021.10.macos64_1.0.0.202111181127/tools/bin/../lib/gcc/arm-none-eabi/10.3.1/../../../../arm-none-eabi/lib/thumb/v7e-m+fp/hard/libc_nano.a(lib_a-exit.o) (_global_impure_ptr)
/Applications/STM32CubeIDE.app/Contents/Eclipse/plugins/com.st.stm32cube.ide.mcu.externaltools.gnu-tools-for-stm32.10.3-2021.10.macos64_1.0.0.202111181127/tools/bin/../lib/gcc/arm-none-eabi/10.3.1/../../../../arm-none-eabi/lib/thumb/v7e-m+fp/hard/libc_nano.a(lib_a-init.o)
                              /Applications/STM32CubeIDE.app/Contents/Eclipse/plugins/com.st.stm32cube.ide.mcu.externaltools.gnu-tools-for-stm32.10.3-2021.10.macos64_1.0.0.202111181127/tools/bin/../lib/gcc/arm-none-eabi/10.3.1/../../../../arm-none-eabi/lib/thumb/v7e-m+fp/hard/crt0.o (__libc_init_array)
/Applications/STM32CubeIDE.app/Contents/Eclipse/plugins/com.st.stm32cube.ide.mcu.externaltools.gnu-tools-for-stm32.10.3-2021.10.macos64_1.0.0.202111181127/tools/bin/../lib/gcc/arm-none-eabi/10.3.1/../../../../arm-none-eabi/lib/thumb/v7e-m+fp/hard/libc_nano.a(lib_a-memset.o)
                              /Applications/STM32CubeIDE.app/Contents/Eclipse/plugins/com.st.stm32cube.ide.mcu.externaltools.gnu-tools-for-stm32.10.3-2021.10.macos64_1.0.0.202111181127/tools/bin/../lib/gcc/arm-none-eabi/10.3.1/../../../../arm-none-eabi/lib/thumb/v7e-m+fp/hard/crt0.o (memset)
/Applications/STM32CubeIDE.app/Contents/Eclipse/plugins/com.st.stm32cube.ide.mcu.externaltools.gnu-tools-for-stm32.10.3-2021.10.macos64_1.0.0.202111181127/tools/bin/../lib/gcc/arm-none-eabi/10.3.1/../../../../arm-none-eabi/lib/thumb/v7e-m+fp/hard/libm.a(lib_a-w_pow.o)
                              ./Core/Src/IMU.o (pow)
/Applications/STM32CubeIDE.app/Contents/Eclipse/plugins/com.st.stm32cube.ide.mcu.externaltools.gnu-tools-for-stm32.10.3-2021.10.macos64_1.0.0.202111181127/tools/bin/../lib/gcc/arm-none-eabi/10.3.1/../../../../arm-none-eabi/lib/thumb/v7e-m+fp/hard/libm.a(lib_a-e_pow.o)
                              /Applications/STM32CubeIDE.app/Contents/Eclipse/plugins/com.st.stm32cube.ide.mcu.externaltools.gnu-tools-for-stm32.10.3-2021.10.macos64_1.0.0.202111181127/tools/bin/../lib/gcc/arm-none-eabi/10.3.1/../../../../arm-none-eabi/lib/thumb/v7e-m+fp/hard/libm.a(lib_a-w_pow.o) (__ieee754_pow)
/Applications/STM32CubeIDE.app/Contents/Eclipse/plugins/com.st.stm32cube.ide.mcu.externaltools.gnu-tools-for-stm32.10.3-2021.10.macos64_1.0.0.202111181127/tools/bin/../lib/gcc/arm-none-eabi/10.3.1/../../../../arm-none-eabi/lib/thumb/v7e-m+fp/hard/libm.a(lib_a-e_sqrt.o)
                              /Applications/STM32CubeIDE.app/Contents/Eclipse/plugins/com.st.stm32cube.ide.mcu.externaltools.gnu-tools-for-stm32.10.3-2021.10.macos64_1.0.0.202111181127/tools/bin/../lib/gcc/arm-none-eabi/10.3.1/../../../../arm-none-eabi/lib/thumb/v7e-m+fp/hard/libm.a(lib_a-e_pow.o) (__ieee754_sqrt)
/Applications/STM32CubeIDE.app/Contents/Eclipse/plugins/com.st.stm32cube.ide.mcu.externaltools.gnu-tools-for-stm32.10.3-2021.10.macos64_1.0.0.202111181127/tools/bin/../lib/gcc/arm-none-eabi/10.3.1/../../../../arm-none-eabi/lib/thumb/v7e-m+fp/hard/libm.a(lib_a-math_err.o)
                              /Applications/STM32CubeIDE.app/Contents/Eclipse/plugins/com.st.stm32cube.ide.mcu.externaltools.gnu-tools-for-stm32.10.3-2021.10.macos64_1.0.0.202111181127/tools/bin/../lib/gcc/arm-none-eabi/10.3.1/../../../../arm-none-eabi/lib/thumb/v7e-m+fp/hard/libm.a(lib_a-e_pow.o) (__math_uflow)
[...]
Memory Configuration

Name             Origin             Length             Attributes
RAM              0x0000000020000000 0x0000000000010000 xrw
RAM2             0x0000000010000000 0x0000000000004000 xrw
FLASH            0x0000000008000000 0x0000000000040000 xr
*default*        0x0000000000000000 0xffffffffffffffff

Linker script and memory map

LOAD /Applications/STM32CubeIDE.app/Contents/Eclipse/plugins/com.st.stm32cube.ide.mcu.externaltools.gnu-tools-for-stm32.10.3-2021.10.macos64_1.0.0.202111181127/tools/bin/../lib/gcc/arm-none-eabi/10.3.1/thumb/v7e-m+fp/hard/crti.o
LOAD /Applications/STM32CubeIDE.app/Contents/Eclipse/plugins/com.st.stm32cube.ide.mcu.externaltools.gnu-tools-for-stm32.10.3-2021.10.macos64_1.0.0.202111181127/tools/bin/../lib/gcc/arm-none-eabi/10.3.1/thumb/v7e-m+fp/hard/crtbegin.o
LOAD /Applications/STM32CubeIDE.app/Contents/Eclipse/plugins/com.st.stm32cube.ide.mcu.externaltools.gnu-tools-for-stm32.10.3-2021.10.macos64_1.0.0.202111181127/tools/bin/../lib/gcc/arm-none-eabi/10.3.1/../../../../arm-none-eabi/lib/thumb/v7e-m+fp/hard/crt0.o
LOAD ./Core/Src/IMU.o
LOAD ./Core/Src/LoRa.o
LOAD ./Core/Src/bmp280.o
LOAD ./Core/Src/gpio.o
LOAD ./Core/Src/i2c.o
LOAD ./Core/Src/main.o
LOAD ./Core/Src/servo.o
LOAD ./Core/Src/spi.o
LOAD ./Core/Src/stm32l4xx_hal_msp.o
LOAD ./Core/Src/stm32l4xx_it.o
LOAD ./Core/Src/syscalls.o
LOAD ./Core/Src/sysinit.o
LOAD ./Core/Src/sysmem.o
LOAD ./Core/Src/system_stm32l4xx.o
LOAD ./Core/Src/tim.o
LOAD ./Core/Startup/startup_stm32l432kcux.o
LOAD ./Drivers/STM32L4xx_HAL_Driver/Src/stm32l4xx_hal.o
LOAD ./Drivers/STM32L4xx_HAL_Driver/Src/stm32l4xx_hal_cortex.o
LOAD ./Drivers/STM32L4xx_HAL_Driver/Src/stm32l4xx_hal_dma.o
LOAD ./Drivers/STM32L4xx_HAL_Driver/Src/stm32l4xx_hal_dma_ex.o
LOAD ./Drivers/STM32L4xx_HAL_Driver/Src/stm32l4xx_hal_exti.o
LOAD ./Drivers/STM32L4xx_HAL_Driver/Src/stm32l4xx_hal_flash.o
LOAD ./Drivers/STM32L4xx_HAL_Driver/Src/stm32l4xx_hal_flash_ex.o
LOAD ./Drivers/STM32L4xx_HAL_Driver/Src/stm32l4xx_hal_flash_ramfunc.o
LOAD ./Drivers/STM32L4xx_HAL_Driver/Src/stm32l4xx_hal_gpio.o
LOAD ./Drivers/STM32L4xx_HAL_Driver/Src/stm32l4xx_hal_i2c.o
LOAD ./Drivers/STM32L4xx_HAL_Driver/Src/stm32l4xx_hal_i2c_ex.o
LOAD ./Drivers/STM32L4xx_HAL_Driver/Src/stm32l4xx_hal_pwr.o
LOAD ./Drivers/STM32L4xx_HAL_Driver/Src/stm32l4xx_hal_pwr_ex.o
LOAD ./Drivers/STM32L4xx_HAL_Driver/Src/stm32l4xx_hal_rcc.o
LOAD ./Drivers/STM32L4xx_HAL_Driver/Src/stm32l4xx_hal_rcc_ex.o
LOAD ./Drivers/STM32L4xx_HAL_Driver/Src/stm32l4xx_hal_spi.o
LOAD ./Drivers/STM32L4xx_HAL_Driver/Src/stm32l4xx_hal_spi_ex.o
LOAD ./Drivers/STM32L4xx_HAL_Driver/Src/stm32l4xx_hal_tim.o
LOAD ./Drivers/STM32L4xx_HAL_Driver/Src/stm32l4xx_hal_tim_ex.o
START GROUP
LOAD /Applications/STM32CubeIDE.app/Contents/Eclipse/plugins/com.st.stm32cube.ide.mcu.externaltools.gnu-tools-for-stm32.10.3-2021.10.macos64_1.0.0.202111181127/tools/bin/../lib/gcc/arm-none-eabi/10.3.1/../../../../arm-none-eabi/lib/thumb/v7e-m+fp/hard/libc_nano.a
LOAD /Applications/STM32CubeIDE.app/Contents/Eclipse/plugins/com.st.stm32cube.ide.mcu.externaltools.gnu-tools-for-stm32.10.3-2021.10.macos64_1.0.0.202111181127/tools/bin/../lib/gcc/arm-none-eabi/10.3.1/../../../../arm-none-eabi/lib/thumb/v7e-m+fp/hard/libm.a
END GROUP
START GROUP
LOAD /Applications/STM32CubeIDE.app/Contents/Eclipse/plugins/com.st.stm32cube.ide.mcu.externaltools.gnu-tools-for-stm32.10.3-2021.10.macos64_1.0.0.202111181127/tools/bin/../lib/gcc/arm-none-eabi/10.3.1/thumb/v7e-m+fp/hard/libgcc.a
LOAD /Applications/STM32CubeIDE.app/Contents/Eclipse/plugins/com.st.stm32cube.ide.mcu.externaltools.gnu-tools-for-stm32.10.3-2021.10.macos64_1.0.0.202111181127/tools/bin/../lib/gcc/arm-none-eabi/10.3.1/../../../../arm-none-eabi/lib/thumb/v7e-m+fp/hard/libc_nano.a
END GROUP
START GROUP
LOAD /Applications/STM32CubeIDE.app/Contents/Eclipse/plugins/com.st.stm32cube.ide.mcu.externaltools.gnu-tools-for-stm32.10.3-2021.10.macos64_1.0.0.202111181127/tools/bin/../lib/gcc/arm-none-eabi/10.3.1/thumb/v7e-m+fp/hard/libgcc.a
LOAD /Applications/STM32CubeIDE.app/Contents/Eclipse/plugins/com.st.stm32cube.ide.mcu.externaltools.gnu-tools-for-stm32.10.3-2021.10.macos64_1.0.0.202111181127/tools/bin/../lib/gcc/arm-none-eabi/10.3.1/../../../../arm-none-eabi/lib/thumb/v7e-m+fp/hard/libc_nano.a
LOAD /Applications/STM32CubeIDE.app/Contents/Eclipse/plugins/com.st.stm32cube.ide.mcu.externaltools.gnu-tools-for-stm32.10.3-2021.10.macos64_1.0.0.202111181127/tools/bin/../lib/gcc/arm-none-eabi/10.3.1/../../../../arm-none-eabi/lib/thumb/v7e-m+fp/hard/libnosys.a
END GROUP
START GROUP
LOAD /Applications/STM32CubeIDE.app/Contents/Eclipse/plugins/com.st.stm32cube.ide.mcu.externaltools.gnu-tools-for-stm32.10.3-2021.10.macos64_1.0.0.202111181127/tools/bin/../lib/gcc/arm-none-eabi/10.3.1/thumb/v7e-m+fp/hard/libgcc.a
LOAD /Applications/STM32CubeIDE.app/Contents/Eclipse/plugins/com.st.stm32cube.ide.mcu.externaltools.gnu-tools-for-stm32.10.3-2021.10.macos64_1.0.0.202111181127/tools/bin/../lib/gcc/arm-none-eabi/10.3.1/../../../../arm-none-eabi/lib/thumb/v7e-m+fp/hard/libc_nano.a
LOAD /Applications/STM32CubeIDE.app/Contents/Eclipse/plugins/com.st.stm32cube.ide.mcu.externaltools.gnu-tools-for-stm32.10.3-2021.10.macos64_1.0.0.202111181127/tools/bin/../lib/gcc/arm-none-eabi/10.3.1/../../../../arm-none-eabi/lib/thumb/v7e-m+fp/hard/libnosys.a
END GROUP
LOAD /Applications/STM32CubeIDE.app/Contents/Eclipse/plugins/com.st.stm32cube.ide.mcu.externaltools.gnu-tools-for-stm32.10.3-2021.10.macos64_1.0.0.202111181127/tools/bin/../lib/gcc/arm-none-eabi/10.3.1/thumb/v7e-m+fp/hard/crtend.o
LOAD /Applications/STM32CubeIDE.app/Contents/Eclipse/plugins/com.st.stm32cube.ide.mcu.externaltools.gnu-tools-for-stm32.10.3-2021.10.macos64_1.0.0.202111181127/tools/bin/../lib/gcc/arm-none-eabi/10.3.1/thumb/v7e-m+fp/hard/crtn.o
                0x0000000020010000                _estack = (ORIGIN (RAM) + LENGTH (RAM))
                0x0000000000000100                _Min_Heap_Size = 0x100
                0x0000000000000400                _Min_Stack_Size = 0x400

.isr_vector     0x0000000008000000      0x18c
                0x0000000008000000                . = ALIGN (0x4)
 *(.isr_vector)
 .isr_vector    0x0000000008000000      0x18c ./Core/Startup/startup_stm32l432kcux.o
                0x0000000008000000                g_pfnVectors
                0x000000000800018c                . = ALIGN (0x4)

.text           0x0000000008000190     0x4f74
                0x0000000008000190                . = ALIGN (0x4)
 *(.text)
 .text          0x0000000008000190       0x40 /Applications/STM32CubeIDE.app/Contents/Eclipse/plugins/com.st.stm32cube.ide.mcu.externaltools.gnu-tools-for-stm32.10.3-2021.10.macos64_1.0.0.202111181127/tools/bin/../lib/gcc/arm-none-eabi/10.3.1/thumb/v7e-m+fp/hard/crtbegin.o
 .text          0x00000000080001d0       0x30 /Applications/STM32CubeIDE.app/Contents/Eclipse/plugins/com.st.stm32cube.ide.mcu.externaltools.gnu-tools-for-stm32.10.3-2021.10.macos64_1.0.0.202111181127/tools/bin/../lib/gcc/arm-none-eabi/10.3.1/thumb/v7e-m+fp/hard/libgcc.a(_aeabi_uldivmod.o)
                0x00000000080001d0                __aeabi_uldivmod
 .text          0x0000000008000200      0x2d0 /Applications/STM32CubeIDE.app/Contents/Eclipse/plugins/com.st.stm32cube.ide.mcu.externaltools.gnu-tools-for-stm32.10.3-2021.10.macos64_1.0.0.202111181127/tools/bin/../lib/gcc/arm-none-eabi/10.3.1/thumb/v7e-m+fp/hard/libgcc.a(_udivmoddi4.o)
                0x0000000008000200                __udivmoddi4
 .text          0x00000000080004d0        0x4 /Applications/STM32CubeIDE.app/Contents/Eclipse/plugins/com.st.stm32cube.ide.mcu.externaltools.gnu-tools-for-stm32.10.3-2021.10.macos64_1.0.0.202111181127/tools/bin/../lib/gcc/arm-none-eabi/10.3.1/thumb/v7e-m+fp/hard/libgcc.a(_dvmd_tls.o)
                0x00000000080004d0                __aeabi_ldiv0
                0x00000000080004d0                __aeabi_idiv0
 *(.text*)
 .text.read_register
                0x00000000080004d4       0x6e ./Core/Src/LoRa.o
 .text.write_register
                0x0000000008000542       0x68 ./Core/Src/LoRa.o
 .text.set_mode
                0x00000000080005aa       0x26 ./Core/Src/LoRa.o
 .text.set_OCP  0x00000000080005d0       0x6c ./Core/Src/LoRa.o
 .text.set_low_data_rate_optimization
                0x000000000800063c       0x60 ./Core/Src/LoRa.o
 .text.lora_mode_sleep
                0x000000000800069c       0x18 ./Core/Src/LoRa.o
                0x000000000800069c                lora_mode_sleep
 .text.lora_mode_standby
                0x00000000080006b4       0x18 ./Core/Src/LoRa.o
                0x00000000080006b4                lora_mode_standby
 .text.lora_set_explicit_header_mode
                0x00000000080006cc       0x30 ./Core/Src/LoRa.o
                0x00000000080006cc                lora_set_explicit_header_mode
 .text.lora_set_tx_power
                0x00000000080006fc       0x98 ./Core/Src/LoRa.o
                0x00000000080006fc                lora_set_tx_power
 .text.lora_set_frequency
                0x0000000008000794       0x8c ./Core/Src/LoRa.o
                0x0000000008000794                lora_set_frequency
 .text.lora_set_spreading_factor
                0x0000000008000820       0x8e ./Core/Src/LoRa.o
                0x0000000008000820                lora_set_spreading_factor
 .text.lora_set_preamble_length
                0x00000000080008ae       0x3a ./Core/Src/LoRa.o
                0x00000000080008ae                lora_set_preamble_length
 .text.lora_version
                0x00000000080008e8       0x1a ./Core/Src/LoRa.o
                0x00000000080008e8                lora_version
 .text.lora_init
                0x0000000008000902       0xc0 ./Core/Src/LoRa.o
                0x0000000008000902                lora_init
 .text.bmp280_init_default_params
                0x00000000080009c2       0x38 ./Core/Src/bmp280.o
                0x00000000080009c2                bmp280_init_default_params
 *fill*         0x00000000080009fa        0x2 
 .text.MX_GPIO_Init
                0x00000000080009fc       0xe4 ./Core/Src/gpio.o
                0x00000000080009fc                MX_GPIO_Init
 .text.MX_I2C1_Init
                0x0000000008000ae0       0x80 ./Core/Src/i2c.o
                0x0000000008000ae0                MX_I2C1_Init
 .text.MX_I2C3_Init
                0x0000000008000b60       0x80 ./Core/Src/i2c.o
                0x0000000008000b60                MX_I2C3_Init
 .text.HAL_I2C_MspInit
                0x0000000008000be0      0x174 ./Core/Src/i2c.o
                0x0000000008000be0                HAL_I2C_MspInit
 *fill*         0x0000000008000d54        0x4 
 .text.main     0x0000000008000d58       0x64 ./Core/Src/main.o
                0x0000000008000d58                main
 .text.SystemClock_Config
                0x0000000008000dbc       0xa2 ./Core/Src/main.o
                0x0000000008000dbc                SystemClock_Config
 *fill*         0x0000000008000e5e        0x2 
 .text.Error_Handler
                0x0000000008000e60       0x30 ./Core/Src/main.o
                0x0000000008000e60                Error_Handler
 .text.Servo_Init
                0x0000000008000e90       0x5c ./Core/Src/servo.o
                0x0000000008000e90                Servo_Init
 .text.Set_Servos_Into_Default_Position
                0x0000000008000eec       0x2c ./Core/Src/servo.o
                0x0000000008000eec                Set_Servos_Into_Default_Position
 .text.__Test_Servos
                0x0000000008000f18       0x84 ./Core/Src/servo.o
                0x0000000008000f18                __Test_Servos
 .text.MX_SPI1_Init
                0x0000000008000f9c       0x7c ./Core/Src/spi.o
                0x0000000008000f9c                MX_SPI1_Init
 .text.HAL_SPI_MspInit
                0x0000000008001018       0x88 ./Core/Src/spi.o
                0x0000000008001018                HAL_SPI_MspInit
 .text.HAL_MspInit
                0x00000000080010a0       0x48 ./Core/Src/stm32l4xx_hal_msp.o
                0x00000000080010a0                HAL_MspInit
 .text.NMI_Handler
                0x00000000080010e8        0x6 ./Core/Src/stm32l4xx_it.o
                0x00000000080010e8                NMI_Handler
 .text.HardFault_Handler
                0x00000000080010ee        0x6 ./Core/Src/stm32l4xx_it.o
                0x00000000080010ee                HardFault_Handler
 .text.MemManage_Handler
                0x00000000080010f4        0x6 ./Core/Src/stm32l4xx_it.o
                0x00000000080010f4                MemManage_Handler
 .text.BusFault_Handler
                0x00000000080010fa        0x6 ./Core/Src/stm32l4xx_it.o
                0x00000000080010fa                BusFault_Handler
 .text.UsageFault_Handler
                0x0000000008001100        0x6 ./Core/Src/stm32l4xx_it.o
                0x0000000008001100                UsageFault_Handler
 .text.SVC_Handler
                0x0000000008001106        0xe ./Core/Src/stm32l4xx_it.o
                0x0000000008001106                SVC_Handler
 .text.DebugMon_Handler
                0x0000000008001114        0xe ./Core/Src/stm32l4xx_it.o
                0x0000000008001114                DebugMon_Handler
 .text.PendSV_Handler
                0x0000000008001122        0xe ./Core/Src/stm32l4xx_it.o
                0x0000000008001122                PendSV_Handler
 .text.SysTick_Handler
                0x0000000008001130        0xc ./Core/Src/stm32l4xx_it.o
                0x0000000008001130                SysTick_Handler
 .text.Check_Peripherals
                0x000000000800113c       0x50 ./Core/Src/sysinit.o
                0x000000000800113c                Check_Peripherals
 .text.Is_BMP280_Available
                0x000000000800118c       0x30 ./Core/Src/sysinit.o
                0x000000000800118c                Is_BMP280_Available
 .text.Is_IMU_Available
                0x00000000080011bc       0x30 ./Core/Src/sysinit.o
                0x00000000080011bc                Is_IMU_Available
 .text.Is_LoRa_Available
                0x00000000080011ec       0x60 ./Core/Src/sysinit.o
                0x00000000080011ec                Is_LoRa_Available
 .text.SystemInit
                0x000000000800124c       0x24 ./Core/Src/system_stm32l4xx.o
                0x000000000800124c                SystemInit
 .text.MX_TIM1_Init
                0x0000000008001270      0x1a4 ./Core/Src/tim.o
                0x0000000008001270                MX_TIM1_Init
 .text.HAL_TIM_Base_MspInit
                0x0000000008001414       0x40 ./Core/Src/tim.o
                0x0000000008001414                HAL_TIM_Base_MspInit
 .text.HAL_TIM_MspPostInit
                0x0000000008001454       0x70 ./Core/Src/tim.o
                0x0000000008001454                HAL_TIM_MspPostInit
 .text.Reset_Handler
                0x00000000080014c4       0x50 ./Core/Startup/startup_stm32l432kcux.o
                0x00000000080014c4                Reset_Handler
 .text.Default_Handler
                0x0000000008001514        0x2 ./Core/Startup/startup_stm32l432kcux.o
                0x0000000008001514                TIM1_BRK_TIM15_IRQHandler
                0x0000000008001514                EXTI2_IRQHandler
                0x0000000008001514                TIM1_CC_IRQHandler
                0x0000000008001514                TSC_IRQHandler
                0x0000000008001514                TAMP_STAMP_IRQHandler
                0x0000000008001514                EXTI3_IRQHandler
                0x0000000008001514                LPTIM2_IRQHandler
                0x0000000008001514                I2C3_ER_IRQHandler
                0x0000000008001514                EXTI0_IRQHandler
                0x0000000008001514                CAN1_RX0_IRQHandler
                0x0000000008001514                FPU_IRQHandler
                0x0000000008001514                TIM1_UP_TIM16_IRQHandler
                0x0000000008001514                SPI1_IRQHandler
                0x0000000008001514                TIM6_DAC_IRQHandler
                0x0000000008001514                DMA2_Channel2_IRQHandler
                0x0000000008001514                DMA1_Channel4_IRQHandler
                0x0000000008001514                ADC1_IRQHandler
                0x0000000008001514                DMA1_Channel7_IRQHandler
                0x0000000008001514                CAN1_RX1_IRQHandler
                0x0000000008001514                DMA2_Channel1_IRQHandler
                0x0000000008001514                QUADSPI_IRQHandler
                0x0000000008001514                I2C1_EV_IRQHandler
                0x0000000008001514                DMA1_Channel6_IRQHandler
                0x0000000008001514                DMA2_Channel4_IRQHandler
                0x0000000008001514                RCC_IRQHandler
                0x0000000008001514                TIM1_TRG_COM_IRQHandler
                0x0000000008001514                DMA1_Channel1_IRQHandler
                0x0000000008001514                Default_Handler
                0x0000000008001514                DMA2_Channel7_IRQHandler
                0x0000000008001514                EXTI15_10_IRQHandler
                0x0000000008001514                TIM7_IRQHandler
                0x0000000008001514                I2C3_EV_IRQHandler
                0x0000000008001514                USB_IRQHandler
                0x0000000008001514                EXTI9_5_IRQHandler
                0x0000000008001514                RTC_WKUP_IRQHandler
                0x0000000008001514                PVD_PVM_IRQHandler
                0x0000000008001514                CAN1_TX_IRQHandler
                0x0000000008001514                DMA2_Channel5_IRQHandler
                0x0000000008001514                CRS_IRQHandler
                0x0000000008001514                DMA1_Channel5_IRQHandler
                0x0000000008001514                EXTI4_IRQHandler
                0x0000000008001514                RNG_IRQHandler
                0x0000000008001514                DMA1_Channel3_IRQHandler
                0x0000000008001514                COMP_IRQHandler
                0x0000000008001514                WWDG_IRQHandler
                0x0000000008001514                LPUART1_IRQHandler
                0x0000000008001514                DMA2_Channel6_IRQHandler
                0x0000000008001514                TIM2_IRQHandler
                0x0000000008001514                EXTI1_IRQHandler
                0x0000000008001514                USART2_IRQHandler
                0x0000000008001514                DMA1_Channel2_IRQHandler
                0x0000000008001514                CAN1_SCE_IRQHandler
                0x0000000008001514                FLASH_IRQHandler
                0x0000000008001514                USART1_IRQHandler
                0x0000000008001514                SPI3_IRQHandler
                0x0000000008001514                I2C1_ER_IRQHandler
                0x0000000008001514                SWPMI1_IRQHandler
                0x0000000008001514                LPTIM1_IRQHandler
                0x0000000008001514                SAI1_IRQHandler
                0x0000000008001514                DMA2_Channel3_IRQHandler
                0x0000000008001514                RTC_Alarm_IRQHandler
 .text.HAL_Init
                0x0000000008001516       0x30 ./Drivers/STM32L4xx_HAL_Driver/Src/stm32l4xx_hal.o
                0x0000000008001516                HAL_Init
 *fill*         0x0000000008001546        0x2 
 .text.HAL_InitTick
                0x0000000008001548       0x78 ./Drivers/STM32L4xx_HAL_Driver/Src/stm32l4xx_hal.o
                0x0000000008001548                HAL_InitTick
 .text.HAL_IncTick
                0x00000000080015c0       0x28 ./Drivers/STM32L4xx_HAL_Driver/Src/stm32l4xx_hal.o
                0x00000000080015c0                HAL_IncTick
 .text.HAL_GetTick
                0x00000000080015e8       0x18 ./Drivers/STM32L4xx_HAL_Driver/Src/stm32l4xx_hal.o
                0x00000000080015e8                HAL_GetTick
 .text.HAL_Delay
                0x0000000008001600       0x48 ./Drivers/STM32L4xx_HAL_Driver/Src/stm32l4xx_hal.o
                0x0000000008001600                HAL_Delay
 .text.__NVIC_SetPriorityGrouping
                0x0000000008001648       0x48 ./Drivers/STM32L4xx_HAL_Driver/Src/stm32l4xx_hal_cortex.o
 .text.__NVIC_GetPriorityGrouping
                0x0000000008001690       0x1c ./Drivers/STM32L4xx_HAL_Driver/Src/stm32l4xx_hal_cortex.o
 .text.__NVIC_SetPriority
                0x00000000080016ac       0x54 ./Drivers/STM32L4xx_HAL_Driver/Src/stm32l4xx_hal_cortex.o
 .text.NVIC_EncodePriority
                0x0000000008001700       0x66 ./Drivers/STM32L4xx_HAL_Driver/Src/stm32l4xx_hal_cortex.o
 *fill*         0x0000000008001766        0x2 
 .text.SysTick_Config
                0x0000000008001768       0x44 ./Drivers/STM32L4xx_HAL_Driver/Src/stm32l4xx_hal_cortex.o
 .text.HAL_NVIC_SetPriorityGrouping
                0x00000000080017ac       0x16 ./Drivers/STM32L4xx_HAL_Driver/Src/stm32l4xx_hal_cortex.o
                0x00000000080017ac                HAL_NVIC_SetPriorityGrouping
 .text.HAL_NVIC_SetPriority
                0x00000000080017c2       0x38 ./Drivers/STM32L4xx_HAL_Driver/Src/stm32l4xx_hal_cortex.o
                0x00000000080017c2                HAL_NVIC_SetPriority
 .text.HAL_SYSTICK_Config
                0x00000000080017fa       0x18 ./Drivers/STM32L4xx_HAL_Driver/Src/stm32l4xx_hal_cortex.o
                0x00000000080017fa                HAL_SYSTICK_Config
 *fill*         0x0000000008001812        0x2 
 .text.HAL_GPIO_Init
                0x0000000008001814      0x2d4 ./Drivers/STM32L4xx_HAL_Driver/Src/stm32l4xx_hal_gpio.o
                0x0000000008001814                HAL_GPIO_Init
 .text.HAL_GPIO_WritePin
                0x0000000008001ae8       0x30 ./Drivers/STM32L4xx_HAL_Driver/Src/stm32l4xx_hal_gpio.o
                0x0000000008001ae8                HAL_GPIO_WritePin
 .text.HAL_I2C_Init
                0x0000000008001b18      0x11e ./Drivers/STM32L4xx_HAL_Driver/Src/stm32l4xx_hal_i2c.o
                0x0000000008001b18                HAL_I2C_Init
 .text.HAL_I2C_IsDeviceReady
                0x0000000008001c36      0x20e ./Drivers/STM32L4xx_HAL_Driver/Src/stm32l4xx_hal_i2c.o
                0x0000000008001c36                HAL_I2C_IsDeviceReady
 .text.I2C_WaitOnFlagUntilTimeout
                0x0000000008001e44       0x80 ./Drivers/STM32L4xx_HAL_Driver/Src/stm32l4xx_hal_i2c.o
 .text.HAL_I2CEx_ConfigAnalogFilter
                0x0000000008001ec4       0x96 ./Drivers/STM32L4xx_HAL_Driver/Src/stm32l4xx_hal_i2c_ex.o
                0x0000000008001ec4                HAL_I2CEx_ConfigAnalogFilter
 .text.HAL_I2CEx_ConfigDigitalFilter
                0x0000000008001f5a       0x98 ./Drivers/STM32L4xx_HAL_Driver/Src/stm32l4xx_hal_i2c_ex.o
                0x0000000008001f5a                HAL_I2CEx_ConfigDigitalFilter
 *fill*         0x0000000008001ff2        0x2 
 .text.HAL_PWREx_GetVoltageRange
                0x0000000008001ff4       0x1c ./Drivers/STM32L4xx_HAL_Driver/Src/stm32l4xx_hal_pwr_ex.o
                0x0000000008001ff4                HAL_PWREx_GetVoltageRange
 .text.HAL_PWREx_ControlVoltageScaling
                0x0000000008002010       0xac ./Drivers/STM32L4xx_HAL_Driver/Src/stm32l4xx_hal_pwr_ex.o
                0x0000000008002010                HAL_PWREx_ControlVoltageScaling
 .text.HAL_RCC_OscConfig
                0x00000000080020bc      0x828 ./Drivers/STM32L4xx_HAL_Driver/Src/stm32l4xx_hal_rcc.o
                0x00000000080020bc                HAL_RCC_OscConfig
 .text.HAL_RCC_ClockConfig
                0x00000000080028e4      0x200 ./Drivers/STM32L4xx_HAL_Driver/Src/stm32l4xx_hal_rcc.o
                0x00000000080028e4                HAL_RCC_ClockConfig
 .text.HAL_RCC_GetSysClockFreq
                0x0000000008002ae4      0x118 ./Drivers/STM32L4xx_HAL_Driver/Src/stm32l4xx_hal_rcc.o
                0x0000000008002ae4                HAL_RCC_GetSysClockFreq
 .text.RCC_SetFlashLatencyFromMSIRange
                0x0000000008002bfc       0xc0 ./Drivers/STM32L4xx_HAL_Driver/Src/stm32l4xx_hal_rcc.o
 .text.HAL_RCCEx_PeriphCLKConfig
                0x0000000008002cbc      0x3ec ./Drivers/STM32L4xx_HAL_Driver/Src/stm32l4xx_hal_rcc_ex.o
                0x0000000008002cbc                HAL_RCCEx_PeriphCLKConfig
 .text.RCCEx_PLLSAI1_Config
                0x00000000080030a8      0x1e4 ./Drivers/STM32L4xx_HAL_Driver/Src/stm32l4xx_hal_rcc_ex.o
 .text.HAL_SPI_Init
                0x000000000800328c      0x146 ./Drivers/STM32L4xx_HAL_Driver/Src/stm32l4xx_hal_spi.o
                0x000000000800328c                HAL_SPI_Init
 .text.HAL_SPI_Transmit
                0x00000000080033d2      0x2dc ./Drivers/STM32L4xx_HAL_Driver/Src/stm32l4xx_hal_spi.o
                0x00000000080033d2                HAL_SPI_Transmit
 .text.HAL_SPI_Receive
                0x00000000080036ae      0x260 ./Drivers/STM32L4xx_HAL_Driver/Src/stm32l4xx_hal_spi.o
                0x00000000080036ae                HAL_SPI_Receive
 .text.HAL_SPI_TransmitReceive
                0x000000000800390e      0x426 ./Drivers/STM32L4xx_HAL_Driver/Src/stm32l4xx_hal_spi.o
                0x000000000800390e                HAL_SPI_TransmitReceive
 .text.SPI_WaitFlagStateUntilTimeout
                0x0000000008003d34      0x110 ./Drivers/STM32L4xx_HAL_Driver/Src/stm32l4xx_hal_spi.o
 .text.SPI_WaitFifoStateUntilTimeout
                0x0000000008003e44      0x12c ./Drivers/STM32L4xx_HAL_Driver/Src/stm32l4xx_hal_spi.o
 .text.SPI_EndRxTransaction
                0x0000000008003f70       0xb0 ./Drivers/STM32L4xx_HAL_Driver/Src/stm32l4xx_hal_spi.o
 .text.SPI_EndRxTxTransaction
                0x0000000008004020       0x8c ./Drivers/STM32L4xx_HAL_Driver/Src/stm32l4xx_hal_spi.o
 .text.HAL_TIM_Base_Init
                0x00000000080040ac       0xae ./Drivers/STM32L4xx_HAL_Driver/Src/stm32l4xx_hal_tim.o
                0x00000000080040ac                HAL_TIM_Base_Init
 .text.HAL_TIM_PWM_Init
                0x000000000800415a       0xae ./Drivers/STM32L4xx_HAL_Driver/Src/stm32l4xx_hal_tim.o
                0x000000000800415a                HAL_TIM_PWM_Init
 .text.HAL_TIM_PWM_MspInit
                0x0000000008004208       0x14 ./Drivers/STM32L4xx_HAL_Driver/Src/stm32l4xx_hal_tim.o
                0x0000000008004208                HAL_TIM_PWM_MspInit
 .text.HAL_TIM_PWM_Start
                0x000000000800421c      0x1bc ./Drivers/STM32L4xx_HAL_Driver/Src/stm32l4xx_hal_tim.o
                0x000000000800421c                HAL_TIM_PWM_Start
 .text.HAL_TIM_PWM_ConfigChannel
                0x00000000080043d8      0x228 ./Drivers/STM32L4xx_HAL_Driver/Src/stm32l4xx_hal_tim.o
                0x00000000080043d8                HAL_TIM_PWM_ConfigChannel
 .text.HAL_TIM_ConfigClockSource
                0x0000000008004600      0x192 ./Drivers/STM32L4xx_HAL_Driver/Src/stm32l4xx_hal_tim.o
                0x0000000008004600                HAL_TIM_ConfigClockSource
 *fill*         0x0000000008004792        0x2 
 .text.TIM_Base_SetConfig
                0x0000000008004794       0xc8 ./Drivers/STM32L4xx_HAL_Driver/Src/stm32l4xx_hal_tim.o
                0x0000000008004794                TIM_Base_SetConfig
 .text.TIM_OC1_SetConfig
                0x000000000800485c       0xf8 ./Drivers/STM32L4xx_HAL_Driver/Src/stm32l4xx_hal_tim.o
 .text.TIM_OC2_SetConfig
                0x0000000008004954       0xf4 ./Drivers/STM32L4xx_HAL_Driver/Src/stm32l4xx_hal_tim.o
                0x0000000008004954                TIM_OC2_SetConfig
 .text.TIM_OC3_SetConfig
                0x0000000008004a48       0xf0 ./Drivers/STM32L4xx_HAL_Driver/Src/stm32l4xx_hal_tim.o
 .text.TIM_OC4_SetConfig
                0x0000000008004b38       0xbc ./Drivers/STM32L4xx_HAL_Driver/Src/stm32l4xx_hal_tim.o
 .text.TIM_OC5_SetConfig
                0x0000000008004bf4       0xb0 ./Drivers/STM32L4xx_HAL_Driver/Src/stm32l4xx_hal_tim.o
 .text.TIM_OC6_SetConfig
                0x0000000008004ca4       0xb4 ./Drivers/STM32L4xx_HAL_Driver/Src/stm32l4xx_hal_tim.o
 .text.TIM_TI1_ConfigInputStage
                0x0000000008004d58       0x5e ./Drivers/STM32L4xx_HAL_Driver/Src/stm32l4xx_hal_tim.o
 .text.TIM_TI2_ConfigInputStage
                0x0000000008004db6       0x60 ./Drivers/STM32L4xx_HAL_Driver/Src/stm32l4xx_hal_tim.o
 .text.TIM_ITRx_SetConfig
                0x0000000008004e16       0x36 ./Drivers/STM32L4xx_HAL_Driver/Src/stm32l4xx_hal_tim.o
 .text.TIM_ETR_SetConfig
                0x0000000008004e4c       0x40 ./Drivers/STM32L4xx_HAL_Driver/Src/stm32l4xx_hal_tim.o
                0x0000000008004e4c                TIM_ETR_SetConfig
 .text.TIM_CCxChannelCmd
                0x0000000008004e8c       0x4a ./Drivers/STM32L4xx_HAL_Driver/Src/stm32l4xx_hal_tim.o
                0x0000000008004e8c                TIM_CCxChannelCmd
 *fill*         0x0000000008004ed6        0x2 
 .text.HAL_TIMEx_MasterConfigSynchronization
                0x0000000008004ed8       0xcc ./Drivers/STM32L4xx_HAL_Driver/Src/stm32l4xx_hal_tim_ex.o
                0x0000000008004ed8                HAL_TIMEx_MasterConfigSynchronization
 .text.HAL_TIMEx_ConfigBreakDeadTime
                0x0000000008004fa4       0xf0 ./Drivers/STM32L4xx_HAL_Driver/Src/stm32l4xx_hal_tim_ex.o
                0x0000000008004fa4                HAL_TIMEx_ConfigBreakDeadTime
 .text.__libc_init_array
                0x0000000008005094       0x48 /Applications/STM32CubeIDE.app/Contents/Eclipse/plugins/com.st.stm32cube.ide.mcu.externaltools.gnu-tools-for-stm32.10.3-2021.10.macos64_1.0.0.202111181127/tools/bin/../lib/gcc/arm-none-eabi/10.3.1/../../../../arm-none-eabi/lib/thumb/v7e-m+fp/hard/libc_nano.a(lib_a-init.o)
                0x0000000008005094                __libc_init_array
 .text.memset   0x00000000080050dc       0x10 /Applications/STM32CubeIDE.app/Contents/Eclipse/plugins/com.st.stm32cube.ide.mcu.externaltools.gnu-tools-for-stm32.10.3-2021.10.macos64_1.0.0.202111181127/tools/bin/../lib/gcc/arm-none-eabi/10.3.1/../../../../arm-none-eabi/lib/thumb/v7e-m+fp/hard/libc_nano.a(lib_a-memset.o)
                0x00000000080050dc                memset
 *(.glue_7)
 .glue_7        0x00000000080050ec        0x0 linker stubs
 *(.glue_7t)
 .glue_7t       0x00000000080050ec        0x0 linker stubs
 *(.eh_frame)
 .eh_frame      0x00000000080050ec        0x0 /Applications/STM32CubeIDE.app/Contents/Eclipse/plugins/com.st.stm32cube.ide.mcu.externaltools.gnu-tools-for-stm32.10.3-2021.10.macos64_1.0.0.202111181127/tools/bin/../lib/gcc/arm-none-eabi/10.3.1/thumb/v7e-m+fp/hard/crtbegin.o
 *(.init)
 .init          0x00000000080050ec        0x4 /Applications/STM32CubeIDE.app/Contents/Eclipse/plugins/com.st.stm32cube.ide.mcu.externaltools.gnu-tools-for-stm32.10.3-2021.10.macos64_1.0.0.202111181127/tools/bin/../lib/gcc/arm-none-eabi/10.3.1/thumb/v7e-m+fp/hard/crti.o
                0x00000000080050ec                _init
 .init          0x00000000080050f0        0x8 /Applications/STM32CubeIDE.app/Contents/Eclipse/plugins/com.st.stm32cube.ide.mcu.externaltools.gnu-tools-for-stm32.10.3-2021.10.macos64_1.0.0.202111181127/tools/bin/../lib/gcc/arm-none-eabi/10.3.1/thumb/v7e-m+fp/hard/crtn.o
 *(.fini)
 .fini          0x00000000080050f8        0x4 /Applications/STM32CubeIDE.app/Contents/Eclipse/plugins/com.st.stm32cube.ide.mcu.externaltools.gnu-tools-for-stm32.10.3-2021.10.macos64_1.0.0.202111181127/tools/bin/../lib/gcc/arm-none-eabi/10.3.1/thumb/v7e-m+fp/hard/crti.o
                0x00000000080050f8                _fini
 .fini          0x00000000080050fc        0x8 /Applications/STM32CubeIDE.app/Contents/Eclipse/plugins/com.st.stm32cube.ide.mcu.externaltools.gnu-tools-for-stm32.10.3-2021.10.macos64_1.0.0.202111181127/tools/bin/../lib/gcc/arm-none-eabi/10.3.1/thumb/v7e-m+fp/hard/crtn.o
                0x0000000008005104                . = ALIGN (0x4)
                0x0000000008005104                _etext = .

.vfp11_veneer   0x0000000008005104        0x0
 .vfp11_veneer  0x0000000008005104        0x0 linker stubs

.v4_bx          0x0000000008005104        0x0
 .v4_bx         0x0000000008005104        0x0 linker stubs

.iplt           0x0000000008005104        0x0
 .iplt          0x0000000008005104        0x0 /Applications/STM32CubeIDE.app/Contents/Eclipse/plugins/com.st.stm32cube.ide.mcu.externaltools.gnu-tools-for-stm32.10.3-2021.10.macos64_1.0.0.202111181127/tools/bin/../lib/gcc/arm-none-eabi/10.3.1/thumb/v7e-m+fp/hard/crtbegin.o

.rodata         0x0000000008005104       0x40
                0x0000000008005104                . = ALIGN (0x4)
 *(.rodata)
 *(.rodata*)
 .rodata.AHBPrescTable
                0x0000000008005104       0x10 ./Core/Src/system_stm32l4xx.o
                0x0000000008005104                AHBPrescTable
 .rodata.MSIRangeTable
                0x0000000008005114       0x30 ./Core/Src/system_stm32l4xx.o
                0x0000000008005114                MSIRangeTable
                0x0000000008005144                . = ALIGN (0x4)

.ARM.extab      0x0000000008005144        0x0
                0x0000000008005144                . = ALIGN (0x4)
 *(.ARM.extab* .gnu.linkonce.armextab.*)
                0x0000000008005144                . = ALIGN (0x4)

.ARM            0x0000000008005144        0x8
                0x0000000008005144                . = ALIGN (0x4)
                0x0000000008005144                __exidx_start = .
 *(.ARM.exidx*)
 .ARM.exidx     0x0000000008005144        0x8 /Applications/STM32CubeIDE.app/Contents/Eclipse/plugins/com.st.stm32cube.ide.mcu.externaltools.gnu-tools-for-stm32.10.3-2021.10.macos64_1.0.0.202111181127/tools/bin/../lib/gcc/arm-none-eabi/10.3.1/thumb/v7e-m+fp/hard/libgcc.a(_udivmoddi4.o)
                0x000000000800514c                __exidx_end = .
                0x000000000800514c                . = ALIGN (0x4)

.rel.dyn        0x000000000800514c        0x0
 .rel.iplt      0x000000000800514c        0x0 /Applications/STM32CubeIDE.app/Contents/Eclipse/plugins/com.st.stm32cube.ide.mcu.externaltools.gnu-tools-for-stm32.10.3-2021.10.macos64_1.0.0.202111181127/tools/bin/../lib/gcc/arm-none-eabi/10.3.1/thumb/v7e-m+fp/hard/crtbegin.o

.preinit_array  0x000000000800514c        0x0
                0x000000000800514c                . = ALIGN (0x4)
                0x000000000800514c                PROVIDE (__preinit_array_start = .)
 *(.preinit_array*)
                0x000000000800514c                PROVIDE (__preinit_array_end = .)
                0x000000000800514c                . = ALIGN (0x4)

.init_array     0x000000000800514c        0x4
                0x000000000800514c                . = ALIGN (0x4)
                0x000000000800514c                PROVIDE (__init_array_start = .)
 *(SORT_BY_NAME(.init_array.*))
 *(.init_array*)
 .init_array    0x000000000800514c        0x4 /Applications/STM32CubeIDE.app/Contents/Eclipse/plugins/com.st.stm32cube.ide.mcu.externaltools.gnu-tools-for-stm32.10.3-2021.10.macos64_1.0.0.202111181127/tools/bin/../lib/gcc/arm-none-eabi/10.3.1/thumb/v7e-m+fp/hard/crtbegin.o
                0x0000000008005150                PROVIDE (__init_array_end = .)
                0x0000000008005150                . = ALIGN (0x4)

.fini_array     0x0000000008005150        0x4
                0x0000000008005150                . = ALIGN (0x4)
                [!provide]                        PROVIDE (__fini_array_start = .)
 *(SORT_BY_NAME(.fini_array.*))
 *(.fini_array*)
 .fini_array    0x0000000008005150        0x4 /Applications/STM32CubeIDE.app/Contents/Eclipse/plugins/com.st.stm32cube.ide.mcu.externaltools.gnu-tools-for-stm32.10.3-2021.10.macos64_1.0.0.202111181127/tools/bin/../lib/gcc/arm-none-eabi/10.3.1/thumb/v7e-m+fp/hard/crtbegin.o
                [!provide]                        PROVIDE (__fini_array_end = .)
                0x0000000008005154                . = ALIGN (0x4)
                0x0000000008005154                _sidata = LOADADDR (.data)

.data           0x0000000020000000        0xc load address 0x0000000008005154
                0x0000000020000000                . = ALIGN (0x4)
                0x0000000020000000                _sdata = .
 *(.data)
 *(.data*)
 .data.SystemCoreClock
                0x0000000020000000        0x4 ./Core/Src/system_stm32l4xx.o
                0x0000000020000000                SystemCoreClock
 .data.uwTickPrio
                0x0000000020000004        0x4 ./Drivers/STM32L4xx_HAL_Driver/Src/stm32l4xx_hal.o
                0x0000000020000004                uwTickPrio
 .data.uwTickFreq
                0x0000000020000008        0x1 ./Drivers/STM32L4xx_HAL_Driver/Src/stm32l4xx_hal.o
                0x0000000020000008                uwTickFreq
 *(.RamFunc)
 *(.RamFunc*)
                0x000000002000000c                . = ALIGN (0x4)
 *fill*         0x0000000020000009        0x3 
                0x000000002000000c                _edata = .

.igot.plt       0x000000002000000c        0x0 load address 0x0000000008005160
 .igot.plt      0x000000002000000c        0x0 /Applications/STM32CubeIDE.app/Contents/Eclipse/plugins/com.st.stm32cube.ide.mcu.externaltools.gnu-tools-for-stm32.10.3-2021.10.macos64_1.0.0.202111181127/tools/bin/../lib/gcc/arm-none-eabi/10.3.1/thumb/v7e-m+fp/hard/crtbegin.o
                0x000000002000000c                . = ALIGN (0x4)

.bss            0x000000002000000c      0x1d4 load address 0x0000000008005160
                0x000000002000000c                _sbss = .
                0x000000002000000c                __bss_start__ = _sbss
 *(.bss)
 .bss           0x000000002000000c       0x1c /Applications/STM32CubeIDE.app/Contents/Eclipse/plugins/com.st.stm32cube.ide.mcu.externaltools.gnu-tools-for-stm32.10.3-2021.10.macos64_1.0.0.202111181127/tools/bin/../lib/gcc/arm-none-eabi/10.3.1/thumb/v7e-m+fp/hard/crtbegin.o
 *(.bss*)
 .bss.BMP280    0x0000000020000028       0x34 ./Core/Src/IMU.o
                0x0000000020000028                BMP280
 .bss.LoRa      0x000000002000005c       0x18 ./Core/Src/IMU.o
                0x000000002000005c                LoRa
 .bss.hi2c1     0x0000000020000074       0x54 ./Core/Src/i2c.o
                0x0000000020000074                hi2c1
 .bss.hi2c3     0x00000000200000c8       0x54 ./Core/Src/i2c.o
                0x00000000200000c8                hi2c3
 .bss.servoDutyCycles
                0x000000002000011c       0x10 ./Core/Src/servo.o
                0x000000002000011c                servoDutyCycles
 .bss.hspi1     0x000000002000012c       0x64 ./Core/Src/spi.o
                0x000000002000012c                hspi1
 .bss.htim1     0x0000000020000190       0x4c ./Core/Src/tim.o
                0x0000000020000190                htim1
 .bss.uwTick    0x00000000200001dc        0x4 ./Drivers/STM32L4xx_HAL_Driver/Src/stm32l4xx_hal.o
                0x00000000200001dc                uwTick
 *(COMMON)
                0x00000000200001e0                . = ALIGN (0x4)
                0x00000000200001e0                _ebss = .
                0x00000000200001e0                __bss_end__ = _ebss

._user_heap_stack
                0x00000000200001e0      0x500 load address 0x0000000008005160
                0x00000000200001e0                . = ALIGN (0x8)
                [!provide]                        PROVIDE (end = .)
                0x00000000200001e0                PROVIDE (_end = .)
                0x00000000200002e0                . = (. + _Min_Heap_Size)
 *fill*         0x00000000200001e0      0x100 
                0x00000000200006e0                . = (. + _Min_Stack_Size)
 *fill*         0x00000000200002e0      0x400 
                0x00000000200006e0                . = ALIGN (0x8)

/DISCARD/
 libc.a(*)
 libm.a(*)
 libgcc.a(*)

.ARM.attributes
                0x0000000000000000       0x30
 *(.ARM.attributes)
 .ARM.attributes
                0x0000000000000000       0x1e /Applications/STM32CubeIDE.app/Contents/Eclipse/plugins/com.st.stm32cube.ide.mcu.externaltools.gnu-tools-for-stm32.10.3-2021.10.macos64_1.0.0.202111181127/tools/bin/../lib/gcc/arm-none-eabi/10.3.1/thumb/v7e-m+fp/hard/crti.o
 .ARM.attributes
                0x000000000000001e       0x34 /Applications/STM32CubeIDE.app/Contents/Eclipse/plugins/com.st.stm32cube.ide.mcu.externaltools.gnu-tools-for-stm32.10.3-2021.10.macos64_1.0.0.202111181127/tools/bin/../lib/gcc/arm-none-eabi/10.3.1/thumb/v7e-m+fp/hard/crtbegin.o
 .ARM.attributes
                0x0000000000000052       0x34 ./Core/Src/IMU.o
 .ARM.attributes
                0x0000000000000086       0x34 ./Core/Src/LoRa.o
 .ARM.attributes
                0x00000000000000ba       0x34 ./Core/Src/bmp280.o
 .ARM.attributes
                0x00000000000000ee       0x34 ./Core/Src/gpio.o
 .ARM.attributes
                0x0000000000000122       0x34 ./Core/Src/i2c.o
 .ARM.attributes
                0x0000000000000156       0x34 ./Core/Src/main.o
 .ARM.attributes
                0x000000000000018a       0x34 ./Core/Src/servo.o
 .ARM.attributes
                0x00000000000001be       0x34 ./Core/Src/spi.o
 .ARM.attributes
                0x00000000000001f2       0x34 ./Core/Src/stm32l4xx_hal_msp.o
 .ARM.attributes
                0x0000000000000226       0x34 ./Core/Src/stm32l4xx_it.o
 .ARM.attributes
                0x000000000000025a       0x34 ./Core/Src/sysinit.o
 .ARM.attributes
                0x000000000000028e       0x34 ./Core/Src/system_stm32l4xx.o
 .ARM.attributes
                0x00000000000002c2       0x34 ./Core/Src/tim.o
 .ARM.attributes
                0x00000000000002f6       0x21 ./Core/Startup/startup_stm32l432kcux.o
 .ARM.attributes
                0x0000000000000317       0x34 ./Drivers/STM32L4xx_HAL_Driver/Src/stm32l4xx_hal.o
 .ARM.attributes
                0x000000000000034b       0x34 ./Drivers/STM32L4xx_HAL_Driver/Src/stm32l4xx_hal_cortex.o
 .ARM.attributes
                0x000000000000037f       0x34 ./Drivers/STM32L4xx_HAL_Driver/Src/stm32l4xx_hal_gpio.o
 .ARM.attributes
                0x00000000000003b3       0x34 ./Drivers/STM32L4xx_HAL_Driver/Src/stm32l4xx_hal_i2c.o
 .ARM.attributes
                0x00000000000003e7       0x34 ./Drivers/STM32L4xx_HAL_Driver/Src/stm32l4xx_hal_i2c_ex.o
 .ARM.attributes
                0x000000000000041b       0x34 ./Drivers/STM32L4xx_HAL_Driver/Src/stm32l4xx_hal_pwr_ex.o
 .ARM.attributes
                0x000000000000044f       0x34 ./Drivers/STM32L4xx_HAL_Driver/Src/stm32l4xx_hal_rcc.o
 .ARM.attributes
                0x0000000000000483       0x34 ./Drivers/STM32L4xx_HAL_Driver/Src/stm32l4xx_hal_rcc_ex.o
 .ARM.attributes
                0x00000000000004b7       0x34 ./Drivers/STM32L4xx_HAL_Driver/Src/stm32l4xx_hal_spi.o
 .ARM.attributes
                0x00000000000004eb       0x34 ./Drivers/STM32L4xx_HAL_Driver/Src/stm32l4xx_hal_tim.o
 .ARM.attributes
                0x000000000000051f       0x34 ./Drivers/STM32L4xx_HAL_Driver/Src/stm32l4xx_hal_tim_ex.o
 .ARM.attributes
                0x0000000000000553       0x34 /Applications/STM32CubeIDE.app/Contents/Eclipse/plugins/com.st.stm32cube.ide.mcu.externaltools.gnu-tools-for-stm32.10.3-2021.10.macos64_1.0.0.202111181127/tools/bin/../lib/gcc/arm-none-eabi/10.3.1/../../../../arm-none-eabi/lib/thumb/v7e-m+fp/hard/libc_nano.a(lib_a-init.o)
 .ARM.attributes
                0x0000000000000587       0x34 /Applications/STM32CubeIDE.app/Contents/Eclipse/plugins/com.st.stm32cube.ide.mcu.externaltools.gnu-tools-for-stm32.10.3-2021.10.macos64_1.0.0.202111181127/tools/bin/../lib/gcc/arm-none-eabi/10.3.1/../../../../arm-none-eabi/lib/thumb/v7e-m+fp/hard/libc_nano.a(lib_a-memset.o)
 .ARM.attributes
                0x00000000000005bb       0x1e /Applications/STM32CubeIDE.app/Contents/Eclipse/plugins/com.st.stm32cube.ide.mcu.externaltools.gnu-tools-for-stm32.10.3-2021.10.macos64_1.0.0.202111181127/tools/bin/../lib/gcc/arm-none-eabi/10.3.1/thumb/v7e-m+fp/hard/libgcc.a(_aeabi_uldivmod.o)
 .ARM.attributes
                0x00000000000005d9       0x34 /Applications/STM32CubeIDE.app/Contents/Eclipse/plugins/com.st.stm32cube.ide.mcu.externaltools.gnu-tools-for-stm32.10.3-2021.10.macos64_1.0.0.202111181127/tools/bin/../lib/gcc/arm-none-eabi/10.3.1/thumb/v7e-m+fp/hard/libgcc.a(_udivmoddi4.o)
 .ARM.attributes
                0x000000000000060d       0x1e /Applications/STM32CubeIDE.app/Contents/Eclipse/plugins/com.st.stm32cube.ide.mcu.externaltools.gnu-tools-for-stm32.10.3-2021.10.macos64_1.0.0.202111181127/tools/bin/../lib/gcc/arm-none-eabi/10.3.1/thumb/v7e-m+fp/hard/libgcc.a(_dvmd_tls.o)
 .ARM.attributes
                0x000000000000062b       0x1e /Applications/STM32CubeIDE.app/Contents/Eclipse/plugins/com.st.stm32cube.ide.mcu.externaltools.gnu-tools-for-stm32.10.3-2021.10.macos64_1.0.0.202111181127/tools/bin/../lib/gcc/arm-none-eabi/10.3.1/thumb/v7e-m+fp/hard/crtn.o
OUTPUT(RocketControl.elf elf32-littlearm)
LOAD linker stubs
LOAD /Applications/STM32CubeIDE.app/Contents/Eclipse/plugins/com.st.stm32cube.ide.mcu.externaltools.gnu-tools-for-stm32.10.3-2021.10.macos64_1.0.0.202111181127/tools/bin/../lib/gcc/arm-none-eabi/10.3.1/../../../../arm-none-eabi/lib/thumb/v7e-m+fp/hard/libc.a
LOAD /Applications/STM32CubeIDE.app/Contents/Eclipse/plugins/com.st.stm32cube.ide.mcu.externaltools.gnu-tools-for-stm32.10.3-2021.10.macos64_1.0.0.202111181127/tools/bin/../lib/gcc/arm-none-eabi/10.3.1/../../../../arm-none-eabi/lib/thumb/v7e-m+fp/hard/libm.a
LOAD /Applications/STM32CubeIDE.app/Contents/Eclipse/plugins/com.st.stm32cube.ide.mcu.externaltools.gnu-tools-for-stm32.10.3-2021.10.macos64_1.0.0.202111181127/tools/bin/../lib/gcc/arm-none-eabi/10.3.1/thumb/v7e-m+fp/hard/libgcc.a

.debug_info     0x0000000000000000    0x1b5a6
 .debug_info    0x0000000000000000     0x192c ./Core/Src/IMU.o
 .debug_info    0x000000000000192c     0x1a8b ./Core/Src/LoRa.o
 .debug_info    0x00000000000033b7     0x1348 ./Core/Src/bmp280.o
 .debug_info    0x00000000000046ff     0x1070 ./Core/Src/gpio.o
 .debug_info    0x000000000000576f     0x12e3 ./Core/Src/i2c.o
 .debug_info    0x0000000000006a52     0x1087 ./Core/Src/main.o
 .debug_info    0x0000000000007ad9     0x1352 ./Core/Src/servo.o
 .debug_info    0x0000000000008e2b     0x10ab ./Core/Src/spi.o
 .debug_info    0x0000000000009ed6      0xf8b ./Core/Src/stm32l4xx_hal_msp.o
 .debug_info    0x000000000000ae61      0xdb4 ./Core/Src/stm32l4xx_it.o
 .debug_info    0x000000000000bc15      0xea3 ./Core/Src/sysinit.o
 .debug_info    0x000000000000cab8      0x5d4 ./Core/Src/system_stm32l4xx.o
 .debug_info    0x000000000000d08c     0x1707 ./Core/Src/tim.o
 .debug_info    0x000000000000e793       0x22 ./Core/Startup/startup_stm32l432kcux.o
 .debug_info    0x000000000000e7b5      0x9da ./Drivers/STM32L4xx_HAL_Driver/Src/stm32l4xx_hal.o
 .debug_info    0x000000000000f18f      0xda3 ./Drivers/STM32L4xx_HAL_Driver/Src/stm32l4xx_hal_cortex.o
 .debug_info    0x000000000000ff32      0x821 ./Drivers/STM32L4xx_HAL_Driver/Src/stm32l4xx_hal_gpio.o
 .debug_info    0x0000000000010753     0x2232 ./Drivers/STM32L4xx_HAL_Driver/Src/stm32l4xx_hal_i2c.o
 .debug_info    0x0000000000012985      0xa53 ./Drivers/STM32L4xx_HAL_Driver/Src/stm32l4xx_hal_i2c_ex.o
 .debug_info    0x00000000000133d8      0x96b ./Drivers/STM32L4xx_HAL_Driver/Src/stm32l4xx_hal_pwr_ex.o
 .debug_info    0x0000000000013d43      0xc97 ./Drivers/STM32L4xx_HAL_Driver/Src/stm32l4xx_hal_rcc.o
 .debug_info    0x00000000000149da      0xf5b ./Drivers/STM32L4xx_HAL_Driver/Src/stm32l4xx_hal_rcc_ex.o
 .debug_info    0x0000000000015935     0x1782 ./Drivers/STM32L4xx_HAL_Driver/Src/stm32l4xx_hal_spi.o
 .debug_info    0x00000000000170b7     0x2d04 ./Drivers/STM32L4xx_HAL_Driver/Src/stm32l4xx_hal_tim.o
 .debug_info    0x0000000000019dbb     0x17eb ./Drivers/STM32L4xx_HAL_Driver/Src/stm32l4xx_hal_tim_ex.o

.debug_abbrev   0x0000000000000000     0x343b
 .debug_abbrev  0x0000000000000000      0x337 ./Core/Src/IMU.o
 .debug_abbrev  0x0000000000000337      0x2a3 ./Core/Src/LoRa.o
 .debug_abbrev  0x00000000000005da      0x27d ./Core/Src/bmp280.o
 .debug_abbrev  0x0000000000000857      0x185 ./Core/Src/gpio.o
 .debug_abbrev  0x00000000000009dc      0x215 ./Core/Src/i2c.o
 .debug_abbrev  0x0000000000000bf1      0x26f ./Core/Src/main.o
 .debug_abbrev  0x0000000000000e60      0x25b ./Core/Src/servo.o
 .debug_abbrev  0x00000000000010bb      0x1fe ./Core/Src/spi.o
 .debug_abbrev  0x00000000000012b9      0x170 ./Core/Src/stm32l4xx_hal_msp.o
 .debug_abbrev  0x0000000000001429      0x178 ./Core/Src/stm32l4xx_it.o
 .debug_abbrev  0x00000000000015a1      0x1fa ./Core/Src/sysinit.o
 .debug_abbrev  0x000000000000179b      0x116 ./Core/Src/system_stm32l4xx.o
 .debug_abbrev  0x00000000000018b1      0x229 ./Core/Src/tim.o
 .debug_abbrev  0x0000000000001ada       0x12 ./Core/Startup/startup_stm32l432kcux.o
 .debug_abbrev  0x0000000000001aec      0x21e ./Drivers/STM32L4xx_HAL_Driver/Src/stm32l4xx_hal.o
 .debug_abbrev  0x0000000000001d0a      0x316 ./Drivers/STM32L4xx_HAL_Driver/Src/stm32l4xx_hal_cortex.o
 .debug_abbrev  0x0000000000002020      0x1bb ./Drivers/STM32L4xx_HAL_Driver/Src/stm32l4xx_hal_gpio.o
 .debug_abbrev  0x00000000000021db      0x243 ./Drivers/STM32L4xx_HAL_Driver/Src/stm32l4xx_hal_i2c.o
 .debug_abbrev  0x000000000000241e      0x1b0 ./Drivers/STM32L4xx_HAL_Driver/Src/stm32l4xx_hal_i2c_ex.o
 .debug_abbrev  0x00000000000025ce      0x1f3 ./Drivers/STM32L4xx_HAL_Driver/Src/stm32l4xx_hal_pwr_ex.o
 .debug_abbrev  0x00000000000027c1      0x2bd ./Drivers/STM32L4xx_HAL_Driver/Src/stm32l4xx_hal_rcc.o
 .debug_abbrev  0x0000000000002a7e      0x299 ./Drivers/STM32L4xx_HAL_Driver/Src/stm32l4xx_hal_rcc_ex.o
 .debug_abbrev  0x0000000000002d17      0x254 ./Drivers/STM32L4xx_HAL_Driver/Src/stm32l4xx_hal_spi.o
 .debug_abbrev  0x0000000000002f6b      0x264 ./Drivers/STM32L4xx_HAL_Driver/Src/stm32l4xx_hal_tim.o
 .debug_abbrev  0x00000000000031cf      0x26c ./Drivers/STM32L4xx_HAL_Driver/Src/stm32l4xx_hal_tim_ex.o

.debug_aranges  0x0000000000000000     0x1468
 .debug_aranges
                0x0000000000000000       0xe8 ./Core/Src/IMU.o
 .debug_aranges
                0x00000000000000e8      0x168 ./Core/Src/LoRa.o
 .debug_aranges
                0x0000000000000250       0x88 ./Core/Src/bmp280.o
 .debug_aranges
                0x00000000000002d8       0x20 ./Core/Src/gpio.o
 .debug_aranges
                0x00000000000002f8       0x38 ./Core/Src/i2c.o
 .debug_aranges
                0x0000000000000330       0x30 ./Core/Src/main.o
 .debug_aranges
                0x0000000000000360       0x58 ./Core/Src/servo.o
 .debug_aranges
                0x00000000000003b8       0x30 ./Core/Src/spi.o
 .debug_aranges
                0x00000000000003e8       0x20 ./Core/Src/stm32l4xx_hal_msp.o
 .debug_aranges
                0x0000000000000408       0x60 ./Core/Src/stm32l4xx_it.o
 .debug_aranges
                0x0000000000000468       0x38 ./Core/Src/sysinit.o
 .debug_aranges
                0x00000000000004a0       0x28 ./Core/Src/system_stm32l4xx.o
 .debug_aranges
                0x00000000000004c8       0x38 ./Core/Src/tim.o
 .debug_aranges
                0x0000000000000500       0x28 ./Core/Startup/startup_stm32l432kcux.o
 .debug_aranges
                0x0000000000000528      0x108 ./Drivers/STM32L4xx_HAL_Driver/Src/stm32l4xx_hal.o
 .debug_aranges
                0x0000000000000630      0x118 ./Drivers/STM32L4xx_HAL_Driver/Src/stm32l4xx_hal_cortex.o
 .debug_aranges
                0x0000000000000748       0x58 ./Drivers/STM32L4xx_HAL_Driver/Src/stm32l4xx_hal_gpio.o
 .debug_aranges
                0x00000000000007a0      0x2a0 ./Drivers/STM32L4xx_HAL_Driver/Src/stm32l4xx_hal_i2c.o
 .debug_aranges
                0x0000000000000a40       0x48 ./Drivers/STM32L4xx_HAL_Driver/Src/stm32l4xx_hal_i2c_ex.o
 .debug_aranges
                0x0000000000000a88      0x128 ./Drivers/STM32L4xx_HAL_Driver/Src/stm32l4xx_hal_pwr_ex.o
 .debug_aranges
                0x0000000000000bb0       0x90 ./Drivers/STM32L4xx_HAL_Driver/Src/stm32l4xx_hal_rcc.o
 .debug_aranges
                0x0000000000000c40       0xf0 ./Drivers/STM32L4xx_HAL_Driver/Src/stm32l4xx_hal_rcc_ex.o
 .debug_aranges
                0x0000000000000d30      0x1d8 ./Drivers/STM32L4xx_HAL_Driver/Src/stm32l4xx_hal_spi.o
 .debug_aranges
                0x0000000000000f08      0x3e0 ./Drivers/STM32L4xx_HAL_Driver/Src/stm32l4xx_hal_tim.o
 .debug_aranges
                0x00000000000012e8      0x180 ./Drivers/STM32L4xx_HAL_Driver/Src/stm32l4xx_hal_tim_ex.o

.debug_ranges   0x0000000000000000     0x12e0
 .debug_ranges  0x0000000000000000       0xd8 ./Core/Src/IMU.o
 .debug_ranges  0x00000000000000d8      0x158 ./Core/Src/LoRa.o
 .debug_ranges  0x0000000000000230       0x78 ./Core/Src/bmp280.o
 .debug_ranges  0x00000000000002a8       0x10 ./Core/Src/gpio.o
 .debug_ranges  0x00000000000002b8       0x28 ./Core/Src/i2c.o
 .debug_ranges  0x00000000000002e0       0x20 ./Core/Src/main.o
 .debug_ranges  0x0000000000000300       0x48 ./Core/Src/servo.o
 .debug_ranges  0x0000000000000348       0x20 ./Core/Src/spi.o
 .debug_ranges  0x0000000000000368       0x10 ./Core/Src/stm32l4xx_hal_msp.o
 .debug_ranges  0x0000000000000378       0x50 ./Core/Src/stm32l4xx_it.o
 .debug_ranges  0x00000000000003c8       0x28 ./Core/Src/sysinit.o
 .debug_ranges  0x00000000000003f0       0x18 ./Core/Src/system_stm32l4xx.o
 .debug_ranges  0x0000000000000408       0x28 ./Core/Src/tim.o
 .debug_ranges  0x0000000000000430       0x20 ./Core/Startup/startup_stm32l432kcux.o
 .debug_ranges  0x0000000000000450       0xf8 ./Drivers/STM32L4xx_HAL_Driver/Src/stm32l4xx_hal.o
 .debug_ranges  0x0000000000000548      0x108 ./Drivers/STM32L4xx_HAL_Driver/Src/stm32l4xx_hal_cortex.o
 .debug_ranges  0x0000000000000650       0x48 ./Drivers/STM32L4xx_HAL_Driver/Src/stm32l4xx_hal_gpio.o
 .debug_ranges  0x0000000000000698      0x290 ./Drivers/STM32L4xx_HAL_Driver/Src/stm32l4xx_hal_i2c.o
 .debug_ranges  0x0000000000000928       0x38 ./Drivers/STM32L4xx_HAL_Driver/Src/stm32l4xx_hal_i2c_ex.o
 .debug_ranges  0x0000000000000960      0x118 ./Drivers/STM32L4xx_HAL_Driver/Src/stm32l4xx_hal_pwr_ex.o
 .debug_ranges  0x0000000000000a78       0x80 ./Drivers/STM32L4xx_HAL_Driver/Src/stm32l4xx_hal_rcc.o
 .debug_ranges  0x0000000000000af8       0xe0 ./Drivers/STM32L4xx_HAL_Driver/Src/stm32l4xx_hal_rcc_ex.o
 .debug_ranges  0x0000000000000bd8      0x1c8 ./Drivers/STM32L4xx_HAL_Driver/Src/stm32l4xx_hal_spi.o
 .debug_ranges  0x0000000000000da0      0x3d0 ./Drivers/STM32L4xx_HAL_Driver/Src/stm32l4xx_hal_tim.o
 .debug_ranges  0x0000000000001170      0x170 ./Drivers/STM32L4xx_HAL_Driver/Src/stm32l4xx_hal_tim_ex.o

.debug_macro    0x0000000000000000    0x240c8
 .debug_macro   0x0000000000000000      0x402 ./Core/Src/IMU.o
 .debug_macro   0x0000000000000402      0xa78 ./Core/Src/IMU.o
 .debug_macro   0x0000000000000e7a       0x22 ./Core/Src/IMU.o
 .debug_macro   0x0000000000000e9c       0x4c ./Core/Src/IMU.o
 .debug_macro   0x0000000000000ee8       0x1e ./Core/Src/IMU.o
 .debug_macro   0x0000000000000f06       0x94 ./Core/Src/IMU.o
 .debug_macro   0x0000000000000f9a       0x3c ./Core/Src/IMU.o
 .debug_macro   0x0000000000000fd6       0x34 ./Core/Src/IMU.o
 .debug_macro   0x000000000000100a      0x174 ./Core/Src/IMU.o
 .debug_macro   0x000000000000117e       0x16 ./Core/Src/IMU.o
 .debug_macro   0x0000000000001194       0x43 ./Core/Src/IMU.o
 .debug_macro   0x00000000000011d7       0x57 ./Core/Src/IMU.o
 .debug_macro   0x000000000000122e       0x34 ./Core/Src/IMU.o
 .debug_macro   0x0000000000001262       0x10 ./Core/Src/IMU.o
 .debug_macro   0x0000000000001272       0x58 ./Core/Src/IMU.o
 .debug_macro   0x00000000000012ca       0x71 ./Core/Src/IMU.o
 .debug_macro   0x000000000000133b       0x1c ./Core/Src/IMU.o
 .debug_macro   0x0000000000001357      0x12a ./Core/Src/IMU.o
 .debug_macro   0x0000000000001481      0x341 ./Core/Src/IMU.o
 .debug_macro   0x00000000000017c2      0x19b ./Core/Src/IMU.o
 .debug_macro   0x000000000000195d      0x1ad ./Core/Src/IMU.o
 .debug_macro   0x0000000000001b0a       0x2e ./Core/Src/IMU.o
 .debug_macro   0x0000000000001b38       0x28 ./Core/Src/IMU.o
 .debug_macro   0x0000000000001b60      0x103 ./Core/Src/IMU.o
 .debug_macro   0x0000000000001c63       0x6a ./Core/Src/IMU.o
 .debug_macro   0x0000000000001ccd      0x1df ./Core/Src/IMU.o
 .debug_macro   0x0000000000001eac       0x1c ./Core/Src/IMU.o
 .debug_macro   0x0000000000001ec8       0x22 ./Core/Src/IMU.o
 .debug_macro   0x0000000000001eea       0xfb ./Core/Src/IMU.o
 .debug_macro   0x0000000000001fe5     0x1011 ./Core/Src/IMU.o
 .debug_macro   0x0000000000002ff6      0x11f ./Core/Src/IMU.o
 .debug_macro   0x0000000000003115    0x147a6 ./Core/Src/IMU.o
 .debug_macro   0x00000000000178bb       0x6d ./Core/Src/IMU.o
 .debug_macro   0x0000000000017928     0x38e6 ./Core/Src/IMU.o
 .debug_macro   0x000000000001b20e       0x56 ./Core/Src/IMU.o
 .debug_macro   0x000000000001b264     0x11ca ./Core/Src/IMU.o
 .debug_macro   0x000000000001c42e      0x53c ./Core/Src/IMU.o
 .debug_macro   0x000000000001c96a      0x1b9 ./Core/Src/IMU.o
 .debug_macro   0x000000000001cb23      0x122 ./Core/Src/IMU.o
 .debug_macro   0x000000000001cc45      0x26b ./Core/Src/IMU.o
 .debug_macro   0x000000000001ceb0      0x23d ./Core/Src/IMU.o
 .debug_macro   0x000000000001d0ed      0x241 ./Core/Src/IMU.o
 .debug_macro   0x000000000001d32e      0x375 ./Core/Src/IMU.o
 .debug_macro   0x000000000001d6a3       0xd6 ./Core/Src/IMU.o
 .debug_macro   0x000000000001d779      0x22c ./Core/Src/IMU.o
 .debug_macro   0x000000000001d9a5       0x61 ./Core/Src/IMU.o
 .debug_macro   0x000000000001da06       0xa5 ./Core/Src/IMU.o
 .debug_macro   0x000000000001daab      0x122 ./Core/Src/IMU.o
 .debug_macro   0x000000000001dbcd      0x356 ./Core/Src/IMU.o
 .debug_macro   0x000000000001df23      0x2fe ./Core/Src/IMU.o
 .debug_macro   0x000000000001e221      0xa91 ./Core/Src/IMU.o
 .debug_macro   0x000000000001ecb2      0x12d ./Core/Src/IMU.o
 .debug_macro   0x000000000001eddf      0x220 ./Core/Src/IMU.o
 .debug_macro   0x000000000001efff       0x10 ./Core/Src/IMU.o
 .debug_macro   0x000000000001f00f       0x1c ./Core/Src/IMU.o
 .debug_macro   0x000000000001f02b       0x35 ./Core/Src/IMU.o
 .debug_macro   0x000000000001f060       0x10 ./Core/Src/IMU.o
 .debug_macro   0x000000000001f070       0x10 ./Core/Src/IMU.o
 .debug_macro   0x000000000001f080       0x1c ./Core/Src/IMU.o
 .debug_macro   0x000000000001f09c       0x52 ./Core/Src/IMU.o
 .debug_macro   0x000000000001f0ee       0x22 ./Core/Src/IMU.o
 .debug_macro   0x000000000001f110       0x10 ./Core/Src/IMU.o
 .debug_macro   0x000000000001f120       0x52 ./Core/Src/IMU.o
 .debug_macro   0x000000000001f172       0xd5 ./Core/Src/IMU.o
 .debug_macro   0x000000000001f247       0x1c ./Core/Src/IMU.o
 .debug_macro   0x000000000001f263       0x3d ./Core/Src/IMU.o
 .debug_macro   0x000000000001f2a0       0x16 ./Core/Src/IMU.o
 .debug_macro   0x000000000001f2b6      0x145 ./Core/Src/IMU.o
 .debug_macro   0x000000000001f3fb       0x22 ./Core/Src/IMU.o
 .debug_macro   0x000000000001f41d       0x22 ./Core/Src/IMU.o
 .debug_macro   0x000000000001f43f       0x9a ./Core/Src/IMU.o
 .debug_macro   0x000000000001f4d9       0x4c ./Core/Src/IMU.o
 .debug_macro   0x000000000001f525       0x16 ./Core/Src/IMU.o
 .debug_macro   0x000000000001f53b       0x20 ./Core/Src/IMU.o
 .debug_macro   0x000000000001f55b      0x32e ./Core/Src/IMU.o
 .debug_macro   0x000000000001f889      0x54e ./Core/Src/LoRa.o
 .debug_macro   0x000000000001fdd7       0x8e ./Core/Src/LoRa.o
 .debug_macro   0x000000000001fe65       0x51 ./Core/Src/LoRa.o
 .debug_macro   0x000000000001feb6       0x5c ./Core/Src/LoRa.o
 .debug_macro   0x000000000001ff12       0x52 ./Core/Src/LoRa.o
 .debug_macro   0x000000000001ff64       0x16 ./Core/Src/LoRa.o
 .debug_macro   0x000000000001ff7a       0x94 ./Core/Src/LoRa.o
 .debug_macro   0x000000000002000e      0x470 ./Core/Src/bmp280.o
 .debug_macro   0x000000000002047e       0x1c ./Core/Src/bmp280.o
 .debug_macro   0x000000000002049a      0x404 ./Core/Src/gpio.o
 .debug_macro   0x000000000002089e      0x404 ./Core/Src/i2c.o
 .debug_macro   0x0000000000020ca2      0x410 ./Core/Src/main.o
 .debug_macro   0x00000000000210b2      0x404 ./Core/Src/servo.o
 .debug_macro   0x00000000000214b6      0x404 ./Core/Src/spi.o
 .debug_macro   0x00000000000218ba      0x400 ./Core/Src/stm32l4xx_hal_msp.o
 .debug_macro   0x0000000000021cba      0x40a ./Core/Src/stm32l4xx_it.o
 .debug_macro   0x00000000000220c4      0x408 ./Core/Src/sysinit.o
 .debug_macro   0x00000000000224cc      0x1da ./Core/Src/system_stm32l4xx.o
 .debug_macro   0x00000000000226a6      0x404 ./Core/Src/tim.o
 .debug_macro   0x0000000000022aaa      0x222 ./Drivers/STM32L4xx_HAL_Driver/Src/stm32l4xx_hal.o
 .debug_macro   0x0000000000022ccc      0x1da ./Drivers/STM32L4xx_HAL_Driver/Src/stm32l4xx_hal_cortex.o
 .debug_macro   0x0000000000022ea6      0x1e1 ./Drivers/STM32L4xx_HAL_Driver/Src/stm32l4xx_hal_gpio.o
 .debug_macro   0x0000000000023087      0x2a6 ./Drivers/STM32L4xx_HAL_Driver/Src/stm32l4xx_hal_i2c.o
 .debug_macro   0x000000000002332d      0x1da ./Drivers/STM32L4xx_HAL_Driver/Src/stm32l4xx_hal_i2c_ex.o
 .debug_macro   0x0000000000023507      0x1fe ./Drivers/STM32L4xx_HAL_Driver/Src/stm32l4xx_hal_pwr_ex.o
 .debug_macro   0x0000000000023705      0x21c ./Drivers/STM32L4xx_HAL_Driver/Src/stm32l4xx_hal_rcc.o
 .debug_macro   0x0000000000023921      0x210 ./Drivers/STM32L4xx_HAL_Driver/Src/stm32l4xx_hal_rcc_ex.o
 .debug_macro   0x0000000000023b31      0x1e2 ./Drivers/STM32L4xx_HAL_Driver/Src/stm32l4xx_hal_spi.o
 .debug_macro   0x0000000000023d13      0x1db ./Drivers/STM32L4xx_HAL_Driver/Src/stm32l4xx_hal_tim.o
 .debug_macro   0x0000000000023eee      0x1da ./Drivers/STM32L4xx_HAL_Driver/Src/stm32l4xx_hal_tim_ex.o

.debug_line     0x0000000000000000    0x1a301
 .debug_line    0x0000000000000000     0x1866 ./Core/Src/IMU.o
 .debug_line    0x0000000000001866      0xfec ./Core/Src/LoRa.o
 .debug_line    0x0000000000002852      0xef2 ./Core/Src/bmp280.o
 .debug_line    0x0000000000003744      0x9c8 ./Core/Src/gpio.o
 .debug_line    0x000000000000410c      0xacd ./Core/Src/i2c.o
 .debug_line    0x0000000000004bd9      0xa3e ./Core/Src/main.o
 .debug_line    0x0000000000005617      0xb6b ./Core/Src/servo.o
 .debug_line    0x0000000000006182      0xa15 ./Core/Src/spi.o
 .debug_line    0x0000000000006b97      0x9a5 ./Core/Src/stm32l4xx_hal_msp.o
 .debug_line    0x000000000000753c      0xa68 ./Core/Src/stm32l4xx_it.o
 .debug_line    0x0000000000007fa4      0xa53 ./Core/Src/sysinit.o
 .debug_line    0x00000000000089f7      0x7af ./Core/Src/system_stm32l4xx.o
 .debug_line    0x00000000000091a6      0xaad ./Core/Src/tim.o
 .debug_line    0x0000000000009c53       0x88 ./Core/Startup/startup_stm32l432kcux.o
 .debug_line    0x0000000000009cdb      0xa74 ./Drivers/STM32L4xx_HAL_Driver/Src/stm32l4xx_hal.o
 .debug_line    0x000000000000a74f      0xcae ./Drivers/STM32L4xx_HAL_Driver/Src/stm32l4xx_hal_cortex.o
 .debug_line    0x000000000000b3fd      0xafe ./Drivers/STM32L4xx_HAL_Driver/Src/stm32l4xx_hal_gpio.o
 .debug_line    0x000000000000befb     0x3699 ./Drivers/STM32L4xx_HAL_Driver/Src/stm32l4xx_hal_i2c.o
 .debug_line    0x000000000000f594      0x935 ./Drivers/STM32L4xx_HAL_Driver/Src/stm32l4xx_hal_i2c_ex.o
 .debug_line    0x000000000000fec9      0xc06 ./Drivers/STM32L4xx_HAL_Driver/Src/stm32l4xx_hal_pwr_ex.o
 .debug_line    0x0000000000010acf      0xfbf ./Drivers/STM32L4xx_HAL_Driver/Src/stm32l4xx_hal_rcc.o
 .debug_line    0x0000000000011a8e     0x12d9 ./Drivers/STM32L4xx_HAL_Driver/Src/stm32l4xx_hal_rcc_ex.o
 .debug_line    0x0000000000012d67     0x1f41 ./Drivers/STM32L4xx_HAL_Driver/Src/stm32l4xx_hal_spi.o
 .debug_line    0x0000000000014ca8     0x3b44 ./Drivers/STM32L4xx_HAL_Driver/Src/stm32l4xx_hal_tim.o
 .debug_line    0x00000000000187ec     0x1b15 ./Drivers/STM32L4xx_HAL_Driver/Src/stm32l4xx_hal_tim_ex.o

.debug_str      0x0000000000000000    0xcc778
 .debug_str     0x0000000000000000    0xc6840 ./Core/Src/IMU.o
                                      0xc6c62 (size before relaxing)
 .debug_str     0x00000000000c6840      0xa8e ./Core/Src/LoRa.o
                                      0xc72db (size before relaxing)
 .debug_str     0x00000000000c72ce      0x396 ./Core/Src/bmp280.o
                                      0xc6c0c (size before relaxing)
 .debug_str     0x00000000000c7664      0x1a9 ./Core/Src/gpio.o
                                      0xc69e8 (size before relaxing)
 .debug_str     0x00000000000c780d      0x241 ./Core/Src/i2c.o
                                      0xc6c16 (size before relaxing)
 .debug_str     0x00000000000c7a4e      0x209 ./Core/Src/main.o
                                      0xc6ab7 (size before relaxing)
 .debug_str     0x00000000000c7c57      0x525 ./Core/Src/servo.o
                                      0xc6db9 (size before relaxing)
 .debug_str     0x00000000000c817c       0x4b ./Core/Src/spi.o
                                      0xc6a08 (size before relaxing)
 .debug_str     0x00000000000c81c7       0x2c ./Core/Src/stm32l4xx_hal_msp.o
                                      0xc6974 (size before relaxing)
 .debug_str     0x00000000000c81f3       0xc9 ./Core/Src/stm32l4xx_it.o
                                      0xc68be (size before relaxing)
 .debug_str     0x00000000000c82bc       0x63 ./Core/Src/sysinit.o
                                      0xc6904 (size before relaxing)
 .debug_str     0x00000000000c831f       0xf2 ./Core/Src/system_stm32l4xx.o
                                      0xc0bf8 (size before relaxing)
 .debug_str     0x00000000000c8411      0x2d9 ./Core/Src/tim.o
                                      0xc6fba (size before relaxing)
 .debug_str     0x00000000000c86ea       0x76 ./Core/Startup/startup_stm32l432kcux.o
 .debug_str     0x00000000000c8760      0x8f5 ./Drivers/STM32L4xx_HAL_Driver/Src/stm32l4xx_hal.o
                                      0xc1585 (size before relaxing)
 .debug_str     0x00000000000c9055      0x33a ./Drivers/STM32L4xx_HAL_Driver/Src/stm32l4xx_hal_cortex.o
                                      0xc1326 (size before relaxing)
 .debug_str     0x00000000000c938f      0x123 ./Drivers/STM32L4xx_HAL_Driver/Src/stm32l4xx_hal_gpio.o
                                      0xc0d6c (size before relaxing)
 .debug_str     0x00000000000c94b2      0xda5 ./Drivers/STM32L4xx_HAL_Driver/Src/stm32l4xx_hal_i2c.o
                                      0xc1df9 (size before relaxing)
 .debug_str     0x00000000000ca257       0xb8 ./Drivers/STM32L4xx_HAL_Driver/Src/stm32l4xx_hal_i2c_ex.o
                                      0xc112f (size before relaxing)
 .debug_str     0x00000000000ca30f      0x44e ./Drivers/STM32L4xx_HAL_Driver/Src/stm32l4xx_hal_pwr_ex.o
                                      0xc10a0 (size before relaxing)
 .debug_str     0x00000000000ca75d      0x381 ./Drivers/STM32L4xx_HAL_Driver/Src/stm32l4xx_hal_rcc.o
                                      0xc11f8 (size before relaxing)
 .debug_str     0x00000000000caade      0x524 ./Drivers/STM32L4xx_HAL_Driver/Src/stm32l4xx_hal_rcc_ex.o
                                      0xc1458 (size before relaxing)
 .debug_str     0x00000000000cb002      0x52f ./Drivers/STM32L4xx_HAL_Driver/Src/stm32l4xx_hal_spi.o
                                      0xc1416 (size before relaxing)
 .debug_str     0x00000000000cb531      0xd99 ./Drivers/STM32L4xx_HAL_Driver/Src/stm32l4xx_hal_tim.o
                                      0xc1f25 (size before relaxing)
 .debug_str     0x00000000000cc2ca      0x4ae ./Drivers/STM32L4xx_HAL_Driver/Src/stm32l4xx_hal_tim_ex.o
                                      0xc1849 (size before relaxing)

.comment        0x0000000000000000       0x50
 .comment       0x0000000000000000       0x50 ./Core/Src/IMU.o
                                         0x51 (size before relaxing)
 .comment       0x0000000000000050       0x51 ./Core/Src/LoRa.o
 .comment       0x0000000000000050       0x51 ./Core/Src/bmp280.o
 .comment       0x0000000000000050       0x51 ./Core/Src/gpio.o
 .comment       0x0000000000000050       0x51 ./Core/Src/i2c.o
 .comment       0x0000000000000050       0x51 ./Core/Src/main.o
 .comment       0x0000000000000050       0x51 ./Core/Src/servo.o
 .comment       0x0000000000000050       0x51 ./Core/Src/spi.o
 .comment       0x0000000000000050       0x51 ./Core/Src/stm32l4xx_hal_msp.o
 .comment       0x0000000000000050       0x51 ./Core/Src/stm32l4xx_it.o
 .comment       0x0000000000000050       0x51 ./Core/Src/sysinit.o
 .comment       0x0000000000000050       0x51 ./Core/Src/system_stm32l4xx.o
 .comment       0x0000000000000050       0x51 ./Core/Src/tim.o
 .comment       0x0000000000000050       0x51 ./Drivers/STM32L4xx_HAL_Driver/Src/stm32l4xx_hal.o
 .comment       0x0000000000000050       0x51 ./Drivers/STM32L4xx_HAL_Driver/Src/stm32l4xx_hal_cortex.o
 .comment       0x0000000000000050       0x51 ./Drivers/STM32L4xx_HAL_Driver/Src/stm32l4xx_hal_gpio.o
 .comment       0x0000000000000050       0x51 ./Drivers/STM32L4xx_HAL_Driver/Src/stm32l4xx_hal_i2c.o
 .comment       0x0000000000000050       0x51 ./Drivers/STM32L4xx_HAL_Driver/Src/stm32l4xx_hal_i2c_ex.o
 .comment       0x0000000000000050       0x51 ./Drivers/STM32L4xx_HAL_Driver/Src/stm32l4xx_hal_pwr_ex.o
 .comment       0x0000000000000050       0x51 ./Drivers/STM32L4xx_HAL_Driver/Src/stm32l4xx_hal_rcc.o
 .comment       0x0000000000000050       0x51 ./Drivers/STM32L4xx_HAL_Driver/Src/stm32l4xx_hal_rcc_ex.o
 .comment       0x0000000000000050       0x51 ./Drivers/STM32L4xx_HAL_Driver/Src/stm32l4xx_hal_spi.o
 .comment       0x0000000000000050       0x51 ./Drivers/STM32L4xx_HAL_Driver/Src/stm32l4xx_hal_tim.o
 .comment       0x0000000000000050       0x51 ./Drivers/STM32L4xx_HAL_Driver/Src/stm32l4xx_hal_tim_ex.o

.debug_frame    0x0000000000000000     0x54f0
 .debug_frame   0x0000000000000000      0x3cc ./Core/Src/IMU.o
 .debug_frame   0x00000000000003cc      0x5fc ./Core/Src/LoRa.o
 .debug_frame   0x00000000000009c8      0x228 ./Core/Src/bmp280.o
 .debug_frame   0x0000000000000bf0       0x34 ./Core/Src/gpio.o
 .debug_frame   0x0000000000000c24       0x94 ./Core/Src/i2c.o
 .debug_frame   0x0000000000000cb8       0x70 ./Core/Src/main.o
 .debug_frame   0x0000000000000d28      0x120 ./Core/Src/servo.o
 .debug_frame   0x0000000000000e48       0x74 ./Core/Src/spi.o
 .debug_frame   0x0000000000000ebc       0x38 ./Core/Src/stm32l4xx_hal_msp.o
 .debug_frame   0x0000000000000ef4      0x104 ./Core/Src/stm32l4xx_it.o
 .debug_frame   0x0000000000000ff8       0x98 ./Core/Src/sysinit.o
 .debug_frame   0x0000000000001090       0x58 ./Core/Src/system_stm32l4xx.o
 .debug_frame   0x00000000000010e8       0xa8 ./Core/Src/tim.o
 .debug_frame   0x0000000000001190      0x3dc ./Drivers/STM32L4xx_HAL_Driver/Src/stm32l4xx_hal.o
 .debug_frame   0x000000000000156c      0x498 ./Drivers/STM32L4xx_HAL_Driver/Src/stm32l4xx_hal_cortex.o
 .debug_frame   0x0000000000001a04      0x14c ./Drivers/STM32L4xx_HAL_Driver/Src/stm32l4xx_hal_gpio.o
 .debug_frame   0x0000000000001b50      0xc38 ./Drivers/STM32L4xx_HAL_Driver/Src/stm32l4xx_hal_i2c.o
 .debug_frame   0x0000000000002788      0x100 ./Drivers/STM32L4xx_HAL_Driver/Src/stm32l4xx_hal_i2c_ex.o
 .debug_frame   0x0000000000002888      0x4a4 ./Drivers/STM32L4xx_HAL_Driver/Src/stm32l4xx_hal_pwr_ex.o
 .debug_frame   0x0000000000002d2c      0x21c ./Drivers/STM32L4xx_HAL_Driver/Src/stm32l4xx_hal_rcc.o
 .debug_frame   0x0000000000002f48      0x3d0 ./Drivers/STM32L4xx_HAL_Driver/Src/stm32l4xx_hal_rcc_ex.o
 .debug_frame   0x0000000000003318      0x860 ./Drivers/STM32L4xx_HAL_Driver/Src/stm32l4xx_hal_spi.o
 .debug_frame   0x0000000000003b78     0x121c ./Drivers/STM32L4xx_HAL_Driver/Src/stm32l4xx_hal_tim.o
 .debug_frame   0x0000000000004d94      0x6b0 ./Drivers/STM32L4xx_HAL_Driver/Src/stm32l4xx_hal_tim_ex.o
 .debug_frame   0x0000000000005444       0x2c /Applications/STM32CubeIDE.app/Contents/Eclipse/plugins/com.st.stm32cube.ide.mcu.externaltools.gnu-tools-for-stm32.10.3-2021.10.macos64_1.0.0.202111181127/tools/bin/../lib/gcc/arm-none-eabi/10.3.1/../../../../arm-none-eabi/lib/thumb/v7e-m+fp/hard/libc_nano.a(lib_a-init.o)
 .debug_frame   0x0000000000005470       0x20 /Applications/STM32CubeIDE.app/Contents/Eclipse/plugins/com.st.stm32cube.ide.mcu.externaltools.gnu-tools-for-stm32.10.3-2021.10.macos64_1.0.0.202111181127/tools/bin/../lib/gcc/arm-none-eabi/10.3.1/../../../../arm-none-eabi/lib/thumb/v7e-m+fp/hard/libc_nano.a(lib_a-memset.o)
 .debug_frame   0x0000000000005490       0x2c /Applications/STM32CubeIDE.app/Contents/Eclipse/plugins/com.st.stm32cube.ide.mcu.externaltools.gnu-tools-for-stm32.10.3-2021.10.macos64_1.0.0.202111181127/tools/bin/../lib/gcc/arm-none-eabi/10.3.1/thumb/v7e-m+fp/hard/libgcc.a(_aeabi_uldivmod.o)
 .debug_frame   0x00000000000054bc       0x34 /Applications/STM32CubeIDE.app/Contents/Eclipse/plugins/com.st.stm32cube.ide.mcu.externaltools.gnu-tools-for-stm32.10.3-2021.10.macos64_1.0.0.202111181127/tools/bin/../lib/gcc/arm-none-eabi/10.3.1/thumb/v7e-m+fp/hard/libgcc.a(_udivmoddi4.o)
