../Core/Src/IMU.c:54:6:IMUwriteByte	32	static
../Core/Src/IMU.c:59:9:IMUreadByte	40	static
../Core/Src/IMU.c:66:13:readBytes	32	static
../Core/Src/IMU.c:71:9:getMPU9250ID	16	static
../Core/Src/IMU.c:77:9:getAK8963CID	16	static
../Core/Src/IMU.c:92:7:getMres	16	static
../Core/Src/IMU.c:109:7:getGres	16	static
../Core/Src/IMU.c:133:7:getAres	16	static
../Core/Src/IMU.c:161:6:accelWakeOnMotion	16	static
../Core/Src/IMU.c:199:6:gyromagSleep	16	static
../Core/Src/IMU.c:210:6:gyromagWake	24	static
../Core/Src/IMU.c:221:6:resetMPU9250	8	static
../Core/Src/IMU.c:228:6:readMPU9250Data	32	static
../Core/Src/IMU.c:241:6:readAccelData	24	static
../Core/Src/IMU.c:251:6:readGyroData	24	static
../Core/Src/IMU.c:260:9:checkNewMagData	16	static
../Core/Src/IMU.c:272:9:checkNewAccelGyroData	16	static
../Core/Src/IMU.c:279:9:checkWakeOnMotion	16	static
../Core/Src/IMU.c:287:6:MreadMagData	24	static
../Core/Src/IMU.c:304:9:readGyroTempData	16	static
../Core/Src/IMU.c:311:6:initAK8963	24	static
../Core/Src/IMU.c:336:6:MinitAK8963Slave	24	static
../Core/Src/IMU.c:391:6:initMPU9250	24	static
../Core/Src/IMU.c:459:6:magcalMPU9250	80	static
../Core/Src/IMU.c:509:6:calibrateMPU9250	104	static
../Core/Src/IMU.c:656:6:MPU9250SelfTest	136	static
