../Core/Src/IMU.c:36:13:writeByte	32	static
../Core/Src/IMU.c:41:16:readByte	40	static
../Core/Src/IMU.c:48:13:readBytes	32	static
../Core/Src/IMU.c:53:9:getMPU9250ID	16	static
../Core/Src/IMU.c:59:9:getAK8963CID	16	static
../Core/Src/IMU.c:74:7:getMres	16	static
../Core/Src/IMU.c:91:7:getGres	16	static
../Core/Src/IMU.c:115:7:getAres	16	static
../Core/Src/IMU.c:142:6:accelWakeOnMotion	16	static
../Core/Src/IMU.c:180:6:gyromagSleep	16	static
../Core/Src/IMU.c:191:6:gyromagWake	24	static
../Core/Src/IMU.c:202:6:resetMPU9250	8	static
../Core/Src/IMU.c:209:6:readMPU9250Data	32	static
../Core/Src/IMU.c:222:6:readAccelData	24	static
../Core/Src/IMU.c:232:6:readGyroData	24	static
../Core/Src/IMU.c:241:9:checkNewMagData	16	static
../Core/Src/IMU.c:253:9:checkNewAccelGyroData	16	static
../Core/Src/IMU.c:260:9:checkWakeOnMotion	16	static
../Core/Src/IMU.c:268:6:MreadMagData	24	static
../Core/Src/IMU.c:285:9:readGyroTempData	16	static
../Core/Src/IMU.c:292:6:initAK8963	24	static
../Core/Src/IMU.c:317:6:MinitAK8963Slave	24	static
../Core/Src/IMU.c:372:6:initMPU9250	24	static
../Core/Src/IMU.c:437:6:magcalMPU9250	80	static
../Core/Src/IMU.c:487:6:calibrateMPU9250	104	static
../Core/Src/IMU.c:634:6:SelfTest	136	static
