../Core/Src/LoRa.c:91:6:LoRa_Receive_interrupt_Handler	16	static
../Core/Src/LoRa.c:104:6:Set_LoRa_Connecting	16	static
../Core/Src/LoRa.c:108:6:Set_LoRa_Connected	16	static
../Core/Src/LoRa.c:112:6:Set_LoRa_Broadcast_FLight_Info	16	static
../Core/Src/LoRa.c:116:6:Set_LoRa_Disconnected	16	static
../Core/Src/LoRa.c:123:13:LoRa_Connecting_Handler	144	static
../Core/Src/LoRa.c:131:13:LoRa_Connected_Handler	16	static
../Core/Src/LoRa.c:136:13:LoRa_Disconnected_Handler	16	static
../Core/Src/LoRa.c:141:13:LoRa_Broadcast_Flight_Data_Handler	24	static
../Core/Src/LoRa.c:146:13:LoRa_Error_Transmit_Handler	16	static
../Core/Src/LoRa.c:154:6:LoRa_Timer_Interrupt_Handler	16	static
../Core/Src/LoRa.c:172:6:Wait_For_LoRa_Connection	16	static
../Core/Src/LoRa.c:181:16:read_register	32	static
../Core/Src/LoRa.c:204:13:write_register	24	static
../Core/Src/LoRa.c:224:13:write_fifo	40	static
../Core/Src/LoRa.c:246:13:read_fifo	40	static
../Core/Src/LoRa.c:268:13:set_mode	16	static
../Core/Src/LoRa.c:274:13:set_OCP	24	static
../Core/Src/LoRa.c:296:13:set_low_data_rate_optimization	48	static
../Core/Src/LoRa.c:314:6:lora_mode_sleep	16	static
../Core/Src/LoRa.c:321:6:lora_mode_receive_continuous	16	static
../Core/Src/LoRa.c:333:6:lora_mode_receive_single	16	static
../Core/Src/LoRa.c:345:6:lora_mode_standby	16	static
../Core/Src/LoRa.c:352:6:lora_set_implicit_header_mode	24	static
../Core/Src/LoRa.c:361:6:lora_set_explicit_header_mode	24	static
../Core/Src/LoRa.c:370:6:lora_set_tx_power	16	static
../Core/Src/LoRa.c:419:6:lora_set_frequency	32	static
../Core/Src/LoRa.c:431:8:lora_packet_rssi	24	static
../Core/Src/LoRa.c:440:9:lora_packet_snr	24	static
../Core/Src/LoRa.c:449:6:lora_set_signal_bandwidth	32	static
../Core/Src/LoRa.c:463:6:lora_set_spreading_factor	24	static
../Core/Src/LoRa.c:489:6:lora_set_crc	24	static
../Core/Src/LoRa.c:504:6:lora_set_coding_rate	24	static
../Core/Src/LoRa.c:515:6:lora_set_preamble_length	16	static
../Core/Src/LoRa.c:523:9:lora_version	16	static
../Core/Src/LoRa.c:530:9:lora_is_transmitting	24	static
../Core/Src/LoRa.c:539:16:lora_send_packet_base	24	static
../Core/Src/LoRa.c:569:9:lora_send_packet	24	static
../Core/Src/LoRa.c:574:9:lora_send_packet_dma_start	24	static
../Core/Src/LoRa.c:580:7:lora_send_packet_dma_complete	16	static
../Core/Src/LoRa.c:588:9:lora_send_packet_blocking	32	static
../Core/Src/LoRa.c:612:6:lora_set_rx_symbol_timeout	24	static
../Core/Src/LoRa.c:632:9:lora_is_packet_available	24	static
../Core/Src/LoRa.c:642:9:lora_pending_packet_length	24	static
../Core/Src/LoRa.c:658:16:lora_receive_packet_base	32	static
../Core/Src/LoRa.c:705:9:lora_receive_packet	32	static
../Core/Src/LoRa.c:710:9:lora_receive_packet_dma_start	32	static
../Core/Src/LoRa.c:715:6:lora_receive_packet_dma_complete	16	static
../Core/Src/LoRa.c:721:9:lora_receive_packet_blocking	32	static
../Core/Src/LoRa.c:740:6:lora_enable_interrupt_rx_done	16	static
../Core/Src/LoRa.c:748:6:lora_enable_interrupt_tx_done	16	static
../Core/Src/LoRa.c:756:6:lora_clear_interrupt_tx_done	16	static
../Core/Src/LoRa.c:761:6:lora_clear_interrupt_rx_all	16	static
../Core/Src/LoRa.c:766:6:lora_reset	16	static
../Core/Src/LoRa.c:773:9:lora_init	32	static
