../Core/Src/LoRa.c:95:16:read_register	32	static
../Core/Src/LoRa.c:118:13:write_register	24	static
../Core/Src/LoRa.c:138:13:write_fifo	40	static
../Core/Src/LoRa.c:160:13:read_fifo	40	static
../Core/Src/LoRa.c:182:13:set_mode	16	static
../Core/Src/LoRa.c:188:13:set_OCP	24	static
../Core/Src/LoRa.c:210:13:set_low_data_rate_optimization	48	static
../Core/Src/LoRa.c:228:6:lora_mode_sleep	16	static
../Core/Src/LoRa.c:235:6:lora_mode_receive_continuous	16	static
../Core/Src/LoRa.c:247:6:lora_mode_receive_single	16	static
../Core/Src/LoRa.c:259:6:lora_mode_standby	16	static
../Core/Src/LoRa.c:266:6:lora_set_implicit_header_mode	24	static
../Core/Src/LoRa.c:275:6:lora_set_explicit_header_mode	24	static
../Core/Src/LoRa.c:284:6:lora_set_tx_power	16	static
../Core/Src/LoRa.c:333:6:lora_set_frequency	32	static
../Core/Src/LoRa.c:345:8:lora_packet_rssi	24	static
../Core/Src/LoRa.c:354:9:lora_packet_snr	24	static
../Core/Src/LoRa.c:363:6:lora_set_signal_bandwidth	32	static
../Core/Src/LoRa.c:377:6:lora_set_spreading_factor	24	static
../Core/Src/LoRa.c:403:6:lora_set_crc	24	static
../Core/Src/LoRa.c:418:6:lora_set_coding_rate	24	static
../Core/Src/LoRa.c:429:6:lora_set_preamble_length	16	static
../Core/Src/LoRa.c:437:9:lora_version	16	static
../Core/Src/LoRa.c:444:9:lora_is_transmitting	24	static
../Core/Src/LoRa.c:453:16:lora_send_packet_base	24	static
../Core/Src/LoRa.c:483:9:lora_send_packet	24	static
../Core/Src/LoRa.c:488:9:lora_send_packet_dma_start	24	static
../Core/Src/LoRa.c:494:7:lora_send_packet_dma_complete	16	static
../Core/Src/LoRa.c:502:9:lora_send_packet_blocking	32	static
../Core/Src/LoRa.c:526:6:lora_set_rx_symbol_timeout	24	static
../Core/Src/LoRa.c:546:9:lora_is_packet_available	24	static
../Core/Src/LoRa.c:556:9:lora_pending_packet_length	24	static
../Core/Src/LoRa.c:572:16:lora_receive_packet_base	32	static
../Core/Src/LoRa.c:619:9:lora_receive_packet	32	static
../Core/Src/LoRa.c:624:9:lora_receive_packet_dma_start	32	static
../Core/Src/LoRa.c:629:6:lora_receive_packet_dma_complete	16	static
../Core/Src/LoRa.c:635:9:lora_receive_packet_blocking	32	static
../Core/Src/LoRa.c:654:6:lora_enable_interrupt_rx_done	16	static
../Core/Src/LoRa.c:662:6:lora_enable_interrupt_tx_done	16	static
../Core/Src/LoRa.c:670:6:lora_clear_interrupt_tx_done	16	static
../Core/Src/LoRa.c:675:6:lora_clear_interrupt_rx_all	16	static
../Core/Src/LoRa.c:680:6:lora_reset	16	static
../Core/Src/LoRa.c:687:9:lora_init	32	static
