../Core/Src/LoRa.c:91:6:LoRa_Receive_interrupt_Handler	16	static
../Core/Src/LoRa.c:104:6:Set_LoRa_Connecting	16	static
../Core/Src/LoRa.c:108:6:Set_LoRa_Connected	16	static
../Core/Src/LoRa.c:112:6:Set_LoRa_Broadcast_FLight_Info	16	static
../Core/Src/LoRa.c:116:6:Set_LoRa_Disconnected	16	static
../Core/Src/LoRa.c:123:13:LoRa_Connecting_Handler	152	static
../Core/Src/LoRa.c:136:13:LoRa_Connected_Handler	16	static
../Core/Src/LoRa.c:144:13:LoRa_Disconnected_Handler	16	static
../Core/Src/LoRa.c:152:13:LoRa_Broadcast_Flight_Data_Handler	24	static
../Core/Src/LoRa.c:160:13:LoRa_Error_Transmit_Handler	160	static
../Core/Src/LoRa.c:173:6:LoRa_Timer_Interrupt_Handler	16	static
../Core/Src/LoRa.c:196:6:Wait_For_LoRa_Connection	16	static
../Core/Src/LoRa.c:205:16:read_register	32	static
../Core/Src/LoRa.c:228:13:write_register	24	static
../Core/Src/LoRa.c:248:13:write_fifo	40	static
../Core/Src/LoRa.c:270:13:read_fifo	40	static
../Core/Src/LoRa.c:292:13:set_mode	16	static
../Core/Src/LoRa.c:298:13:set_OCP	24	static
../Core/Src/LoRa.c:320:13:set_low_data_rate_optimization	48	static
../Core/Src/LoRa.c:338:6:lora_mode_sleep	16	static
../Core/Src/LoRa.c:345:6:lora_mode_receive_continuous	16	static
../Core/Src/LoRa.c:357:6:lora_mode_receive_single	16	static
../Core/Src/LoRa.c:369:6:lora_mode_standby	16	static
../Core/Src/LoRa.c:376:6:lora_set_implicit_header_mode	24	static
../Core/Src/LoRa.c:385:6:lora_set_explicit_header_mode	24	static
../Core/Src/LoRa.c:394:6:lora_set_tx_power	16	static
../Core/Src/LoRa.c:443:6:lora_set_frequency	32	static
../Core/Src/LoRa.c:455:8:lora_packet_rssi	24	static
../Core/Src/LoRa.c:464:9:lora_packet_snr	24	static
../Core/Src/LoRa.c:473:6:lora_set_signal_bandwidth	32	static
../Core/Src/LoRa.c:487:6:lora_set_spreading_factor	24	static
../Core/Src/LoRa.c:513:6:lora_set_crc	24	static
../Core/Src/LoRa.c:528:6:lora_set_coding_rate	24	static
../Core/Src/LoRa.c:539:6:lora_set_preamble_length	16	static
../Core/Src/LoRa.c:547:9:lora_version	16	static
../Core/Src/LoRa.c:554:9:lora_is_transmitting	24	static
../Core/Src/LoRa.c:563:16:lora_send_packet_base	24	static
../Core/Src/LoRa.c:593:9:lora_send_packet	24	static
../Core/Src/LoRa.c:598:9:lora_send_packet_dma_start	24	static
../Core/Src/LoRa.c:604:7:lora_send_packet_dma_complete	16	static
../Core/Src/LoRa.c:612:9:lora_send_packet_blocking	32	static
../Core/Src/LoRa.c:636:6:lora_set_rx_symbol_timeout	24	static
../Core/Src/LoRa.c:656:9:lora_is_packet_available	24	static
../Core/Src/LoRa.c:666:9:lora_pending_packet_length	24	static
../Core/Src/LoRa.c:682:16:lora_receive_packet_base	32	static
../Core/Src/LoRa.c:729:9:lora_receive_packet	32	static
../Core/Src/LoRa.c:734:9:lora_receive_packet_dma_start	32	static
../Core/Src/LoRa.c:739:6:lora_receive_packet_dma_complete	16	static
../Core/Src/LoRa.c:745:9:lora_receive_packet_blocking	32	static
../Core/Src/LoRa.c:764:6:lora_enable_interrupt_rx_done	16	static
../Core/Src/LoRa.c:772:6:lora_enable_interrupt_tx_done	16	static
../Core/Src/LoRa.c:780:6:lora_clear_interrupt_tx_done	16	static
../Core/Src/LoRa.c:785:6:lora_clear_interrupt_rx_all	16	static
../Core/Src/LoRa.c:790:6:lora_reset	16	static
../Core/Src/LoRa.c:797:9:lora_init	32	static
